Java HotSpot(TM) 64-Bit Server VM (25.161-b12) for bsd-amd64 JRE (1.8.0_161-b12), built on Dec 19 2017 16:22:20 by "java_re" with gcc 4.2.1 (Based on Apple Inc. build 5658) (LLVM build 2336.11.00)
Memory: 4k page, physical 33554432k(1107244k free)

/proc/meminfo:

CommandLine flags: -XX:+AlwaysPreTouch -XX:+CMSClassUnloadingEnabled -XX:+CMSEdenChunksRecordAlways -XX:CMSInitiatingOccupancyFraction=75 -XX:+CMSParallelInitialMarkEnabled -XX:+CMSParallelRemarkEnabled -XX:CMSWaitDuration=10000 -XX:CompileCommandFile=/Users/adejanovski/.ccm/repair_qa/node1/conf/hotspot_compiler -XX:GCLogFileSize=10485760 -XX:+HeapDumpOnOutOfMemoryError -XX:InitialHeapSize=524288000 -XX:InitialTenuringThreshold=1 -XX:+ManagementServer -XX:MaxHeapSize=524288000 -XX:MaxNewSize=52428800 -XX:MaxTenuringThreshold=1 -XX:NewSize=52428800 -XX:NumberOfGCLogFiles=10 -XX:OldPLABSize=16 -XX:OnOutOfMemoryError=kill -9 %p -XX:+PerfDisableSharedMem -XX:+PrintGC -XX:+PrintGCApplicationStoppedTime -XX:+PrintGCDateStamps -XX:+PrintGCDetails -XX:+PrintGCTimeStamps -XX:+PrintHeapAtGC -XX:+PrintPromotionFailure -XX:+PrintTenuringDistribution -XX:+ResizeTLAB -XX:SurvivorRatio=8 -XX:ThreadPriorityPolicy=42 -XX:ThreadStackSize=256 -XX:-UseBiasedLocking -XX:+UseCMSInitiatingOccupancyOnly -XX:+UseCompressedClassPointers -XX:+UseCompressedOops -XX:+UseConcMarkSweepGC -XX:+UseCondCardMark -XX:+UseGCLogFileRotation -XX:+UseNUMA -XX:+UseNUMAInterleaving -XX:+UseParNewGC -XX:+UseTLAB -XX:+UseThreadPriorities 
2021-01-18T07:44:26.098-0100: 0,413: Total time for which application threads were stopped: 0,0000791 seconds, Stopping threads took: 0,0000073 seconds
{Heap before GC invocations=0 (full 0):
 par new generation   total 46080K, used 40960K [0x00000007a0c00000, 0x00000007a3e00000, 0x00000007a3e00000)
  eden space 40960K, 100% used [0x00000007a0c00000, 0x00000007a3400000, 0x00000007a3400000)
  from space 5120K,   0% used [0x00000007a3400000, 0x00000007a3400000, 0x00000007a3900000)
  to   space 5120K,   0% used [0x00000007a3900000, 0x00000007a3900000, 0x00000007a3e00000)
 concurrent mark-sweep generation total 460800K, used 0K [0x00000007a3e00000, 0x00000007c0000000, 0x00000007c0000000)
 Metaspace       used 12374K, capacity 12566K, committed 12800K, reserved 1060864K
  class space    used 1437K, capacity 1505K, committed 1536K, reserved 1048576K
2021-01-18T07:44:26.335-0100: 0,650: [GC (Allocation Failure) 2021-01-18T07:44:26.335-0100: 0,650: [ParNew
Desired survivor size 2621440 bytes, new threshold 1 (max 1)
- age   1:    5184656 bytes,    5184656 total
: 40960K->5120K(46080K), 0,0023163 secs] 40960K->6180K(506880K), 0,0023862 secs] [Times: user=0,01 sys=0,00, real=0,00 secs] 
Heap after GC invocations=1 (full 0):
 par new generation   total 46080K, used 5120K [0x00000007a0c00000, 0x00000007a3e00000, 0x00000007a3e00000)
  eden space 40960K,   0% used [0x00000007a0c00000, 0x00000007a0c00000, 0x00000007a3400000)
  from space 5120K, 100% used [0x00000007a3900000, 0x00000007a3e00000, 0x00000007a3e00000)
  to   space 5120K,   0% used [0x00000007a3400000, 0x00000007a3400000, 0x00000007a3900000)
 concurrent mark-sweep generation total 460800K, used 1060K [0x00000007a3e00000, 0x00000007c0000000, 0x00000007c0000000)
 Metaspace       used 12374K, capacity 12566K, committed 12800K, reserved 1060864K
  class space    used 1437K, capacity 1505K, committed 1536K, reserved 1048576K
}
2021-01-18T07:44:26.338-0100: 0,653: Total time for which application threads were stopped: 0,0025445 seconds, Stopping threads took: 0,0000091 seconds
2021-01-18T07:44:26.355-0100: 0,670: Total time for which application threads were stopped: 0,0000952 seconds, Stopping threads took: 0,0000085 seconds
2021-01-18T07:44:26.378-0100: 0,693: Total time for which application threads were stopped: 0,0000980 seconds, Stopping threads took: 0,0000084 seconds
2021-01-18T07:44:26.424-0100: 0,739: Total time for which application threads were stopped: 0,0001220 seconds, Stopping threads took: 0,0000088 seconds
2021-01-18T07:44:26.427-0100: 0,742: Total time for which application threads were stopped: 0,0000893 seconds, Stopping threads took: 0,0000066 seconds
2021-01-18T07:44:26.427-0100: 0,742: Total time for which application threads were stopped: 0,0000689 seconds, Stopping threads took: 0,0000051 seconds
2021-01-18T07:44:26.433-0100: 0,748: Total time for which application threads were stopped: 0,0001208 seconds, Stopping threads took: 0,0000094 seconds
2021-01-18T07:44:26.788-0100: 1,103: Total time for which application threads were stopped: 0,0001188 seconds, Stopping threads took: 0,0000073 seconds
2021-01-18T07:44:26.789-0100: 1,104: Total time for which application threads were stopped: 0,0000841 seconds, Stopping threads took: 0,0000052 seconds
2021-01-18T07:44:26.794-0100: 1,109: Total time for which application threads were stopped: 0,0000877 seconds, Stopping threads took: 0,0000057 seconds
2021-01-18T07:44:26.846-0100: 1,161: Total time for which application threads were stopped: 0,0001453 seconds, Stopping threads took: 0,0000076 seconds
2021-01-18T07:44:26.924-0100: 1,239: Total time for which application threads were stopped: 0,0001839 seconds, Stopping threads took: 0,0000090 seconds
2021-01-18T07:44:26.936-0100: 1,251: Total time for which application threads were stopped: 0,0001304 seconds, Stopping threads took: 0,0000074 seconds
{Heap before GC invocations=1 (full 0):
 par new generation   total 46080K, used 46080K [0x00000007a0c00000, 0x00000007a3e00000, 0x00000007a3e00000)
  eden space 40960K, 100% used [0x00000007a0c00000, 0x00000007a3400000, 0x00000007a3400000)
  from space 5120K, 100% used [0x00000007a3900000, 0x00000007a3e00000, 0x00000007a3e00000)
  to   space 5120K,   0% used [0x00000007a3400000, 0x00000007a3400000, 0x00000007a3900000)
 concurrent mark-sweep generation total 460800K, used 1060K [0x00000007a3e00000, 0x00000007c0000000, 0x00000007c0000000)
 Metaspace       used 19116K, capacity 19352K, committed 19584K, reserved 1067008K
  class space    used 2258K, capacity 2354K, committed 2432K, reserved 1048576K
2021-01-18T07:44:26.970-0100: 1,285: [GC (Allocation Failure) 2021-01-18T07:44:26.970-0100: 1,285: [ParNew
Desired survivor size 2621440 bytes, new threshold 1 (max 1)
- age   1:    4324520 bytes,    4324520 total
: 46080K->5120K(46080K), 0,0052074 secs] 47140K->10225K(506880K), 0,0052812 secs] [Times: user=0,03 sys=0,00, real=0,00 secs] 
Heap after GC invocations=2 (full 0):
 par new generation   total 46080K, used 5120K [0x00000007a0c00000, 0x00000007a3e00000, 0x00000007a3e00000)
  eden space 40960K,   0% used [0x00000007a0c00000, 0x00000007a0c00000, 0x00000007a3400000)
  from space 5120K, 100% used [0x00000007a3400000, 0x00000007a3900000, 0x00000007a3900000)
  to   space 5120K,   0% used [0x00000007a3900000, 0x00000007a3900000, 0x00000007a3e00000)
 concurrent mark-sweep generation total 460800K, used 5105K [0x00000007a3e00000, 0x00000007c0000000, 0x00000007c0000000)
 Metaspace       used 19116K, capacity 19352K, committed 19584K, reserved 1067008K
  class space    used 2258K, capacity 2354K, committed 2432K, reserved 1048576K
}
2021-01-18T07:44:26.976-0100: 1,291: Total time for which application threads were stopped: 0,0054433 seconds, Stopping threads took: 0,0000095 seconds
2021-01-18T07:44:27.139-0100: 1,454: Total time for which application threads were stopped: 0,0002437 seconds, Stopping threads took: 0,0000107 seconds
2021-01-18T07:44:27.249-0100: 1,564: Total time for which application threads were stopped: 0,0001304 seconds, Stopping threads took: 0,0000074 seconds
2021-01-18T07:44:27.284-0100: 1,599: Total time for which application threads were stopped: 0,0002088 seconds, Stopping threads took: 0,0000161 seconds
2021-01-18T07:44:27.297-0100: 1,612: Total time for which application threads were stopped: 0,0001887 seconds, Stopping threads took: 0,0000087 seconds
2021-01-18T07:44:27.299-0100: 1,614: Total time for which application threads were stopped: 0,0001432 seconds, Stopping threads took: 0,0000068 seconds
2021-01-18T07:44:27.304-0100: 1,619: Total time for which application threads were stopped: 0,0001617 seconds, Stopping threads took: 0,0000082 seconds
2021-01-18T07:44:27.315-0100: 1,630: Total time for which application threads were stopped: 0,0001560 seconds, Stopping threads took: 0,0000095 seconds
2021-01-18T07:44:27.484-0100: 1,799: Total time for which application threads were stopped: 0,0001295 seconds, Stopping threads took: 0,0000099 seconds
2021-01-18T07:44:27.484-0100: 1,799: Total time for which application threads were stopped: 0,0001587 seconds, Stopping threads took: 0,0000192 seconds
2021-01-18T07:44:27.525-0100: 1,840: Total time for which application threads were stopped: 0,0001563 seconds, Stopping threads took: 0,0000104 seconds
2021-01-18T07:44:27.550-0100: 1,865: Total time for which application threads were stopped: 0,0001539 seconds, Stopping threads took: 0,0000101 seconds
2021-01-18T07:44:27.575-0100: 1,890: Total time for which application threads were stopped: 0,0002021 seconds, Stopping threads took: 0,0000105 seconds
2021-01-18T07:44:27.593-0100: 1,908: Total time for which application threads were stopped: 0,0001506 seconds, Stopping threads took: 0,0000107 seconds
2021-01-18T07:44:27.615-0100: 1,930: Total time for which application threads were stopped: 0,0001456 seconds, Stopping threads took: 0,0000112 seconds
2021-01-18T07:44:27.693-0100: 2,008: Total time for which application threads were stopped: 0,0001638 seconds, Stopping threads took: 0,0000093 seconds
2021-01-18T07:44:27.713-0100: 2,028: Total time for which application threads were stopped: 0,0001412 seconds, Stopping threads took: 0,0000091 seconds
2021-01-18T07:44:27.737-0100: 2,052: Total time for which application threads were stopped: 0,0001035 seconds, Stopping threads took: 0,0000101 seconds
2021-01-18T07:44:27.764-0100: 2,079: Total time for which application threads were stopped: 0,0001306 seconds, Stopping threads took: 0,0000114 seconds
2021-01-18T07:44:27.878-0100: 2,193: Total time for which application threads were stopped: 0,0001365 seconds, Stopping threads took: 0,0000098 seconds
2021-01-18T07:44:27.907-0100: 2,222: Total time for which application threads were stopped: 0,0001496 seconds, Stopping threads took: 0,0000130 seconds
2021-01-18T07:44:27.923-0100: 2,238: Total time for which application threads were stopped: 0,0001438 seconds, Stopping threads took: 0,0000104 seconds
{Heap before GC invocations=2 (full 0):
 par new generation   total 46080K, used 46080K [0x00000007a0c00000, 0x00000007a3e00000, 0x00000007a3e00000)
  eden space 40960K, 100% used [0x00000007a0c00000, 0x00000007a3400000, 0x00000007a3400000)
  from space 5120K, 100% used [0x00000007a3400000, 0x00000007a3900000, 0x00000007a3900000)
  to   space 5120K,   0% used [0x00000007a3900000, 0x00000007a3900000, 0x00000007a3e00000)
 concurrent mark-sweep generation total 460800K, used 5105K [0x00000007a3e00000, 0x00000007c0000000, 0x00000007c0000000)
 Metaspace       used 26162K, capacity 26542K, committed 26864K, reserved 1073152K
  class space    used 3033K, capacity 3169K, committed 3188K, reserved 1048576K
2021-01-18T07:44:27.928-0100: 2,243: [GC (Allocation Failure) 2021-01-18T07:44:27.928-0100: 2,243: [ParNew
Desired survivor size 2621440 bytes, new threshold 1 (max 1)
- age   1:    4162256 bytes,    4162256 total
: 46080K->5120K(46080K), 0,0038934 secs] 51185K->14666K(506880K), 0,0039406 secs] [Times: user=0,02 sys=0,00, real=0,01 secs] 
Heap after GC invocations=3 (full 0):
 par new generation   total 46080K, used 5120K [0x00000007a0c00000, 0x00000007a3e00000, 0x00000007a3e00000)
  eden space 40960K,   0% used [0x00000007a0c00000, 0x00000007a0c00000, 0x00000007a3400000)
  from space 5120K, 100% used [0x00000007a3900000, 0x00000007a3e00000, 0x00000007a3e00000)
  to   space 5120K,   0% used [0x00000007a3400000, 0x00000007a3400000, 0x00000007a3900000)
 concurrent mark-sweep generation total 460800K, used 9546K [0x00000007a3e00000, 0x00000007c0000000, 0x00000007c0000000)
 Metaspace       used 26162K, capacity 26542K, committed 26864K, reserved 1073152K
  class space    used 3033K, capacity 3169K, committed 3188K, reserved 1048576K
}
2021-01-18T07:44:27.932-0100: 2,247: Total time for which application threads were stopped: 0,0040778 seconds, Stopping threads took: 0,0000093 seconds
2021-01-18T07:44:27.932-0100: 2,247: [GC (CMS Initial Mark) [1 CMS-initial-mark: 9546K(460800K)] 15431K(506880K), 0,0005420 secs] [Times: user=0,00 sys=0,00, real=0,00 secs] 
2021-01-18T07:44:27.933-0100: 2,248: Total time for which application threads were stopped: 0,0006296 seconds, Stopping threads took: 0,0000277 seconds
2021-01-18T07:44:27.933-0100: 2,248: [CMS-concurrent-mark-start]
2021-01-18T07:44:27.935-0100: 2,250: [CMS-concurrent-mark: 0,003/0,003 secs] [Times: user=0,02 sys=0,00, real=0,00 secs] 
2021-01-18T07:44:27.935-0100: 2,250: [CMS-concurrent-preclean-start]
2021-01-18T07:44:27.936-0100: 2,251: [CMS-concurrent-preclean: 0,001/0,001 secs] [Times: user=0,00 sys=0,00, real=0,00 secs] 
2021-01-18T07:44:27.936-0100: 2,251: [GC (CMS Final Remark) [YG occupancy: 6704 K (46080 K)]2021-01-18T07:44:27.936-0100: 2,251: [Rescan (parallel) , 0,0005379 secs]2021-01-18T07:44:27.937-0100: 2,252: [weak refs processing, 0,0000206 secs]2021-01-18T07:44:27.937-0100: 2,252: [class unloading, 0,0032351 secs]2021-01-18T07:44:27.940-0100: 2,255: [scrub symbol table, 0,0026614 secs]2021-01-18T07:44:27.943-0100: 2,258: [scrub string table, 0,0003843 secs][1 CMS-remark: 9546K(460800K)] 16251K(506880K), 0,0074010 secs] [Times: user=0,01 sys=0,00, real=0,01 secs] 
2021-01-18T07:44:27.944-0100: 2,259: Total time for which application threads were stopped: 0,0075427 seconds, Stopping threads took: 0,0000820 seconds
2021-01-18T07:44:27.944-0100: 2,259: [CMS-concurrent-sweep-start]
2021-01-18T07:44:27.946-0100: 2,261: [CMS-concurrent-sweep: 0,003/0,003 secs] [Times: user=0,00 sys=0,00, real=0,00 secs] 
2021-01-18T07:44:27.946-0100: 2,261: [CMS-concurrent-reset-start]
2021-01-18T07:44:27.947-0100: 2,262: [CMS-concurrent-reset: 0,000/0,000 secs] [Times: user=0,00 sys=0,00, real=0,00 secs] 
2021-01-18T07:44:28.056-0100: 2,371: Total time for which application threads were stopped: 0,0001859 seconds, Stopping threads took: 0,0000087 seconds
2021-01-18T07:44:28.113-0100: 2,428: Total time for which application threads were stopped: 0,0002105 seconds, Stopping threads took: 0,0000119 seconds
{Heap before GC invocations=3 (full 1):
 par new generation   total 46080K, used 46080K [0x00000007a0c00000, 0x00000007a3e00000, 0x00000007a3e00000)
  eden space 40960K, 100% used [0x00000007a0c00000, 0x00000007a3400000, 0x00000007a3400000)
  from space 5120K, 100% used [0x00000007a3900000, 0x00000007a3e00000, 0x00000007a3e00000)
  to   space 5120K,   0% used [0x00000007a3400000, 0x00000007a3400000, 0x00000007a3900000)
 concurrent mark-sweep generation total 460800K, used 6806K [0x00000007a3e00000, 0x00000007c0000000, 0x00000007c0000000)
 Metaspace       used 29216K, capacity 29926K, committed 30040K, reserved 1075200K
  class space    used 3427K, capacity 3641K, committed 3700K, reserved 1048576K
2021-01-18T07:44:28.256-0100: 2,571: [GC (Allocation Failure) 2021-01-18T07:44:28.256-0100: 2,571: [ParNew
Desired survivor size 2621440 bytes, new threshold 1 (max 1)
- age   1:    5243312 bytes,    5243312 total
: 46080K->5120K(46080K), 0,0088877 secs] 52886K->20015K(506880K), 0,0089591 secs] [Times: user=0,08 sys=0,00, real=0,01 secs] 
Heap after GC invocations=4 (full 1):
 par new generation   total 46080K, used 5120K [0x00000007a0c00000, 0x00000007a3e00000, 0x00000007a3e00000)
  eden space 40960K,   0% used [0x00000007a0c00000, 0x00000007a0c00000, 0x00000007a3400000)
  from space 5120K, 100% used [0x00000007a3400000, 0x00000007a3900000, 0x00000007a3900000)
  to   space 5120K,   0% used [0x00000007a3900000, 0x00000007a3900000, 0x00000007a3e00000)
 concurrent mark-sweep generation total 460800K, used 14895K [0x00000007a3e00000, 0x00000007c0000000, 0x00000007c0000000)
 Metaspace       used 29216K, capacity 29926K, committed 30040K, reserved 1075200K
  class space    used 3427K, capacity 3641K, committed 3700K, reserved 1048576K
}
2021-01-18T07:44:28.265-0100: 2,580: Total time for which application threads were stopped: 0,0090954 seconds, Stopping threads took: 0,0000136 seconds
{Heap before GC invocations=4 (full 1):
 par new generation   total 46080K, used 46080K [0x00000007a0c00000, 0x00000007a3e00000, 0x00000007a3e00000)
  eden space 40960K, 100% used [0x00000007a0c00000, 0x00000007a3400000, 0x00000007a3400000)
  from space 5120K, 100% used [0x00000007a3400000, 0x00000007a3900000, 0x00000007a3900000)
  to   space 5120K,   0% used [0x00000007a3900000, 0x00000007a3900000, 0x00000007a3e00000)
 concurrent mark-sweep generation total 460800K, used 14895K [0x00000007a3e00000, 0x00000007c0000000, 0x00000007c0000000)
 Metaspace       used 29216K, capacity 29926K, committed 30040K, reserved 1075200K
  class space    used 3427K, capacity 3641K, committed 3700K, reserved 1048576K
2021-01-18T07:44:28.352-0100: 2,667: [GC (Allocation Failure) 2021-01-18T07:44:28.352-0100: 2,667: [ParNew
Desired survivor size 2621440 bytes, new threshold 1 (max 1)
- age   1:    1048688 bytes,    1048688 total
: 46080K->2277K(46080K), 0,0061768 secs] 60975K->22625K(506880K), 0,0062608 secs] [Times: user=0,05 sys=0,00, real=0,00 secs] 
Heap after GC invocations=5 (full 1):
 par new generation   total 46080K, used 2277K [0x00000007a0c00000, 0x00000007a3e00000, 0x00000007a3e00000)
  eden space 40960K,   0% used [0x00000007a0c00000, 0x00000007a0c00000, 0x00000007a3400000)
  from space 5120K,  44% used [0x00000007a3900000, 0x00000007a3b39708, 0x00000007a3e00000)
  to   space 5120K,   0% used [0x00000007a3400000, 0x00000007a3400000, 0x00000007a3900000)
 concurrent mark-sweep generation total 460800K, used 20347K [0x00000007a3e00000, 0x00000007c0000000, 0x00000007c0000000)
 Metaspace       used 29216K, capacity 29926K, committed 30040K, reserved 1075200K
  class space    used 3427K, capacity 3641K, committed 3700K, reserved 1048576K
}
2021-01-18T07:44:28.358-0100: 2,673: Total time for which application threads were stopped: 0,0063742 seconds, Stopping threads took: 0,0000133 seconds
{Heap before GC invocations=5 (full 1):
 par new generation   total 46080K, used 43237K [0x00000007a0c00000, 0x00000007a3e00000, 0x00000007a3e00000)
  eden space 40960K, 100% used [0x00000007a0c00000, 0x00000007a3400000, 0x00000007a3400000)
  from space 5120K,  44% used [0x00000007a3900000, 0x00000007a3b39708, 0x00000007a3e00000)
  to   space 5120K,   0% used [0x00000007a3400000, 0x00000007a3400000, 0x00000007a3900000)
 concurrent mark-sweep generation total 460800K, used 20347K [0x00000007a3e00000, 0x00000007c0000000, 0x00000007c0000000)
 Metaspace       used 29217K, capacity 29926K, committed 30040K, reserved 1075200K
  class space    used 3427K, capacity 3641K, committed 3700K, reserved 1048576K
2021-01-18T07:44:28.390-0100: 2,705: [GC (Allocation Failure) 2021-01-18T07:44:28.390-0100: 2,705: [ParNew
Desired survivor size 2621440 bytes, new threshold 1 (max 1)
- age   1:    2097200 bytes,    2097200 total
: 43237K->2152K(46080K), 0,0035003 secs] 63585K->22500K(506880K), 0,0035550 secs] [Times: user=0,03 sys=0,00, real=0,00 secs] 
Heap after GC invocations=6 (full 1):
 par new generation   total 46080K, used 2152K [0x00000007a0c00000, 0x00000007a3e00000, 0x00000007a3e00000)
  eden space 40960K,   0% used [0x00000007a0c00000, 0x00000007a0c00000, 0x00000007a3400000)
  from space 5120K,  42% used [0x00000007a3400000, 0x00000007a361a1f8, 0x00000007a3900000)
  to   space 5120K,   0% used [0x00000007a3900000, 0x00000007a3900000, 0x00000007a3e00000)
 concurrent mark-sweep generation total 460800K, used 20347K [0x00000007a3e00000, 0x00000007c0000000, 0x00000007c0000000)
 Metaspace       used 29217K, capacity 29926K, committed 30040K, reserved 1075200K
  class space    used 3427K, capacity 3641K, committed 3700K, reserved 1048576K
}
2021-01-18T07:44:28.393-0100: 2,708: Total time for which application threads were stopped: 0,0036562 seconds, Stopping threads took: 0,0000121 seconds
{Heap before GC invocations=6 (full 1):
 par new generation   total 46080K, used 43112K [0x00000007a0c00000, 0x00000007a3e00000, 0x00000007a3e00000)
  eden space 40960K, 100% used [0x00000007a0c00000, 0x00000007a3400000, 0x00000007a3400000)
  from space 5120K,  42% used [0x00000007a3400000, 0x00000007a361a1f8, 0x00000007a3900000)
  to   space 5120K,   0% used [0x00000007a3900000, 0x00000007a3900000, 0x00000007a3e00000)
 concurrent mark-sweep generation total 460800K, used 20347K [0x00000007a3e00000, 0x00000007c0000000, 0x00000007c0000000)
 Metaspace       used 29217K, capacity 29926K, committed 30040K, reserved 1075200K
  class space    used 3427K, capacity 3641K, committed 3700K, reserved 1048576K
2021-01-18T07:44:28.427-0100: 2,742: [GC (Allocation Failure) 2021-01-18T07:44:28.428-0100: 2,743: [ParNew
Desired survivor size 2621440 bytes, new threshold 1 (max 1)
- age   1:    4194664 bytes,    4194664 total
: 43112K->4122K(46080K), 0,0072320 secs] 63460K->24469K(506880K), 0,0073130 secs] [Times: user=0,07 sys=0,00, real=0,01 secs] 
Heap after GC invocations=7 (full 1):
 par new generation   total 46080K, used 4122K [0x00000007a0c00000, 0x00000007a3e00000, 0x00000007a3e00000)
  eden space 40960K,   0% used [0x00000007a0c00000, 0x00000007a0c00000, 0x00000007a3400000)
  from space 5120K,  80% used [0x00000007a3900000, 0x00000007a3d06888, 0x00000007a3e00000)
  to   space 5120K,   0% used [0x00000007a3400000, 0x00000007a3400000, 0x00000007a3900000)
 concurrent mark-sweep generation total 460800K, used 20347K [0x00000007a3e00000, 0x00000007c0000000, 0x00000007c0000000)
 Metaspace       used 29217K, capacity 29926K, committed 30040K, reserved 1075200K
  class space    used 3427K, capacity 3641K, committed 3700K, reserved 1048576K
}
2021-01-18T07:44:28.435-0100: 2,750: Total time for which application threads were stopped: 0,0074248 seconds, Stopping threads took: 0,0000138 seconds
{Heap before GC invocations=7 (full 1):
 par new generation   total 46080K, used 45082K [0x00000007a0c00000, 0x00000007a3e00000, 0x00000007a3e00000)
  eden space 40960K, 100% used [0x00000007a0c00000, 0x00000007a3400000, 0x00000007a3400000)
  from space 5120K,  80% used [0x00000007a3900000, 0x00000007a3d06888, 0x00000007a3e00000)
  to   space 5120K,   0% used [0x00000007a3400000, 0x00000007a3400000, 0x00000007a3900000)
 concurrent mark-sweep generation total 460800K, used 20347K [0x00000007a3e00000, 0x00000007c0000000, 0x00000007c0000000)
 Metaspace       used 29217K, capacity 29926K, committed 30040K, reserved 1075200K
  class space    used 3427K, capacity 3641K, committed 3700K, reserved 1048576K
2021-01-18T07:44:28.466-0100: 2,781: [GC (Allocation Failure) 2021-01-18T07:44:28.466-0100: 2,781: [ParNew
Desired survivor size 2621440 bytes, new threshold 1 (max 1)
- age   1:        160 bytes,        160 total
: 45082K->26K(46080K), 0,0064168 secs] 65429K->24469K(506880K), 0,0064702 secs] [Times: user=0,06 sys=0,00, real=0,01 secs] 
Heap after GC invocations=8 (full 1):
 par new generation   total 46080K, used 26K [0x00000007a0c00000, 0x00000007a3e00000, 0x00000007a3e00000)
  eden space 40960K,   0% used [0x00000007a0c00000, 0x00000007a0c00000, 0x00000007a3400000)
  from space 5120K,   0% used [0x00000007a3400000, 0x00000007a3406880, 0x00000007a3900000)
  to   space 5120K,   0% used [0x00000007a3900000, 0x00000007a3900000, 0x00000007a3e00000)
 concurrent mark-sweep generation total 460800K, used 24443K [0x00000007a3e00000, 0x00000007c0000000, 0x00000007c0000000)
 Metaspace       used 29217K, capacity 29926K, committed 30040K, reserved 1075200K
  class space    used 3427K, capacity 3641K, committed 3700K, reserved 1048576K
}
2021-01-18T07:44:28.472-0100: 2,787: Total time for which application threads were stopped: 0,0065695 seconds, Stopping threads took: 0,0000128 seconds
{Heap before GC invocations=8 (full 1):
 par new generation   total 46080K, used 40986K [0x00000007a0c00000, 0x00000007a3e00000, 0x00000007a3e00000)
  eden space 40960K, 100% used [0x00000007a0c00000, 0x00000007a3400000, 0x00000007a3400000)
  from space 5120K,   0% used [0x00000007a3400000, 0x00000007a3406880, 0x00000007a3900000)
  to   space 5120K,   0% used [0x00000007a3900000, 0x00000007a3900000, 0x00000007a3e00000)
 concurrent mark-sweep generation total 460800K, used 24443K [0x00000007a3e00000, 0x00000007c0000000, 0x00000007c0000000)
 Metaspace       used 29227K, capacity 29926K, committed 30040K, reserved 1075200K
  class space    used 3427K, capacity 3641K, committed 3700K, reserved 1048576K
2021-01-18T07:44:28.503-0100: 2,818: [GC (Allocation Failure) 2021-01-18T07:44:28.503-0100: 2,818: [ParNew
Desired survivor size 2621440 bytes, new threshold 1 (max 1)
- age   1:         88 bytes,         88 total
: 40986K->4K(46080K), 0,0012873 secs] 65429K->24447K(506880K), 0,0013526 secs] [Times: user=0,01 sys=0,00, real=0,00 secs] 
Heap after GC invocations=9 (full 1):
 par new generation   total 46080K, used 4K [0x00000007a0c00000, 0x00000007a3e00000, 0x00000007a3e00000)
  eden space 40960K,   0% used [0x00000007a0c00000, 0x00000007a0c00000, 0x00000007a3400000)
  from space 5120K,   0% used [0x00000007a3900000, 0x00000007a3901020, 0x00000007a3e00000)
  to   space 5120K,   0% used [0x00000007a3400000, 0x00000007a3400000, 0x00000007a3900000)
 concurrent mark-sweep generation total 460800K, used 24443K [0x00000007a3e00000, 0x00000007c0000000, 0x00000007c0000000)
 Metaspace       used 29227K, capacity 29926K, committed 30040K, reserved 1075200K
  class space    used 3427K, capacity 3641K, committed 3700K, reserved 1048576K
}
2021-01-18T07:44:28.504-0100: 2,819: Total time for which application threads were stopped: 0,0015075 seconds, Stopping threads took: 0,0000112 seconds
2021-01-18T07:44:28.526-0100: 2,841: Total time for which application threads were stopped: 0,0002419 seconds, Stopping threads took: 0,0000121 seconds
{Heap before GC invocations=9 (full 1):
 par new generation   total 46080K, used 40964K [0x00000007a0c00000, 0x00000007a3e00000, 0x00000007a3e00000)
  eden space 40960K, 100% used [0x00000007a0c00000, 0x00000007a3400000, 0x00000007a3400000)
  from space 5120K,   0% used [0x00000007a3900000, 0x00000007a3901020, 0x00000007a3e00000)
  to   space 5120K,   0% used [0x00000007a3400000, 0x00000007a3400000, 0x00000007a3900000)
 concurrent mark-sweep generation total 460800K, used 24443K [0x00000007a3e00000, 0x00000007c0000000, 0x00000007c0000000)
 Metaspace       used 31050K, capacity 31786K, committed 32088K, reserved 1077248K
  class space    used 3653K, capacity 3843K, committed 3956K, reserved 1048576K
2021-01-18T07:44:28.704-0100: 3,019: [GC (Allocation Failure) 2021-01-18T07:44:28.704-0100: 3,019: [ParNew
Desired survivor size 2621440 bytes, new threshold 1 (max 1)
- age   1:    3176720 bytes,    3176720 total
: 40964K->3137K(46080K), 0,0154426 secs] 65407K->35773K(506880K), 0,0155166 secs] [Times: user=0,16 sys=0,01, real=0,01 secs] 
Heap after GC invocations=10 (full 1):
 par new generation   total 46080K, used 3137K [0x00000007a0c00000, 0x00000007a3e00000, 0x00000007a3e00000)
  eden space 40960K,   0% used [0x00000007a0c00000, 0x00000007a0c00000, 0x00000007a3400000)
  from space 5120K,  61% used [0x00000007a3400000, 0x00000007a37107a8, 0x00000007a3900000)
  to   space 5120K,   0% used [0x00000007a3900000, 0x00000007a3900000, 0x00000007a3e00000)
 concurrent mark-sweep generation total 460800K, used 32635K [0x00000007a3e00000, 0x00000007c0000000, 0x00000007c0000000)
 Metaspace       used 31050K, capacity 31786K, committed 32088K, reserved 1077248K
  class space    used 3653K, capacity 3843K, committed 3956K, reserved 1048576K
}
2021-01-18T07:44:28.719-0100: 3,034: Total time for which application threads were stopped: 0,0156922 seconds, Stopping threads took: 0,0000156 seconds
2021-01-18T07:44:28.912-0100: 3,227: Total time for which application threads were stopped: 0,0002988 seconds, Stopping threads took: 0,0000129 seconds
{Heap before GC invocations=10 (full 1):
 par new generation   total 46080K, used 44097K [0x00000007a0c00000, 0x00000007a3e00000, 0x00000007a3e00000)
  eden space 40960K, 100% used [0x00000007a0c00000, 0x00000007a3400000, 0x00000007a3400000)
  from space 5120K,  61% used [0x00000007a3400000, 0x00000007a37107a8, 0x00000007a3900000)
  to   space 5120K,   0% used [0x00000007a3900000, 0x00000007a3900000, 0x00000007a3e00000)
 concurrent mark-sweep generation total 460800K, used 32635K [0x00000007a3e00000, 0x00000007c0000000, 0x00000007c0000000)
 Metaspace       used 34611K, capacity 35458K, committed 35544K, reserved 1079296K
  class space    used 4818K, capacity 5023K, committed 5108K, reserved 1048576K
2021-01-18T07:44:29.082-0100: 3,397: [GC (Allocation Failure) 2021-01-18T07:44:29.082-0100: 3,397: [ParNew
Desired survivor size 2621440 bytes, new threshold 1 (max 1)
- age   1:    4804768 bytes,    4804768 total
: 44097K->5119K(46080K), 0,0032397 secs] 76733K->40067K(506880K), 0,0033255 secs] [Times: user=0,03 sys=0,00, real=0,00 secs] 
Heap after GC invocations=11 (full 1):
 par new generation   total 46080K, used 5119K [0x00000007a0c00000, 0x00000007a3e00000, 0x00000007a3e00000)
  eden space 40960K,   0% used [0x00000007a0c00000, 0x00000007a0c00000, 0x00000007a3400000)
  from space 5120K,  99% used [0x00000007a3900000, 0x00000007a3dffff0, 0x00000007a3e00000)
  to   space 5120K,   0% used [0x00000007a3400000, 0x00000007a3400000, 0x00000007a3900000)
 concurrent mark-sweep generation total 460800K, used 34947K [0x00000007a3e00000, 0x00000007c0000000, 0x00000007c0000000)
 Metaspace       used 34611K, capacity 35458K, committed 35544K, reserved 1079296K
  class space    used 4818K, capacity 5023K, committed 5108K, reserved 1048576K
}
2021-01-18T07:44:29.086-0100: 3,401: Total time for which application threads were stopped: 0,0035543 seconds, Stopping threads took: 0,0000682 seconds
2021-01-18T07:44:29.199-0100: 3,514: Total time for which application threads were stopped: 0,0003311 seconds, Stopping threads took: 0,0000135 seconds
{Heap before GC invocations=11 (full 1):
 par new generation   total 46080K, used 46079K [0x00000007a0c00000, 0x00000007a3e00000, 0x00000007a3e00000)
  eden space 40960K, 100% used [0x00000007a0c00000, 0x00000007a3400000, 0x00000007a3400000)
  from space 5120K,  99% used [0x00000007a3900000, 0x00000007a3dffff0, 0x00000007a3e00000)
  to   space 5120K,   0% used [0x00000007a3400000, 0x00000007a3400000, 0x00000007a3900000)
 concurrent mark-sweep generation total 460800K, used 34947K [0x00000007a3e00000, 0x00000007c0000000, 0x00000007c0000000)
 Metaspace       used 36603K, capacity 37504K, committed 37592K, reserved 1081344K
  class space    used 5099K, capacity 5322K, committed 5364K, reserved 1048576K
2021-01-18T07:44:29.346-0100: 3,661: [GC (Allocation Failure) 2021-01-18T07:44:29.346-0100: 3,661: [ParNew
Desired survivor size 2621440 bytes, new threshold 1 (max 1)
- age   1:    4322312 bytes,    4322312 total
: 46079K->5120K(46080K), 0,0039400 secs] 81027K->44339K(506880K), 0,0040125 secs] [Times: user=0,03 sys=0,00, real=0,01 secs] 
Heap after GC invocations=12 (full 1):
 par new generation   total 46080K, used 5120K [0x00000007a0c00000, 0x00000007a3e00000, 0x00000007a3e00000)
  eden space 40960K,   0% used [0x00000007a0c00000, 0x00000007a0c00000, 0x00000007a3400000)
  from space 5120K, 100% used [0x00000007a3400000, 0x00000007a3900000, 0x00000007a3900000)
  to   space 5120K,   0% used [0x00000007a3900000, 0x00000007a3900000, 0x00000007a3e00000)
 concurrent mark-sweep generation total 460800K, used 39219K [0x00000007a3e00000, 0x00000007c0000000, 0x00000007c0000000)
 Metaspace       used 36603K, capacity 37504K, committed 37592K, reserved 1081344K
  class space    used 5099K, capacity 5322K, committed 5364K, reserved 1048576K
}
2021-01-18T07:44:29.350-0100: 3,665: Total time for which application threads were stopped: 0,0042050 seconds, Stopping threads took: 0,0000412 seconds
2021-01-18T07:44:29.569-0100: 3,884: Total time for which application threads were stopped: 0,0001473 seconds, Stopping threads took: 0,0000203 seconds
{Heap before GC invocations=12 (full 1):
 par new generation   total 46080K, used 46080K [0x00000007a0c00000, 0x00000007a3e00000, 0x00000007a3e00000)
  eden space 40960K, 100% used [0x00000007a0c00000, 0x00000007a3400000, 0x00000007a3400000)
  from space 5120K, 100% used [0x00000007a3400000, 0x00000007a3900000, 0x00000007a3900000)
  to   space 5120K,   0% used [0x00000007a3900000, 0x00000007a3900000, 0x00000007a3e00000)
 concurrent mark-sweep generation total 460800K, used 39219K [0x00000007a3e00000, 0x00000007c0000000, 0x00000007c0000000)
 Metaspace       used 37939K, capacity 38950K, committed 39000K, reserved 1083392K
  class space    used 5249K, capacity 5487K, committed 5492K, reserved 1048576K
2021-01-18T07:44:29.640-0100: 3,955: [GC (Allocation Failure) 2021-01-18T07:44:29.640-0100: 3,955: [ParNew
Desired survivor size 2621440 bytes, new threshold 1 (max 1)
- age   1:    3940704 bytes,    3940704 total
: 46080K->5120K(46080K), 0,0037925 secs] 85299K->50267K(506880K), 0,0038721 secs] [Times: user=0,04 sys=0,00, real=0,00 secs] 
Heap after GC invocations=13 (full 1):
 par new generation   total 46080K, used 5120K [0x00000007a0c00000, 0x00000007a3e00000, 0x00000007a3e00000)
  eden space 40960K,   0% used [0x00000007a0c00000, 0x00000007a0c00000, 0x00000007a3400000)
  from space 5120K, 100% used [0x00000007a3900000, 0x00000007a3e00000, 0x00000007a3e00000)
  to   space 5120K,   0% used [0x00000007a3400000, 0x00000007a3400000, 0x00000007a3900000)
 concurrent mark-sweep generation total 460800K, used 45147K [0x00000007a3e00000, 0x00000007c0000000, 0x00000007c0000000)
 Metaspace       used 37939K, capacity 38950K, committed 39000K, reserved 1083392K
  class space    used 5249K, capacity 5487K, committed 5492K, reserved 1048576K
}
2021-01-18T07:44:29.644-0100: 3,959: Total time for which application threads were stopped: 0,0040584 seconds, Stopping threads took: 0,0000149 seconds
2021-01-18T07:44:29.751-0100: 4,066: Total time for which application threads were stopped: 0,0006249 seconds, Stopping threads took: 0,0002212 seconds
{Heap before GC invocations=13 (full 1):
 par new generation   total 46080K, used 46080K [0x00000007a0c00000, 0x00000007a3e00000, 0x00000007a3e00000)
  eden space 40960K, 100% used [0x00000007a0c00000, 0x00000007a3400000, 0x00000007a3400000)
  from space 5120K, 100% used [0x00000007a3900000, 0x00000007a3e00000, 0x00000007a3e00000)
  to   space 5120K,   0% used [0x00000007a3400000, 0x00000007a3400000, 0x00000007a3900000)
 concurrent mark-sweep generation total 460800K, used 45147K [0x00000007a3e00000, 0x00000007c0000000, 0x00000007c0000000)
 Metaspace       used 38244K, capacity 39284K, committed 39384K, reserved 1083392K
  class space    used 5292K, capacity 5556K, committed 5620K, reserved 1048576K
2021-01-18T07:44:29.756-0100: 4,071: [GC (Allocation Failure) 2021-01-18T07:44:29.757-0100: 4,072: [ParNew
Desired survivor size 2621440 bytes, new threshold 1 (max 1)
- age   1:    4773400 bytes,    4773400 total
: 46080K->5120K(46080K), 0,0042294 secs] 91227K->55442K(506880K), 0,0042948 secs] [Times: user=0,04 sys=0,00, real=0,01 secs] 
Heap after GC invocations=14 (full 1):
 par new generation   total 46080K, used 5120K [0x00000007a0c00000, 0x00000007a3e00000, 0x00000007a3e00000)
  eden space 40960K,   0% used [0x00000007a0c00000, 0x00000007a0c00000, 0x00000007a3400000)
  from space 5120K, 100% used [0x00000007a3400000, 0x00000007a3900000, 0x00000007a3900000)
  to   space 5120K,   0% used [0x00000007a3900000, 0x00000007a3900000, 0x00000007a3e00000)
 concurrent mark-sweep generation total 460800K, used 50322K [0x00000007a3e00000, 0x00000007c0000000, 0x00000007c0000000)
 Metaspace       used 38244K, capacity 39284K, committed 39384K, reserved 1083392K
  class space    used 5292K, capacity 5556K, committed 5620K, reserved 1048576K
}
2021-01-18T07:44:29.761-0100: 4,076: Total time for which application threads were stopped: 0,0044143 seconds, Stopping threads took: 0,0000129 seconds
2021-01-18T07:44:29.837-0100: 4,152: Total time for which application threads were stopped: 0,0001693 seconds, Stopping threads took: 0,0000147 seconds
2021-01-18T07:44:29.935-0100: 4,250: Total time for which application threads were stopped: 0,0004923 seconds, Stopping threads took: 0,0000254 seconds
2021-01-18T07:44:29.971-0100: 4,286: Total time for which application threads were stopped: 0,0003790 seconds, Stopping threads took: 0,0000126 seconds
2021-01-18T07:44:30.042-0100: 4,357: Total time for which application threads were stopped: 0,0003989 seconds, Stopping threads took: 0,0000136 seconds
{Heap before GC invocations=14 (full 1):
 par new generation   total 46080K, used 46080K [0x00000007a0c00000, 0x00000007a3e00000, 0x00000007a3e00000)
  eden space 40960K, 100% used [0x00000007a0c00000, 0x00000007a3400000, 0x00000007a3400000)
  from space 5120K, 100% used [0x00000007a3400000, 0x00000007a3900000, 0x00000007a3900000)
  to   space 5120K,   0% used [0x00000007a3900000, 0x00000007a3900000, 0x00000007a3e00000)
 concurrent mark-sweep generation total 460800K, used 50322K [0x00000007a3e00000, 0x00000007c0000000, 0x00000007c0000000)
 Metaspace       used 40923K, capacity 42292K, committed 42584K, reserved 1085440K
  class space    used 5601K, capacity 5936K, committed 6004K, reserved 1048576K
2021-01-18T07:44:30.073-0100: 4,388: [GC (Allocation Failure) 2021-01-18T07:44:30.073-0100: 4,388: [ParNew
Desired survivor size 2621440 bytes, new threshold 1 (max 1)
- age   1:    2003152 bytes,    2003152 total
: 46080K->5119K(46080K), 0,0042854 secs] 96402K->73043K(506880K), 0,0043727 secs] [Times: user=0,03 sys=0,00, real=0,00 secs] 
Heap after GC invocations=15 (full 1):
 par new generation   total 46080K, used 5119K [0x00000007a0c00000, 0x00000007a3e00000, 0x00000007a3e00000)
  eden space 40960K,   0% used [0x00000007a0c00000, 0x00000007a0c00000, 0x00000007a3400000)
  from space 5120K,  99% used [0x00000007a3900000, 0x00000007a3dffff8, 0x00000007a3e00000)
  to   space 5120K,   0% used [0x00000007a3400000, 0x00000007a3400000, 0x00000007a3900000)
 concurrent mark-sweep generation total 460800K, used 67923K [0x00000007a3e00000, 0x00000007c0000000, 0x00000007c0000000)
 Metaspace       used 40923K, capacity 42292K, committed 42584K, reserved 1085440K
  class space    used 5601K, capacity 5936K, committed 6004K, reserved 1048576K
}
2021-01-18T07:44:30.077-0100: 4,392: Total time for which application threads were stopped: 0,0045163 seconds, Stopping threads took: 0,0000123 seconds
2021-01-18T07:44:30.136-0100: 4,451: Total time for which application threads were stopped: 0,0003989 seconds, Stopping threads took: 0,0000151 seconds
2021-01-18T07:44:30.178-0100: 4,493: Total time for which application threads were stopped: 0,0004625 seconds, Stopping threads took: 0,0000146 seconds
2021-01-18T07:44:30.223-0100: 4,538: Total time for which application threads were stopped: 0,0003718 seconds, Stopping threads took: 0,0000127 seconds
2021-01-18T07:44:30.722-0100: 5,037: Total time for which application threads were stopped: 0,0002394 seconds, Stopping threads took: 0,0000152 seconds
2021-01-18T07:44:30.756-0100: 5,071: Total time for which application threads were stopped: 0,0002035 seconds, Stopping threads took: 0,0000160 seconds
2021-01-18T07:44:31.757-0100: 6,072: Total time for which application threads were stopped: 0,0000911 seconds, Stopping threads took: 0,0000198 seconds
2021-01-18T07:44:32.757-0100: 7,072: Total time for which application threads were stopped: 0,0000976 seconds, Stopping threads took: 0,0000205 seconds
2021-01-18T07:44:33.759-0100: 8,074: Total time for which application threads were stopped: 0,0001792 seconds, Stopping threads took: 0,0000419 seconds
2021-01-18T07:44:34.760-0100: 9,075: Total time for which application threads were stopped: 0,0001742 seconds, Stopping threads took: 0,0000389 seconds
2021-01-18T07:44:35.262-0100: 9,577: Total time for which application threads were stopped: 0,0004478 seconds, Stopping threads took: 0,0000169 seconds
2021-01-18T07:44:35.265-0100: 9,580: Total time for which application threads were stopped: 0,0004258 seconds, Stopping threads took: 0,0000101 seconds
2021-01-18T07:44:35.270-0100: 9,585: Total time for which application threads were stopped: 0,0002134 seconds, Stopping threads took: 0,0000093 seconds
2021-01-18T07:44:35.288-0100: 9,603: Total time for which application threads were stopped: 0,0002501 seconds, Stopping threads took: 0,0000169 seconds
2021-01-18T07:44:35.317-0100: 9,632: Total time for which application threads were stopped: 0,0002079 seconds, Stopping threads took: 0,0000186 seconds
2021-01-18T07:44:36.318-0100: 10,633: Total time for which application threads were stopped: 0,0001930 seconds, Stopping threads took: 0,0000544 seconds
2021-01-18T07:44:36.357-0100: 10,672: Total time for which application threads were stopped: 0,0003146 seconds, Stopping threads took: 0,0000487 seconds
{Heap before GC invocations=15 (full 1):
 par new generation   total 46080K, used 46079K [0x00000007a0c00000, 0x00000007a3e00000, 0x00000007a3e00000)
  eden space 40960K, 100% used [0x00000007a0c00000, 0x00000007a3400000, 0x00000007a3400000)
  from space 5120K,  99% used [0x00000007a3900000, 0x00000007a3dffff8, 0x00000007a3e00000)
  to   space 5120K,   0% used [0x00000007a3400000, 0x00000007a3400000, 0x00000007a3900000)
 concurrent mark-sweep generation total 460800K, used 67923K [0x00000007a3e00000, 0x00000007c0000000, 0x00000007c0000000)
 Metaspace       used 44595K, capacity 46599K, committed 46768K, reserved 1089536K
  class space    used 6179K, capacity 6664K, committed 6708K, reserved 1048576K
2021-01-18T07:44:36.367-0100: 10,682: [GC (Allocation Failure) 2021-01-18T07:44:36.367-0100: 10,682: [ParNew
Desired survivor size 2621440 bytes, new threshold 1 (max 1)
- age   1:    4568336 bytes,    4568336 total
: 46079K->5120K(46080K), 0,0043597 secs] 114003K->76495K(506880K), 0,0044542 secs] [Times: user=0,04 sys=0,00, real=0,01 secs] 
Heap after GC invocations=16 (full 1):
 par new generation   total 46080K, used 5120K [0x00000007a0c00000, 0x00000007a3e00000, 0x00000007a3e00000)
  eden space 40960K,   0% used [0x00000007a0c00000, 0x00000007a0c00000, 0x00000007a3400000)
  from space 5120K, 100% used [0x00000007a3400000, 0x00000007a3900000, 0x00000007a3900000)
  to   space 5120K,   0% used [0x00000007a3900000, 0x00000007a3900000, 0x00000007a3e00000)
 concurrent mark-sweep generation total 460800K, used 71375K [0x00000007a3e00000, 0x00000007c0000000, 0x00000007c0000000)
 Metaspace       used 44595K, capacity 46599K, committed 46768K, reserved 1089536K
  class space    used 6179K, capacity 6664K, committed 6708K, reserved 1048576K
}
2021-01-18T07:44:36.371-0100: 10,686: Total time for which application threads were stopped: 0,0046892 seconds, Stopping threads took: 0,0000559 seconds
2021-01-18T07:44:36.372-0100: 10,687: [GC (CMS Initial Mark) [1 CMS-initial-mark: 71375K(460800K)] 76905K(506880K), 0,0007726 secs] [Times: user=0,01 sys=0,00, real=0,00 secs] 
2021-01-18T07:44:36.372-0100: 10,687: Total time for which application threads were stopped: 0,0009319 seconds, Stopping threads took: 0,0000487 seconds
2021-01-18T07:44:36.372-0100: 10,687: [CMS-concurrent-mark-start]
2021-01-18T07:44:36.386-0100: 10,701: Total time for which application threads were stopped: 0,0003089 seconds, Stopping threads took: 0,0000596 seconds
2021-01-18T07:44:36.389-0100: 10,704: [CMS-concurrent-mark: 0,015/0,017 secs] [Times: user=0,14 sys=0,01, real=0,01 secs] 
2021-01-18T07:44:36.389-0100: 10,704: [CMS-concurrent-preclean-start]
2021-01-18T07:44:36.391-0100: 10,706: [CMS-concurrent-preclean: 0,002/0,002 secs] [Times: user=0,02 sys=0,01, real=0,01 secs] 
2021-01-18T07:44:36.391-0100: 10,706: [CMS-concurrent-abortable-preclean-start]
2021-01-18T07:44:36.414-0100: 10,729: Total time for which application threads were stopped: 0,0002253 seconds, Stopping threads took: 0,0000203 seconds
2021-01-18T07:44:36.510-0100: 10,825: Total time for which application threads were stopped: 0,0003035 seconds, Stopping threads took: 0,0000184 seconds
2021-01-18T07:44:36.529-0100: 10,844: Total time for which application threads were stopped: 0,0004826 seconds, Stopping threads took: 0,0000201 seconds
2021-01-18T07:44:36.540-0100: 10,855: Total time for which application threads were stopped: 0,0002334 seconds, Stopping threads took: 0,0000214 seconds
2021-01-18T07:44:37.541-0100: 11,856: Total time for which application threads were stopped: 0,0002260 seconds, Stopping threads took: 0,0000495 seconds
2021-01-18T07:44:38.542-0100: 12,857: Total time for which application threads were stopped: 0,0001450 seconds, Stopping threads took: 0,0000330 seconds
2021-01-18T07:44:40.544-0100: 14,859: Total time for which application threads were stopped: 0,0001291 seconds, Stopping threads took: 0,0000298 seconds
2021-01-18T07:44:40.650-0100: 14,965: [CMS-concurrent-abortable-preclean: 0,564/4,258 secs] [Times: user=1,32 sys=0,10, real=4,26 secs] 
2021-01-18T07:44:40.650-0100: 14,965: [GC (CMS Final Remark) [YG occupancy: 25653 K (46080 K)]2021-01-18T07:44:40.650-0100: 14,965: [Rescan (parallel) , 0,0027677 secs]2021-01-18T07:44:40.653-0100: 14,968: [weak refs processing, 0,0000672 secs]2021-01-18T07:44:40.653-0100: 14,968: [class unloading, 0,0105868 secs]2021-01-18T07:44:40.664-0100: 14,979: [scrub symbol table, 0,0050657 secs]2021-01-18T07:44:40.669-0100: 14,984: [scrub string table, 0,0007064 secs][1 CMS-remark: 71375K(460800K)] 97028K(506880K), 0,0197064 secs] [Times: user=0,05 sys=0,00, real=0,02 secs] 
2021-01-18T07:44:40.670-0100: 14,985: Total time for which application threads were stopped: 0,0198878 seconds, Stopping threads took: 0,0000294 seconds
2021-01-18T07:44:40.670-0100: 14,985: [CMS-concurrent-sweep-start]
2021-01-18T07:44:40.692-0100: 15,007: [CMS-concurrent-sweep: 0,022/0,022 secs] [Times: user=0,02 sys=0,00, real=0,02 secs] 
2021-01-18T07:44:40.692-0100: 15,007: [CMS-concurrent-reset-start]
2021-01-18T07:44:40.692-0100: 15,007: [CMS-concurrent-reset: 0,000/0,000 secs] [Times: user=0,00 sys=0,00, real=0,00 secs] 
