Java HotSpot(TM) 64-Bit Server VM (25.161-b12) for bsd-amd64 JRE (1.8.0_161-b12), built on Dec 19 2017 16:22:20 by "java_re" with gcc 4.2.1 (Based on Apple Inc. build 5658) (LLVM build 2336.11.00)
Memory: 4k page, physical 33554432k(2800724k free)

/proc/meminfo:

CommandLine flags: -XX:+AlwaysPreTouch -XX:+CMSClassUnloadingEnabled -XX:+CMSEdenChunksRecordAlways -XX:CMSInitiatingOccupancyFraction=75 -XX:+CMSParallelInitialMarkEnabled -XX:+CMSParallelRemarkEnabled -XX:CMSWaitDuration=10000 -XX:CompileCommandFile=/Users/adejanovski/.ccm/repair_qa/node3/conf/hotspot_compiler -XX:GCLogFileSize=10485760 -XX:+HeapDumpOnOutOfMemoryError -XX:InitialHeapSize=524288000 -XX:InitialTenuringThreshold=1 -XX:+ManagementServer -XX:MaxHeapSize=524288000 -XX:MaxNewSize=52428800 -XX:MaxTenuringThreshold=1 -XX:NewSize=52428800 -XX:NumberOfGCLogFiles=10 -XX:OldPLABSize=16 -XX:OnOutOfMemoryError=kill -9 %p -XX:+PerfDisableSharedMem -XX:+PrintGC -XX:+PrintGCApplicationStoppedTime -XX:+PrintGCDateStamps -XX:+PrintGCDetails -XX:+PrintGCTimeStamps -XX:+PrintHeapAtGC -XX:+PrintPromotionFailure -XX:+PrintTenuringDistribution -XX:+ResizeTLAB -XX:SurvivorRatio=8 -XX:ThreadPriorityPolicy=42 -XX:ThreadStackSize=256 -XX:-UseBiasedLocking -XX:+UseCMSInitiatingOccupancyOnly -XX:+UseCompressedClassPointers -XX:+UseCompressedOops -XX:+UseConcMarkSweepGC -XX:+UseCondCardMark -XX:+UseGCLogFileRotation -XX:+UseNUMA -XX:+UseNUMAInterleaving -XX:+UseParNewGC -XX:+UseTLAB -XX:+UseThreadPriorities 
2021-01-18T06:58:55.761-0100: 0,397: Total time for which application threads were stopped: 0,0000808 seconds, Stopping threads took: 0,0000080 seconds
{Heap before GC invocations=0 (full 0):
 par new generation   total 46080K, used 40960K [0x00000007a0c00000, 0x00000007a3e00000, 0x00000007a3e00000)
  eden space 40960K, 100% used [0x00000007a0c00000, 0x00000007a3400000, 0x00000007a3400000)
  from space 5120K,   0% used [0x00000007a3400000, 0x00000007a3400000, 0x00000007a3900000)
  to   space 5120K,   0% used [0x00000007a3900000, 0x00000007a3900000, 0x00000007a3e00000)
 concurrent mark-sweep generation total 460800K, used 0K [0x00000007a3e00000, 0x00000007c0000000, 0x00000007c0000000)
 Metaspace       used 12360K, capacity 12566K, committed 12800K, reserved 1060864K
  class space    used 1437K, capacity 1505K, committed 1536K, reserved 1048576K
2021-01-18T06:58:56.031-0100: 0,667: [GC (Allocation Failure) 2021-01-18T06:58:56.031-0100: 0,667: [ParNew
Desired survivor size 2621440 bytes, new threshold 1 (max 1)
- age   1:    5192512 bytes,    5192512 total
: 40960K->5119K(46080K), 0,0022976 secs] 40960K->6174K(506880K), 0,0023750 secs] [Times: user=0,01 sys=0,00, real=0,00 secs] 
Heap after GC invocations=1 (full 0):
 par new generation   total 46080K, used 5119K [0x00000007a0c00000, 0x00000007a3e00000, 0x00000007a3e00000)
  eden space 40960K,   0% used [0x00000007a0c00000, 0x00000007a0c00000, 0x00000007a3400000)
  from space 5120K,  99% used [0x00000007a3900000, 0x00000007a3dffff8, 0x00000007a3e00000)
  to   space 5120K,   0% used [0x00000007a3400000, 0x00000007a3400000, 0x00000007a3900000)
 concurrent mark-sweep generation total 460800K, used 1054K [0x00000007a3e00000, 0x00000007c0000000, 0x00000007c0000000)
 Metaspace       used 12360K, capacity 12566K, committed 12800K, reserved 1060864K
  class space    used 1437K, capacity 1505K, committed 1536K, reserved 1048576K
}
2021-01-18T06:58:56.033-0100: 0,669: Total time for which application threads were stopped: 0,0025328 seconds, Stopping threads took: 0,0000093 seconds
2021-01-18T06:58:56.052-0100: 0,687: Total time for which application threads were stopped: 0,0001056 seconds, Stopping threads took: 0,0000087 seconds
2021-01-18T06:58:56.074-0100: 0,710: Total time for which application threads were stopped: 0,0001009 seconds, Stopping threads took: 0,0000090 seconds
2021-01-18T06:58:56.127-0100: 0,763: Total time for which application threads were stopped: 0,0001811 seconds, Stopping threads took: 0,0000137 seconds
2021-01-18T06:58:56.132-0100: 0,767: Total time for which application threads were stopped: 0,0001582 seconds, Stopping threads took: 0,0000244 seconds
2021-01-18T06:58:56.132-0100: 0,768: Total time for which application threads were stopped: 0,0001051 seconds, Stopping threads took: 0,0000077 seconds
2021-01-18T06:58:56.140-0100: 0,776: Total time for which application threads were stopped: 0,0001671 seconds, Stopping threads took: 0,0000128 seconds
2021-01-18T06:58:56.773-0100: 1,409: Total time for which application threads were stopped: 0,0001401 seconds, Stopping threads took: 0,0000097 seconds
2021-01-18T06:58:56.775-0100: 1,410: Total time for which application threads were stopped: 0,0001047 seconds, Stopping threads took: 0,0000064 seconds
2021-01-18T06:58:56.781-0100: 1,416: Total time for which application threads were stopped: 0,0001350 seconds, Stopping threads took: 0,0000089 seconds
2021-01-18T06:58:56.833-0100: 1,468: Total time for which application threads were stopped: 0,0001379 seconds, Stopping threads took: 0,0000084 seconds
2021-01-18T06:58:56.916-0100: 1,552: Total time for which application threads were stopped: 0,0001930 seconds, Stopping threads took: 0,0000083 seconds
2021-01-18T06:58:56.929-0100: 1,565: Total time for which application threads were stopped: 0,0001386 seconds, Stopping threads took: 0,0000080 seconds
{Heap before GC invocations=1 (full 0):
 par new generation   total 46080K, used 46079K [0x00000007a0c00000, 0x00000007a3e00000, 0x00000007a3e00000)
  eden space 40960K, 100% used [0x00000007a0c00000, 0x00000007a3400000, 0x00000007a3400000)
  from space 5120K,  99% used [0x00000007a3900000, 0x00000007a3dffff8, 0x00000007a3e00000)
  to   space 5120K,   0% used [0x00000007a3400000, 0x00000007a3400000, 0x00000007a3900000)
 concurrent mark-sweep generation total 460800K, used 1054K [0x00000007a3e00000, 0x00000007c0000000, 0x00000007c0000000)
 Metaspace       used 19106K, capacity 19352K, committed 19584K, reserved 1067008K
  class space    used 2258K, capacity 2354K, committed 2432K, reserved 1048576K
2021-01-18T06:58:56.963-0100: 1,599: [GC (Allocation Failure) 2021-01-18T06:58:56.964-0100: 1,599: [ParNew
Desired survivor size 2621440 bytes, new threshold 1 (max 1)
- age   1:    4340944 bytes,    4340944 total
: 46079K->5120K(46080K), 0,0051974 secs] 47134K->10203K(506880K), 0,0052708 secs] [Times: user=0,04 sys=0,00, real=0,00 secs] 
Heap after GC invocations=2 (full 0):
 par new generation   total 46080K, used 5120K [0x00000007a0c00000, 0x00000007a3e00000, 0x00000007a3e00000)
  eden space 40960K,   0% used [0x00000007a0c00000, 0x00000007a0c00000, 0x00000007a3400000)
  from space 5120K, 100% used [0x00000007a3400000, 0x00000007a3900000, 0x00000007a3900000)
  to   space 5120K,   0% used [0x00000007a3900000, 0x00000007a3900000, 0x00000007a3e00000)
 concurrent mark-sweep generation total 460800K, used 5083K [0x00000007a3e00000, 0x00000007c0000000, 0x00000007c0000000)
 Metaspace       used 19106K, capacity 19352K, committed 19584K, reserved 1067008K
  class space    used 2258K, capacity 2354K, committed 2432K, reserved 1048576K
}
2021-01-18T06:58:56.969-0100: 1,604: Total time for which application threads were stopped: 0,0053745 seconds, Stopping threads took: 0,0000096 seconds
2021-01-18T06:58:57.130-0100: 1,765: Total time for which application threads were stopped: 0,0001727 seconds, Stopping threads took: 0,0000089 seconds
2021-01-18T06:58:57.173-0100: 1,808: Total time for which application threads were stopped: 0,0001431 seconds, Stopping threads took: 0,0000097 seconds
2021-01-18T06:58:57.189-0100: 1,825: Total time for which application threads were stopped: 0,0001345 seconds, Stopping threads took: 0,0000093 seconds
2021-01-18T06:58:57.200-0100: 1,835: Total time for which application threads were stopped: 0,0001488 seconds, Stopping threads took: 0,0000078 seconds
2021-01-18T06:58:57.201-0100: 1,837: Total time for which application threads were stopped: 0,0001128 seconds, Stopping threads took: 0,0000059 seconds
2021-01-18T06:58:57.205-0100: 1,841: Total time for which application threads were stopped: 0,0001407 seconds, Stopping threads took: 0,0000073 seconds
2021-01-18T06:58:57.214-0100: 1,849: Total time for which application threads were stopped: 0,0001376 seconds, Stopping threads took: 0,0000195 seconds
2021-01-18T06:58:57.608-0100: 2,244: Total time for which application threads were stopped: 0,0001932 seconds, Stopping threads took: 0,0000133 seconds
2021-01-18T06:58:57.609-0100: 2,245: Total time for which application threads were stopped: 0,0001348 seconds, Stopping threads took: 0,0000066 seconds
2021-01-18T06:58:57.656-0100: 2,291: Total time for which application threads were stopped: 0,0001617 seconds, Stopping threads took: 0,0000099 seconds
2021-01-18T06:58:57.677-0100: 2,312: Total time for which application threads were stopped: 0,0001340 seconds, Stopping threads took: 0,0000104 seconds
2021-01-18T06:58:57.699-0100: 2,334: Total time for which application threads were stopped: 0,0001691 seconds, Stopping threads took: 0,0000091 seconds
2021-01-18T06:58:57.716-0100: 2,352: Total time for which application threads were stopped: 0,0001687 seconds, Stopping threads took: 0,0000120 seconds
2021-01-18T06:58:57.735-0100: 2,371: Total time for which application threads were stopped: 0,0001313 seconds, Stopping threads took: 0,0000098 seconds
2021-01-18T06:58:57.809-0100: 2,445: Total time for which application threads were stopped: 0,0001651 seconds, Stopping threads took: 0,0000100 seconds
2021-01-18T06:58:57.836-0100: 2,472: Total time for which application threads were stopped: 0,0001343 seconds, Stopping threads took: 0,0000089 seconds
2021-01-18T06:58:57.863-0100: 2,499: Total time for which application threads were stopped: 0,0001321 seconds, Stopping threads took: 0,0000106 seconds
2021-01-18T06:58:57.885-0100: 2,520: Total time for which application threads were stopped: 0,0001476 seconds, Stopping threads took: 0,0000102 seconds
2021-01-18T06:58:58.065-0100: 2,701: Total time for which application threads were stopped: 0,0001768 seconds, Stopping threads took: 0,0000139 seconds
2021-01-18T06:58:58.124-0100: 2,759: Total time for which application threads were stopped: 0,0002283 seconds, Stopping threads took: 0,0000171 seconds
2021-01-18T06:58:58.159-0100: 2,795: Total time for which application threads were stopped: 0,0001979 seconds, Stopping threads took: 0,0000148 seconds
{Heap before GC invocations=2 (full 0):
 par new generation   total 46080K, used 46080K [0x00000007a0c00000, 0x00000007a3e00000, 0x00000007a3e00000)
  eden space 40960K, 100% used [0x00000007a0c00000, 0x00000007a3400000, 0x00000007a3400000)
  from space 5120K, 100% used [0x00000007a3400000, 0x00000007a3900000, 0x00000007a3900000)
  to   space 5120K,   0% used [0x00000007a3900000, 0x00000007a3900000, 0x00000007a3e00000)
 concurrent mark-sweep generation total 460800K, used 5083K [0x00000007a3e00000, 0x00000007c0000000, 0x00000007c0000000)
 Metaspace       used 26117K, capacity 26478K, committed 26864K, reserved 1073152K
  class space    used 3031K, capacity 3169K, committed 3188K, reserved 1048576K
2021-01-18T06:58:58.164-0100: 2,800: [GC (Allocation Failure) 2021-01-18T06:58:58.164-0100: 2,800: [ParNew
Desired survivor size 2621440 bytes, new threshold 1 (max 1)
- age   1:    4033456 bytes,    4033456 total
: 46080K->5120K(46080K), 0,0068587 secs] 51163K->14719K(506880K), 0,0069276 secs] [Times: user=0,04 sys=0,00, real=0,01 secs] 
Heap after GC invocations=3 (full 0):
 par new generation   total 46080K, used 5120K [0x00000007a0c00000, 0x00000007a3e00000, 0x00000007a3e00000)
  eden space 40960K,   0% used [0x00000007a0c00000, 0x00000007a0c00000, 0x00000007a3400000)
  from space 5120K, 100% used [0x00000007a3900000, 0x00000007a3e00000, 0x00000007a3e00000)
  to   space 5120K,   0% used [0x00000007a3400000, 0x00000007a3400000, 0x00000007a3900000)
 concurrent mark-sweep generation total 460800K, used 9599K [0x00000007a3e00000, 0x00000007c0000000, 0x00000007c0000000)
 Metaspace       used 26117K, capacity 26478K, committed 26864K, reserved 1073152K
  class space    used 3031K, capacity 3169K, committed 3188K, reserved 1048576K
}
2021-01-18T06:58:58.171-0100: 2,806: Total time for which application threads were stopped: 0,0071546 seconds, Stopping threads took: 0,0000364 seconds
2021-01-18T06:58:58.171-0100: 2,807: [GC (CMS Initial Mark) [1 CMS-initial-mark: 9599K(460800K)] 15478K(506880K), 0,0006165 secs] [Times: user=0,00 sys=0,00, real=0,00 secs] 
2021-01-18T06:58:58.172-0100: 2,807: Total time for which application threads were stopped: 0,0007119 seconds, Stopping threads took: 0,0000257 seconds
2021-01-18T06:58:58.172-0100: 2,807: [CMS-concurrent-mark-start]
2021-01-18T06:58:58.176-0100: 2,811: [CMS-concurrent-mark: 0,004/0,004 secs] [Times: user=0,02 sys=0,00, real=0,00 secs] 
2021-01-18T06:58:58.176-0100: 2,811: [CMS-concurrent-preclean-start]
2021-01-18T06:58:58.177-0100: 2,812: [CMS-concurrent-preclean: 0,001/0,001 secs] [Times: user=0,00 sys=0,00, real=0,00 secs] 
2021-01-18T06:58:58.177-0100: 2,812: [GC (CMS Final Remark) [YG occupancy: 6698 K (46080 K)]2021-01-18T06:58:58.177-0100: 2,812: [Rescan (parallel) , 0,0008242 secs]2021-01-18T06:58:58.178-0100: 2,813: [weak refs processing, 0,0000256 secs]2021-01-18T06:58:58.178-0100: 2,813: [class unloading, 0,0033506 secs]2021-01-18T06:58:58.181-0100: 2,817: [scrub symbol table, 0,0041024 secs]2021-01-18T06:58:58.185-0100: 2,821: [scrub string table, 0,0005040 secs][1 CMS-remark: 9599K(460800K)] 16297K(506880K), 0,0094468 secs] [Times: user=0,01 sys=0,00, real=0,01 secs] 
2021-01-18T06:58:58.186-0100: 2,822: Total time for which application threads were stopped: 0,0095392 seconds, Stopping threads took: 0,0000123 seconds
2021-01-18T06:58:58.186-0100: 2,822: [CMS-concurrent-sweep-start]
2021-01-18T06:58:58.189-0100: 2,825: [CMS-concurrent-sweep: 0,003/0,003 secs] [Times: user=0,01 sys=0,00, real=0,00 secs] 
2021-01-18T06:58:58.189-0100: 2,825: [CMS-concurrent-reset-start]
2021-01-18T06:58:58.190-0100: 2,826: [CMS-concurrent-reset: 0,001/0,001 secs] [Times: user=0,00 sys=0,00, real=0,01 secs] 
2021-01-18T06:58:58.411-0100: 3,046: Total time for which application threads were stopped: 0,0002675 seconds, Stopping threads took: 0,0000117 seconds
2021-01-18T06:58:58.511-0100: 3,146: Total time for which application threads were stopped: 0,0002702 seconds, Stopping threads took: 0,0000157 seconds
{Heap before GC invocations=3 (full 1):
 par new generation   total 46080K, used 46080K [0x00000007a0c00000, 0x00000007a3e00000, 0x00000007a3e00000)
  eden space 40960K, 100% used [0x00000007a0c00000, 0x00000007a3400000, 0x00000007a3400000)
  from space 5120K, 100% used [0x00000007a3900000, 0x00000007a3e00000, 0x00000007a3e00000)
  to   space 5120K,   0% used [0x00000007a3400000, 0x00000007a3400000, 0x00000007a3900000)
 concurrent mark-sweep generation total 460800K, used 6881K [0x00000007a3e00000, 0x00000007c0000000, 0x00000007c0000000)
 Metaspace       used 29237K, capacity 29926K, committed 30040K, reserved 1075200K
  class space    used 3426K, capacity 3641K, committed 3700K, reserved 1048576K
2021-01-18T06:58:58.738-0100: 3,373: [GC (Allocation Failure) 2021-01-18T06:58:58.738-0100: 3,374: [ParNew
Desired survivor size 2621440 bytes, new threshold 1 (max 1)
- age   1:    5242296 bytes,    5242296 total
: 46080K->5120K(46080K), 0,0095049 secs] 52961K->20011K(506880K), 0,0095637 secs] [Times: user=0,08 sys=0,00, real=0,01 secs] 
Heap after GC invocations=4 (full 1):
 par new generation   total 46080K, used 5120K [0x00000007a0c00000, 0x00000007a3e00000, 0x00000007a3e00000)
  eden space 40960K,   0% used [0x00000007a0c00000, 0x00000007a0c00000, 0x00000007a3400000)
  from space 5120K, 100% used [0x00000007a3400000, 0x00000007a3900000, 0x00000007a3900000)
  to   space 5120K,   0% used [0x00000007a3900000, 0x00000007a3900000, 0x00000007a3e00000)
 concurrent mark-sweep generation total 460800K, used 14891K [0x00000007a3e00000, 0x00000007c0000000, 0x00000007c0000000)
 Metaspace       used 29237K, capacity 29926K, committed 30040K, reserved 1075200K
  class space    used 3426K, capacity 3641K, committed 3700K, reserved 1048576K
}
2021-01-18T06:58:58.747-0100: 3,383: Total time for which application threads were stopped: 0,0098162 seconds, Stopping threads took: 0,0000423 seconds
{Heap before GC invocations=4 (full 1):
 par new generation   total 46080K, used 46080K [0x00000007a0c00000, 0x00000007a3e00000, 0x00000007a3e00000)
  eden space 40960K, 100% used [0x00000007a0c00000, 0x00000007a3400000, 0x00000007a3400000)
  from space 5120K, 100% used [0x00000007a3400000, 0x00000007a3900000, 0x00000007a3900000)
  to   space 5120K,   0% used [0x00000007a3900000, 0x00000007a3900000, 0x00000007a3e00000)
 concurrent mark-sweep generation total 460800K, used 14891K [0x00000007a3e00000, 0x00000007c0000000, 0x00000007c0000000)
 Metaspace       used 29237K, capacity 29926K, committed 30040K, reserved 1075200K
  class space    used 3426K, capacity 3641K, committed 3700K, reserved 1048576K
2021-01-18T06:58:58.872-0100: 3,508: [GC (Allocation Failure) 2021-01-18T06:58:58.872-0100: 3,508: [ParNew
Desired survivor size 2621440 bytes, new threshold 1 (max 1)
- age   1:    1049088 bytes,    1049088 total
: 46080K->2342K(46080K), 0,0075144 secs] 60971K->22770K(506880K), 0,0076067 secs] [Times: user=0,06 sys=0,00, real=0,01 secs] 
Heap after GC invocations=5 (full 1):
 par new generation   total 46080K, used 2342K [0x00000007a0c00000, 0x00000007a3e00000, 0x00000007a3e00000)
  eden space 40960K,   0% used [0x00000007a0c00000, 0x00000007a0c00000, 0x00000007a3400000)
  from space 5120K,  45% used [0x00000007a3900000, 0x00000007a3b49998, 0x00000007a3e00000)
  to   space 5120K,   0% used [0x00000007a3400000, 0x00000007a3400000, 0x00000007a3900000)
 concurrent mark-sweep generation total 460800K, used 20428K [0x00000007a3e00000, 0x00000007c0000000, 0x00000007c0000000)
 Metaspace       used 29237K, capacity 29926K, committed 30040K, reserved 1075200K
  class space    used 3426K, capacity 3641K, committed 3700K, reserved 1048576K
}
2021-01-18T06:58:58.880-0100: 3,515: Total time for which application threads were stopped: 0,0077699 seconds, Stopping threads took: 0,0000329 seconds
{Heap before GC invocations=5 (full 1):
 par new generation   total 46080K, used 43302K [0x00000007a0c00000, 0x00000007a3e00000, 0x00000007a3e00000)
  eden space 40960K, 100% used [0x00000007a0c00000, 0x00000007a3400000, 0x00000007a3400000)
  from space 5120K,  45% used [0x00000007a3900000, 0x00000007a3b49998, 0x00000007a3e00000)
  to   space 5120K,   0% used [0x00000007a3400000, 0x00000007a3400000, 0x00000007a3900000)
 concurrent mark-sweep generation total 460800K, used 20428K [0x00000007a3e00000, 0x00000007c0000000, 0x00000007c0000000)
 Metaspace       used 29239K, capacity 29926K, committed 30040K, reserved 1075200K
  class space    used 3426K, capacity 3641K, committed 3700K, reserved 1048576K
2021-01-18T06:58:58.924-0100: 3,560: [GC (Allocation Failure) 2021-01-18T06:58:58.924-0100: 3,560: [ParNew
Desired survivor size 2621440 bytes, new threshold 1 (max 1)
- age   1:    2097896 bytes,    2097896 total
: 43302K->2597K(46080K), 0,0036999 secs] 63730K->23025K(506880K), 0,0037694 secs] [Times: user=0,04 sys=0,00, real=0,00 secs] 
Heap after GC invocations=6 (full 1):
 par new generation   total 46080K, used 2597K [0x00000007a0c00000, 0x00000007a3e00000, 0x00000007a3e00000)
  eden space 40960K,   0% used [0x00000007a0c00000, 0x00000007a0c00000, 0x00000007a3400000)
  from space 5120K,  50% used [0x00000007a3400000, 0x00000007a3689568, 0x00000007a3900000)
  to   space 5120K,   0% used [0x00000007a3900000, 0x00000007a3900000, 0x00000007a3e00000)
 concurrent mark-sweep generation total 460800K, used 20428K [0x00000007a3e00000, 0x00000007c0000000, 0x00000007c0000000)
 Metaspace       used 29239K, capacity 29926K, committed 30040K, reserved 1075200K
  class space    used 3426K, capacity 3641K, committed 3700K, reserved 1048576K
}
2021-01-18T06:58:58.928-0100: 3,564: Total time for which application threads were stopped: 0,0038980 seconds, Stopping threads took: 0,0000157 seconds
{Heap before GC invocations=6 (full 1):
 par new generation   total 46080K, used 43557K [0x00000007a0c00000, 0x00000007a3e00000, 0x00000007a3e00000)
  eden space 40960K, 100% used [0x00000007a0c00000, 0x00000007a3400000, 0x00000007a3400000)
  from space 5120K,  50% used [0x00000007a3400000, 0x00000007a3689568, 0x00000007a3900000)
  to   space 5120K,   0% used [0x00000007a3900000, 0x00000007a3900000, 0x00000007a3e00000)
 concurrent mark-sweep generation total 460800K, used 20428K [0x00000007a3e00000, 0x00000007c0000000, 0x00000007c0000000)
 Metaspace       used 29239K, capacity 29926K, committed 30040K, reserved 1075200K
  class space    used 3426K, capacity 3641K, committed 3700K, reserved 1048576K
2021-01-18T06:58:58.970-0100: 3,606: [GC (Allocation Failure) 2021-01-18T06:58:58.970-0100: 3,606: [ParNew
Desired survivor size 2621440 bytes, new threshold 1 (max 1)
- age   1:    4194408 bytes,    4194408 total
: 43557K->4178K(46080K), 0,0069064 secs] 63985K->24607K(506880K), 0,0069983 secs] [Times: user=0,05 sys=0,00, real=0,00 secs] 
Heap after GC invocations=7 (full 1):
 par new generation   total 46080K, used 4178K [0x00000007a0c00000, 0x00000007a3e00000, 0x00000007a3e00000)
  eden space 40960K,   0% used [0x00000007a0c00000, 0x00000007a0c00000, 0x00000007a3400000)
  from space 5120K,  81% used [0x00000007a3900000, 0x00000007a3d149c8, 0x00000007a3e00000)
  to   space 5120K,   0% used [0x00000007a3400000, 0x00000007a3400000, 0x00000007a3900000)
 concurrent mark-sweep generation total 460800K, used 20429K [0x00000007a3e00000, 0x00000007c0000000, 0x00000007c0000000)
 Metaspace       used 29239K, capacity 29926K, committed 30040K, reserved 1075200K
  class space    used 3426K, capacity 3641K, committed 3700K, reserved 1048576K
}
2021-01-18T06:58:58.977-0100: 3,613: Total time for which application threads were stopped: 0,0071490 seconds, Stopping threads took: 0,0000140 seconds
{Heap before GC invocations=7 (full 1):
 par new generation   total 46080K, used 45138K [0x00000007a0c00000, 0x00000007a3e00000, 0x00000007a3e00000)
  eden space 40960K, 100% used [0x00000007a0c00000, 0x00000007a3400000, 0x00000007a3400000)
  from space 5120K,  81% used [0x00000007a3900000, 0x00000007a3d149c8, 0x00000007a3e00000)
  to   space 5120K,   0% used [0x00000007a3400000, 0x00000007a3400000, 0x00000007a3900000)
 concurrent mark-sweep generation total 460800K, used 20429K [0x00000007a3e00000, 0x00000007c0000000, 0x00000007c0000000)
 Metaspace       used 29239K, capacity 29926K, committed 30040K, reserved 1075200K
  class space    used 3426K, capacity 3641K, committed 3700K, reserved 1048576K
2021-01-18T06:58:59.020-0100: 3,656: [GC (Allocation Failure) 2021-01-18T06:58:59.020-0100: 3,656: [ParNew
Desired survivor size 2621440 bytes, new threshold 1 (max 1)
- age   1:        280 bytes,        280 total
: 45138K->34K(46080K), 0,0128075 secs] 65567K->24559K(506880K), 0,0128767 secs] [Times: user=0,05 sys=0,00, real=0,01 secs] 
Heap after GC invocations=8 (full 1):
 par new generation   total 46080K, used 34K [0x00000007a0c00000, 0x00000007a3e00000, 0x00000007a3e00000)
  eden space 40960K,   0% used [0x00000007a0c00000, 0x00000007a0c00000, 0x00000007a3400000)
  from space 5120K,   0% used [0x00000007a3400000, 0x00000007a3408958, 0x00000007a3900000)
  to   space 5120K,   0% used [0x00000007a3900000, 0x00000007a3900000, 0x00000007a3e00000)
 concurrent mark-sweep generation total 460800K, used 24525K [0x00000007a3e00000, 0x00000007c0000000, 0x00000007c0000000)
 Metaspace       used 29239K, capacity 29926K, committed 30040K, reserved 1075200K
  class space    used 3426K, capacity 3641K, committed 3700K, reserved 1048576K
}
2021-01-18T06:58:59.033-0100: 3,669: Total time for which application threads were stopped: 0,0130143 seconds, Stopping threads took: 0,0000170 seconds
{Heap before GC invocations=8 (full 1):
 par new generation   total 46080K, used 40994K [0x00000007a0c00000, 0x00000007a3e00000, 0x00000007a3e00000)
  eden space 40960K, 100% used [0x00000007a0c00000, 0x00000007a3400000, 0x00000007a3400000)
  from space 5120K,   0% used [0x00000007a3400000, 0x00000007a3408958, 0x00000007a3900000)
  to   space 5120K,   0% used [0x00000007a3900000, 0x00000007a3900000, 0x00000007a3e00000)
 concurrent mark-sweep generation total 460800K, used 24525K [0x00000007a3e00000, 0x00000007c0000000, 0x00000007c0000000)
 Metaspace       used 29239K, capacity 29926K, committed 30040K, reserved 1075200K
  class space    used 3426K, capacity 3641K, committed 3700K, reserved 1048576K
2021-01-18T06:58:59.080-0100: 3,715: [GC (Allocation Failure) 2021-01-18T06:58:59.080-0100: 3,715: [ParNew
Desired survivor size 2621440 bytes, new threshold 1 (max 1)
- age   1:         88 bytes,         88 total
: 40994K->4K(46080K), 0,0014665 secs] 65519K->24529K(506880K), 0,0015406 secs] [Times: user=0,01 sys=0,00, real=0,00 secs] 
Heap after GC invocations=9 (full 1):
 par new generation   total 46080K, used 4K [0x00000007a0c00000, 0x00000007a3e00000, 0x00000007a3e00000)
  eden space 40960K,   0% used [0x00000007a0c00000, 0x00000007a0c00000, 0x00000007a3400000)
  from space 5120K,   0% used [0x00000007a3900000, 0x00000007a3901020, 0x00000007a3e00000)
  to   space 5120K,   0% used [0x00000007a3400000, 0x00000007a3400000, 0x00000007a3900000)
 concurrent mark-sweep generation total 460800K, used 24525K [0x00000007a3e00000, 0x00000007c0000000, 0x00000007c0000000)
 Metaspace       used 29239K, capacity 29926K, committed 30040K, reserved 1075200K
  class space    used 3426K, capacity 3641K, committed 3700K, reserved 1048576K
}
2021-01-18T06:58:59.081-0100: 3,717: Total time for which application threads were stopped: 0,0016881 seconds, Stopping threads took: 0,0000143 seconds
2021-01-18T06:58:59.116-0100: 3,752: Total time for which application threads were stopped: 0,0003567 seconds, Stopping threads took: 0,0000147 seconds
{Heap before GC invocations=9 (full 1):
 par new generation   total 46080K, used 40964K [0x00000007a0c00000, 0x00000007a3e00000, 0x00000007a3e00000)
  eden space 40960K, 100% used [0x00000007a0c00000, 0x00000007a3400000, 0x00000007a3400000)
  from space 5120K,   0% used [0x00000007a3900000, 0x00000007a3901020, 0x00000007a3e00000)
  to   space 5120K,   0% used [0x00000007a3400000, 0x00000007a3400000, 0x00000007a3900000)
 concurrent mark-sweep generation total 460800K, used 24525K [0x00000007a3e00000, 0x00000007c0000000, 0x00000007c0000000)
 Metaspace       used 30841K, capacity 31568K, committed 31832K, reserved 1077248K
  class space    used 3625K, capacity 3838K, committed 3956K, reserved 1048576K
2021-01-18T06:58:59.341-0100: 3,977: [GC (Allocation Failure) 2021-01-18T06:58:59.341-0100: 3,977: [ParNew
Desired survivor size 2621440 bytes, new threshold 1 (max 1)
- age   1:    2913792 bytes,    2913792 total
: 40964K->2879K(46080K), 0,0140447 secs] 65489K->35597K(506880K), 0,0141343 secs] [Times: user=0,12 sys=0,01, real=0,01 secs] 
Heap after GC invocations=10 (full 1):
 par new generation   total 46080K, used 2879K [0x00000007a0c00000, 0x00000007a3e00000, 0x00000007a3e00000)
  eden space 40960K,   0% used [0x00000007a0c00000, 0x00000007a0c00000, 0x00000007a3400000)
  from space 5120K,  56% used [0x00000007a3400000, 0x00000007a36cff90, 0x00000007a3900000)
  to   space 5120K,   0% used [0x00000007a3900000, 0x00000007a3900000, 0x00000007a3e00000)
 concurrent mark-sweep generation total 460800K, used 32717K [0x00000007a3e00000, 0x00000007c0000000, 0x00000007c0000000)
 Metaspace       used 30841K, capacity 31568K, committed 31832K, reserved 1077248K
  class space    used 3625K, capacity 3838K, committed 3956K, reserved 1048576K
}
2021-01-18T06:58:59.355-0100: 3,991: Total time for which application threads were stopped: 0,0143819 seconds, Stopping threads took: 0,0000170 seconds
2021-01-18T06:58:59.755-0100: 4,390: Total time for which application threads were stopped: 0,0004754 seconds, Stopping threads took: 0,0000192 seconds
{Heap before GC invocations=10 (full 1):
 par new generation   total 46080K, used 43839K [0x00000007a0c00000, 0x00000007a3e00000, 0x00000007a3e00000)
  eden space 40960K, 100% used [0x00000007a0c00000, 0x00000007a3400000, 0x00000007a3400000)
  from space 5120K,  56% used [0x00000007a3400000, 0x00000007a36cff90, 0x00000007a3900000)
  to   space 5120K,   0% used [0x00000007a3900000, 0x00000007a3900000, 0x00000007a3e00000)
 concurrent mark-sweep generation total 460800K, used 32717K [0x00000007a3e00000, 0x00000007c0000000, 0x00000007c0000000)
 Metaspace       used 34576K, capacity 35386K, committed 35544K, reserved 1079296K
  class space    used 4816K, capacity 5021K, committed 5108K, reserved 1048576K
2021-01-18T06:59:00.104-0100: 4,740: [GC (Allocation Failure) 2021-01-18T06:59:00.104-0100: 4,740: [ParNew
Desired survivor size 2621440 bytes, new threshold 1 (max 1)
- age   1:    4842776 bytes,    4842776 total
: 43839K->5119K(46080K), 0,0040790 secs] 76557K->40146K(506880K), 0,0042008 secs] [Times: user=0,03 sys=0,00, real=0,00 secs] 
Heap after GC invocations=11 (full 1):
 par new generation   total 46080K, used 5119K [0x00000007a0c00000, 0x00000007a3e00000, 0x00000007a3e00000)
  eden space 40960K,   0% used [0x00000007a0c00000, 0x00000007a0c00000, 0x00000007a3400000)
  from space 5120K,  99% used [0x00000007a3900000, 0x00000007a3dffff8, 0x00000007a3e00000)
  to   space 5120K,   0% used [0x00000007a3400000, 0x00000007a3400000, 0x00000007a3900000)
 concurrent mark-sweep generation total 460800K, used 35026K [0x00000007a3e00000, 0x00000007c0000000, 0x00000007c0000000)
 Metaspace       used 34576K, capacity 35386K, committed 35544K, reserved 1079296K
  class space    used 4816K, capacity 5021K, committed 5108K, reserved 1048576K
}
2021-01-18T06:59:00.109-0100: 4,744: Total time for which application threads were stopped: 0,0044638 seconds, Stopping threads took: 0,0000349 seconds
2021-01-18T06:59:00.362-0100: 4,997: Total time for which application threads were stopped: 0,0005358 seconds, Stopping threads took: 0,0000234 seconds
{Heap before GC invocations=11 (full 1):
 par new generation   total 46080K, used 46079K [0x00000007a0c00000, 0x00000007a3e00000, 0x00000007a3e00000)
  eden space 40960K, 100% used [0x00000007a0c00000, 0x00000007a3400000, 0x00000007a3400000)
  from space 5120K,  99% used [0x00000007a3900000, 0x00000007a3dffff8, 0x00000007a3e00000)
  to   space 5120K,   0% used [0x00000007a3400000, 0x00000007a3400000, 0x00000007a3900000)
 concurrent mark-sweep generation total 460800K, used 35026K [0x00000007a3e00000, 0x00000007c0000000, 0x00000007c0000000)
 Metaspace       used 36533K, capacity 37430K, committed 37592K, reserved 1081344K
  class space    used 5093K, capacity 5319K, committed 5364K, reserved 1048576K
2021-01-18T06:59:00.654-0100: 5,289: [GC (Allocation Failure) 2021-01-18T06:59:00.654-0100: 5,289: [ParNew
Desired survivor size 2621440 bytes, new threshold 1 (max 1)
- age   1:    4224024 bytes,    4224024 total
: 46079K->5120K(46080K), 0,0043327 secs] 81106K->44392K(506880K), 0,0044091 secs] [Times: user=0,03 sys=0,00, real=0,00 secs] 
Heap after GC invocations=12 (full 1):
 par new generation   total 46080K, used 5120K [0x00000007a0c00000, 0x00000007a3e00000, 0x00000007a3e00000)
  eden space 40960K,   0% used [0x00000007a0c00000, 0x00000007a0c00000, 0x00000007a3400000)
  from space 5120K, 100% used [0x00000007a3400000, 0x00000007a3900000, 0x00000007a3900000)
  to   space 5120K,   0% used [0x00000007a3900000, 0x00000007a3900000, 0x00000007a3e00000)
 concurrent mark-sweep generation total 460800K, used 39272K [0x00000007a3e00000, 0x00000007c0000000, 0x00000007c0000000)
 Metaspace       used 36533K, capacity 37430K, committed 37592K, reserved 1081344K
  class space    used 5093K, capacity 5319K, committed 5364K, reserved 1048576K
}
2021-01-18T06:59:00.658-0100: 5,294: Total time for which application threads were stopped: 0,0045686 seconds, Stopping threads took: 0,0000176 seconds
2021-01-18T06:59:01.016-0100: 5,652: Total time for which application threads were stopped: 0,0001965 seconds, Stopping threads took: 0,0000353 seconds
{Heap before GC invocations=12 (full 1):
 par new generation   total 46080K, used 46080K [0x00000007a0c00000, 0x00000007a3e00000, 0x00000007a3e00000)
  eden space 40960K, 100% used [0x00000007a0c00000, 0x00000007a3400000, 0x00000007a3400000)
  from space 5120K, 100% used [0x00000007a3400000, 0x00000007a3900000, 0x00000007a3900000)
  to   space 5120K,   0% used [0x00000007a3900000, 0x00000007a3900000, 0x00000007a3e00000)
 concurrent mark-sweep generation total 460800K, used 39272K [0x00000007a3e00000, 0x00000007c0000000, 0x00000007c0000000)
 Metaspace       used 37896K, capacity 38898K, committed 39128K, reserved 1083392K
  class space    used 5251K, capacity 5493K, committed 5620K, reserved 1048576K
2021-01-18T06:59:01.115-0100: 5,751: [GC (Allocation Failure) 2021-01-18T06:59:01.115-0100: 5,751: [ParNew
Desired survivor size 2621440 bytes, new threshold 1 (max 1)
- age   1:    4687984 bytes,    4687984 total
: 46080K->5120K(46080K), 0,0048109 secs] 85352K->49806K(506880K), 0,0049054 secs] [Times: user=0,04 sys=0,01, real=0,01 secs] 
Heap after GC invocations=13 (full 1):
 par new generation   total 46080K, used 5120K [0x00000007a0c00000, 0x00000007a3e00000, 0x00000007a3e00000)
  eden space 40960K,   0% used [0x00000007a0c00000, 0x00000007a0c00000, 0x00000007a3400000)
  from space 5120K, 100% used [0x00000007a3900000, 0x00000007a3e00000, 0x00000007a3e00000)
  to   space 5120K,   0% used [0x00000007a3400000, 0x00000007a3400000, 0x00000007a3900000)
 concurrent mark-sweep generation total 460800K, used 44686K [0x00000007a3e00000, 0x00000007c0000000, 0x00000007c0000000)
 Metaspace       used 37896K, capacity 38898K, committed 39128K, reserved 1083392K
  class space    used 5251K, capacity 5493K, committed 5620K, reserved 1048576K
}
2021-01-18T06:59:01.120-0100: 5,755: Total time for which application threads were stopped: 0,0051889 seconds, Stopping threads took: 0,0000205 seconds
2021-01-18T06:59:01.371-0100: 6,007: Total time for which application threads were stopped: 0,0006815 seconds, Stopping threads took: 0,0000385 seconds
{Heap before GC invocations=13 (full 1):
 par new generation   total 46080K, used 45489K [0x00000007a0c00000, 0x00000007a3e00000, 0x00000007a3e00000)
  eden space 40960K,  98% used [0x00000007a0c00000, 0x00000007a336c670, 0x00000007a3400000)
  from space 5120K, 100% used [0x00000007a3900000, 0x00000007a3e00000, 0x00000007a3e00000)
  to   space 5120K,   0% used [0x00000007a3400000, 0x00000007a3400000, 0x00000007a3900000)
 concurrent mark-sweep generation total 460800K, used 44686K [0x00000007a3e00000, 0x00000007c0000000, 0x00000007c0000000)
 Metaspace       used 38512K, capacity 39618K, committed 39640K, reserved 1083392K
  class space    used 5331K, capacity 5600K, committed 5620K, reserved 1048576K
2021-01-18T06:59:01.441-0100: 6,077: [GC (Allocation Failure) 2021-01-18T06:59:01.441-0100: 6,077: [ParNew
Desired survivor size 2621440 bytes, new threshold 1 (max 1)
- age   1:    5011328 bytes,    5011328 total
: 45489K->5120K(46080K), 0,0047454 secs] 90176K->57259K(506880K), 0,0048158 secs] [Times: user=0,04 sys=0,00, real=0,00 secs] 
Heap after GC invocations=14 (full 1):
 par new generation   total 46080K, used 5120K [0x00000007a0c00000, 0x00000007a3e00000, 0x00000007a3e00000)
  eden space 40960K,   0% used [0x00000007a0c00000, 0x00000007a0c00000, 0x00000007a3400000)
  from space 5120K, 100% used [0x00000007a3400000, 0x00000007a3900000, 0x00000007a3900000)
  to   space 5120K,   0% used [0x00000007a3900000, 0x00000007a3900000, 0x00000007a3e00000)
 concurrent mark-sweep generation total 460800K, used 52139K [0x00000007a3e00000, 0x00000007c0000000, 0x00000007c0000000)
 Metaspace       used 38512K, capacity 39618K, committed 39640K, reserved 1083392K
  class space    used 5331K, capacity 5600K, committed 5620K, reserved 1048576K
}
2021-01-18T06:59:01.446-0100: 6,082: Total time for which application threads were stopped: 0,0051244 seconds, Stopping threads took: 0,0000338 seconds
2021-01-18T06:59:01.680-0100: 6,316: Total time for which application threads were stopped: 0,0005425 seconds, Stopping threads took: 0,0000151 seconds
2021-01-18T06:59:01.720-0100: 6,355: Total time for which application threads were stopped: 0,0004420 seconds, Stopping threads took: 0,0000166 seconds
2021-01-18T06:59:01.813-0100: 6,449: Total time for which application threads were stopped: 0,0004721 seconds, Stopping threads took: 0,0000161 seconds
{Heap before GC invocations=14 (full 1):
 par new generation   total 46080K, used 46080K [0x00000007a0c00000, 0x00000007a3e00000, 0x00000007a3e00000)
  eden space 40960K, 100% used [0x00000007a0c00000, 0x00000007a3400000, 0x00000007a3400000)
  from space 5120K, 100% used [0x00000007a3400000, 0x00000007a3900000, 0x00000007a3900000)
  to   space 5120K,   0% used [0x00000007a3900000, 0x00000007a3900000, 0x00000007a3e00000)
 concurrent mark-sweep generation total 460800K, used 52139K [0x00000007a3e00000, 0x00000007c0000000, 0x00000007c0000000)
 Metaspace       used 41527K, capacity 43052K, committed 43352K, reserved 1087488K
  class space    used 5726K, capacity 6144K, committed 6260K, reserved 1048576K
2021-01-18T06:59:01.892-0100: 6,528: [GC (Allocation Failure) 2021-01-18T06:59:01.892-0100: 6,528: [ParNew
Desired survivor size 2621440 bytes, new threshold 1 (max 1)
- age   1:    1978688 bytes,    1978688 total
: 46080K->5120K(46080K), 0,0053019 secs] 98219K->73394K(506880K), 0,0053934 secs] [Times: user=0,04 sys=0,00, real=0,00 secs] 
Heap after GC invocations=15 (full 1):
 par new generation   total 46080K, used 5120K [0x00000007a0c00000, 0x00000007a3e00000, 0x00000007a3e00000)
  eden space 40960K,   0% used [0x00000007a0c00000, 0x00000007a0c00000, 0x00000007a3400000)
  from space 5120K, 100% used [0x00000007a3900000, 0x00000007a3e00000, 0x00000007a3e00000)
  to   space 5120K,   0% used [0x00000007a3400000, 0x00000007a3400000, 0x00000007a3900000)
 concurrent mark-sweep generation total 460800K, used 68274K [0x00000007a3e00000, 0x00000007c0000000, 0x00000007c0000000)
 Metaspace       used 41527K, capacity 43052K, committed 43352K, reserved 1087488K
  class space    used 5726K, capacity 6144K, committed 6260K, reserved 1048576K
}
2021-01-18T06:59:01.898-0100: 6,533: Total time for which application threads were stopped: 0,0055730 seconds, Stopping threads took: 0,0000169 seconds
2021-01-18T06:59:01.941-0100: 6,576: Total time for which application threads were stopped: 0,0004470 seconds, Stopping threads took: 0,0000177 seconds
2021-01-18T06:59:01.999-0100: 6,635: Total time for which application threads were stopped: 0,0004506 seconds, Stopping threads took: 0,0000170 seconds
2021-01-18T06:59:02.007-0100: 6,643: Total time for which application threads were stopped: 0,0004301 seconds, Stopping threads took: 0,0000164 seconds
2021-01-18T06:59:02.061-0100: 6,697: Total time for which application threads were stopped: 0,0004586 seconds, Stopping threads took: 0,0000138 seconds
2021-01-18T06:59:02.099-0100: 6,734: Total time for which application threads were stopped: 0,0001686 seconds, Stopping threads took: 0,0000176 seconds
2021-01-18T06:59:02.109-0100: 6,745: Total time for which application threads were stopped: 0,0004181 seconds, Stopping threads took: 0,0000143 seconds
2021-01-18T06:59:02.112-0100: 6,748: Total time for which application threads were stopped: 0,0004494 seconds, Stopping threads took: 0,0000115 seconds
2021-01-18T06:59:02.126-0100: 6,761: Total time for which application threads were stopped: 0,0002008 seconds, Stopping threads took: 0,0000190 seconds
2021-01-18T06:59:02.158-0100: 6,794: Total time for which application threads were stopped: 0,0002224 seconds, Stopping threads took: 0,0000196 seconds
2021-01-18T06:59:02.197-0100: 6,832: Total time for which application threads were stopped: 0,0002185 seconds, Stopping threads took: 0,0000206 seconds
2021-01-18T06:59:02.237-0100: 6,873: Total time for which application threads were stopped: 0,0001771 seconds, Stopping threads took: 0,0000204 seconds
2021-01-18T06:59:03.238-0100: 7,874: Total time for which application threads were stopped: 0,0000940 seconds, Stopping threads took: 0,0000204 seconds
2021-01-18T06:59:04.240-0100: 8,875: Total time for which application threads were stopped: 0,0002116 seconds, Stopping threads took: 0,0000427 seconds
2021-01-18T06:59:06.241-0100: 10,876: Total time for which application threads were stopped: 0,0002144 seconds, Stopping threads took: 0,0000468 seconds
2021-01-18T06:59:07.242-0100: 11,878: Total time for which application threads were stopped: 0,0001643 seconds, Stopping threads took: 0,0000472 seconds
2021-01-18T06:59:08.141-0100: 12,776: Total time for which application threads were stopped: 0,0002377 seconds, Stopping threads took: 0,0000327 seconds
2021-01-18T06:59:08.194-0100: 12,829: Total time for which application threads were stopped: 0,0001969 seconds, Stopping threads took: 0,0000211 seconds
2021-01-18T06:59:09.175-0100: 13,811: Total time for which application threads were stopped: 0,0002535 seconds, Stopping threads took: 0,0000219 seconds
{Heap before GC invocations=15 (full 1):
 par new generation   total 46080K, used 46080K [0x00000007a0c00000, 0x00000007a3e00000, 0x00000007a3e00000)
  eden space 40960K, 100% used [0x00000007a0c00000, 0x00000007a3400000, 0x00000007a3400000)
  from space 5120K, 100% used [0x00000007a3900000, 0x00000007a3e00000, 0x00000007a3e00000)
  to   space 5120K,   0% used [0x00000007a3400000, 0x00000007a3400000, 0x00000007a3900000)
 concurrent mark-sweep generation total 460800K, used 68274K [0x00000007a3e00000, 0x00000007c0000000, 0x00000007c0000000)
 Metaspace       used 44815K, capacity 46735K, committed 47024K, reserved 1089536K
  class space    used 6199K, capacity 6662K, committed 6720K, reserved 1048576K
2021-01-18T06:59:09.208-0100: 13,843: [GC (Allocation Failure) 2021-01-18T06:59:09.208-0100: 13,843: [ParNew
Desired survivor size 2621440 bytes, new threshold 1 (max 1)
- age   1:    5028040 bytes,    5028040 total
: 46080K->5120K(46080K), 0,0047854 secs] 114354K->78465K(506880K), 0,0048532 secs] [Times: user=0,03 sys=0,00, real=0,01 secs] 
Heap after GC invocations=16 (full 1):
 par new generation   total 46080K, used 5120K [0x00000007a0c00000, 0x00000007a3e00000, 0x00000007a3e00000)
  eden space 40960K,   0% used [0x00000007a0c00000, 0x00000007a0c00000, 0x00000007a3400000)
  from space 5120K, 100% used [0x00000007a3400000, 0x00000007a3900000, 0x00000007a3900000)
  to   space 5120K,   0% used [0x00000007a3900000, 0x00000007a3900000, 0x00000007a3e00000)
 concurrent mark-sweep generation total 460800K, used 73345K [0x00000007a3e00000, 0x00000007c0000000, 0x00000007c0000000)
 Metaspace       used 44815K, capacity 46735K, committed 47024K, reserved 1089536K
  class space    used 6199K, capacity 6662K, committed 6720K, reserved 1048576K
}
2021-01-18T06:59:09.213-0100: 13,848: Total time for which application threads were stopped: 0,0051495 seconds, Stopping threads took: 0,0000637 seconds
2021-01-18T06:59:09.213-0100: 13,848: [GC (CMS Initial Mark) [1 CMS-initial-mark: 73345K(460800K)] 78791K(506880K), 0,0008829 secs] [Times: user=0,00 sys=0,00, real=0,00 secs] 
2021-01-18T06:59:09.214-0100: 13,849: Total time for which application threads were stopped: 0,0010701 seconds, Stopping threads took: 0,0000538 seconds
2021-01-18T06:59:09.214-0100: 13,849: [CMS-concurrent-mark-start]
2021-01-18T06:59:09.228-0100: 13,864: [CMS-concurrent-mark: 0,014/0,014 secs] [Times: user=0,05 sys=0,00, real=0,01 secs] 
2021-01-18T06:59:09.228-0100: 13,864: [CMS-concurrent-preclean-start]
2021-01-18T06:59:09.229-0100: 13,865: [CMS-concurrent-preclean: 0,001/0,001 secs] [Times: user=0,00 sys=0,00, real=0,00 secs] 
2021-01-18T06:59:09.230-0100: 13,865: [GC (CMS Final Remark) [YG occupancy: 5591 K (46080 K)]2021-01-18T06:59:09.230-0100: 13,865: [Rescan (parallel) , 0,0009670 secs]2021-01-18T06:59:09.231-0100: 13,866: [weak refs processing, 0,0000450 secs]2021-01-18T06:59:09.231-0100: 13,866: [class unloading, 0,0087050 secs]2021-01-18T06:59:09.239-0100: 13,875: [scrub symbol table, 0,0040892 secs]2021-01-18T06:59:09.243-0100: 13,879: [scrub string table, 0,0006575 secs][1 CMS-remark: 73345K(460800K)] 78937K(506880K), 0,0149785 secs] [Times: user=0,02 sys=0,00, real=0,01 secs] 
2021-01-18T06:59:09.245-0100: 13,880: Total time for which application threads were stopped: 0,0151127 seconds, Stopping threads took: 0,0000215 seconds
2021-01-18T06:59:09.245-0100: 13,880: [CMS-concurrent-sweep-start]
2021-01-18T06:59:09.267-0100: 13,903: [CMS-concurrent-sweep: 0,022/0,022 secs] [Times: user=0,03 sys=0,00, real=0,02 secs] 
2021-01-18T06:59:09.267-0100: 13,903: [CMS-concurrent-reset-start]
2021-01-18T06:59:09.267-0100: 13,903: [CMS-concurrent-reset: 0,000/0,000 secs] [Times: user=0,00 sys=0,00, real=0,00 secs] 
2021-01-18T06:59:10.245-0100: 14,881: Total time for which application threads were stopped: 0,0002420 seconds, Stopping threads took: 0,0000359 seconds
2021-01-18T06:59:11.245-0100: 15,881: Total time for which application threads were stopped: 0,0001683 seconds, Stopping threads took: 0,0000337 seconds
2021-01-18T06:59:12.246-0100: 16,881: Total time for which application threads were stopped: 0,0001306 seconds, Stopping threads took: 0,0000263 seconds
2021-01-18T06:59:13.247-0100: 17,882: Total time for which application threads were stopped: 0,0002653 seconds, Stopping threads took: 0,0000438 seconds
2021-01-18T06:59:14.247-0100: 18,882: Total time for which application threads were stopped: 0,0001388 seconds, Stopping threads took: 0,0000435 seconds
2021-01-18T06:59:15.247-0100: 19,883: Total time for which application threads were stopped: 0,0001643 seconds, Stopping threads took: 0,0000365 seconds
2021-01-18T06:59:16.248-0100: 20,883: Total time for which application threads were stopped: 0,0002556 seconds, Stopping threads took: 0,0000217 seconds
2021-01-18T06:59:16.258-0100: 20,893: Total time for which application threads were stopped: 0,0005385 seconds, Stopping threads took: 0,0000247 seconds
2021-01-18T06:59:16.270-0100: 20,905: Total time for which application threads were stopped: 0,0005005 seconds, Stopping threads took: 0,0000198 seconds
2021-01-18T06:59:17.271-0100: 21,906: Total time for which application threads were stopped: 0,0003200 seconds, Stopping threads took: 0,0000432 seconds
2021-01-18T06:59:18.272-0100: 22,907: Total time for which application threads were stopped: 0,0001494 seconds, Stopping threads took: 0,0000279 seconds
2021-01-18T06:59:21.275-0100: 25,910: Total time for which application threads were stopped: 0,0002351 seconds, Stopping threads took: 0,0000464 seconds
2021-01-18T06:59:24.277-0100: 28,912: Total time for which application threads were stopped: 0,0002360 seconds, Stopping threads took: 0,0000474 seconds
2021-01-18T06:59:31.280-0100: 35,916: Total time for which application threads were stopped: 0,0001481 seconds, Stopping threads took: 0,0000577 seconds
2021-01-18T06:59:32.281-0100: 36,917: Total time for which application threads were stopped: 0,0002201 seconds, Stopping threads took: 0,0000340 seconds
2021-01-18T06:59:36.284-0100: 40,919: Total time for which application threads were stopped: 0,0002323 seconds, Stopping threads took: 0,0000440 seconds
2021-01-18T06:59:37.285-0100: 41,920: Total time for which application threads were stopped: 0,0002538 seconds, Stopping threads took: 0,0000677 seconds
2021-01-18T06:59:38.286-0100: 42,921: Total time for which application threads were stopped: 0,0001555 seconds, Stopping threads took: 0,0000284 seconds
2021-01-18T06:59:39.287-0100: 43,922: Total time for which application threads were stopped: 0,0001625 seconds, Stopping threads took: 0,0000330 seconds
2021-01-18T06:59:41.289-0100: 45,924: Total time for which application threads were stopped: 0,0002456 seconds, Stopping threads took: 0,0000494 seconds
2021-01-18T06:59:42.290-0100: 46,925: Total time for which application threads were stopped: 0,0002789 seconds, Stopping threads took: 0,0000507 seconds
2021-01-18T06:59:43.290-0100: 47,926: Total time for which application threads were stopped: 0,0001343 seconds, Stopping threads took: 0,0000231 seconds
2021-01-18T06:59:44.292-0100: 48,927: Total time for which application threads were stopped: 0,0002374 seconds, Stopping threads took: 0,0000475 seconds
2021-01-18T06:59:45.292-0100: 49,927: Total time for which application threads were stopped: 0,0001718 seconds, Stopping threads took: 0,0000367 seconds
2021-01-18T06:59:46.292-0100: 50,928: Total time for which application threads were stopped: 0,0002375 seconds, Stopping threads took: 0,0000502 seconds
2021-01-18T06:59:49.294-0100: 53,929: Total time for which application threads were stopped: 0,0002695 seconds, Stopping threads took: 0,0000510 seconds
2021-01-18T06:59:51.296-0100: 55,931: Total time for which application threads were stopped: 0,0001782 seconds, Stopping threads took: 0,0000378 seconds
2021-01-18T06:59:52.297-0100: 56,932: Total time for which application threads were stopped: 0,0001737 seconds, Stopping threads took: 0,0000506 seconds
2021-01-18T06:59:56.299-0100: 60,934: Total time for which application threads were stopped: 0,0002225 seconds, Stopping threads took: 0,0000434 seconds
2021-01-18T06:59:58.299-0100: 62,935: Total time for which application threads were stopped: 0,0001212 seconds, Stopping threads took: 0,0000288 seconds
2021-01-18T06:59:59.300-0100: 63,935: Total time for which application threads were stopped: 0,0002386 seconds, Stopping threads took: 0,0000454 seconds
2021-01-18T07:00:00.300-0100: 64,936: Total time for which application threads were stopped: 0,0001696 seconds, Stopping threads took: 0,0000338 seconds
2021-01-18T07:00:01.302-0100: 65,937: Total time for which application threads were stopped: 0,0002361 seconds, Stopping threads took: 0,0000678 seconds
2021-01-18T07:00:02.303-0100: 66,938: Total time for which application threads were stopped: 0,0002286 seconds, Stopping threads took: 0,0000421 seconds
2021-01-18T07:00:04.305-0100: 68,940: Total time for which application threads were stopped: 0,0001779 seconds, Stopping threads took: 0,0000521 seconds
2021-01-18T07:00:07.308-0100: 71,943: Total time for which application threads were stopped: 0,0002278 seconds, Stopping threads took: 0,0000464 seconds
2021-01-18T07:00:14.311-0100: 78,946: Total time for which application threads were stopped: 0,0002156 seconds, Stopping threads took: 0,0000434 seconds
2021-01-18T07:00:16.312-0100: 80,947: Total time for which application threads were stopped: 0,0002118 seconds, Stopping threads took: 0,0000451 seconds
2021-01-18T07:00:17.312-0100: 81,947: Total time for which application threads were stopped: 0,0001373 seconds, Stopping threads took: 0,0000302 seconds
2021-01-18T07:00:18.313-0100: 82,948: Total time for which application threads were stopped: 0,0001052 seconds, Stopping threads took: 0,0000208 seconds
2021-01-18T07:00:19.314-0100: 83,949: Total time for which application threads were stopped: 0,0002253 seconds, Stopping threads took: 0,0000466 seconds
2021-01-18T07:00:20.315-0100: 84,950: Total time for which application threads were stopped: 0,0001417 seconds, Stopping threads took: 0,0000298 seconds
2021-01-18T07:00:22.316-0100: 86,951: Total time for which application threads were stopped: 0,0002280 seconds, Stopping threads took: 0,0000430 seconds
2021-01-18T07:00:23.317-0100: 87,952: Total time for which application threads were stopped: 0,0001722 seconds, Stopping threads took: 0,0000520 seconds
2021-01-18T07:00:24.317-0100: 88,953: Total time for which application threads were stopped: 0,0002035 seconds, Stopping threads took: 0,0000397 seconds
2021-01-18T07:00:25.318-0100: 89,953: Total time for which application threads were stopped: 0,0001005 seconds, Stopping threads took: 0,0000219 seconds
2021-01-18T07:00:26.318-0100: 90,953: Total time for which application threads were stopped: 0,0001585 seconds, Stopping threads took: 0,0000337 seconds
2021-01-18T07:00:27.320-0100: 91,955: Total time for which application threads were stopped: 0,0002067 seconds, Stopping threads took: 0,0000431 seconds
2021-01-18T07:00:28.321-0100: 92,956: Total time for which application threads were stopped: 0,0002104 seconds, Stopping threads took: 0,0000527 seconds
2021-01-18T07:00:29.322-0100: 93,957: Total time for which application threads were stopped: 0,0001712 seconds, Stopping threads took: 0,0000388 seconds
2021-01-18T07:00:30.323-0100: 94,958: Total time for which application threads were stopped: 0,0002138 seconds, Stopping threads took: 0,0000445 seconds
2021-01-18T07:00:31.324-0100: 95,959: Total time for which application threads were stopped: 0,0001618 seconds, Stopping threads took: 0,0000567 seconds
2021-01-18T07:00:32.325-0100: 96,960: Total time for which application threads were stopped: 0,0002064 seconds, Stopping threads took: 0,0000410 seconds
2021-01-18T07:00:33.325-0100: 97,960: Total time for which application threads were stopped: 0,0001118 seconds, Stopping threads took: 0,0000360 seconds
2021-01-18T07:00:34.326-0100: 98,960: Total time for which application threads were stopped: 0,0001348 seconds, Stopping threads took: 0,0000462 seconds
2021-01-18T07:00:36.326-0100: 100,961: Total time for which application threads were stopped: 0,0001977 seconds, Stopping threads took: 0,0000404 seconds
2021-01-18T07:00:42.329-0100: 106,964: Total time for which application threads were stopped: 0,0001498 seconds, Stopping threads took: 0,0000315 seconds
2021-01-18T07:00:43.330-0100: 107,965: Total time for which application threads were stopped: 0,0000936 seconds, Stopping threads took: 0,0000221 seconds
2021-01-18T07:00:45.330-0100: 109,965: Total time for which application threads were stopped: 0,0001884 seconds, Stopping threads took: 0,0000319 seconds
2021-01-18T07:00:48.333-0100: 112,968: Total time for which application threads were stopped: 0,0001312 seconds, Stopping threads took: 0,0000514 seconds
2021-01-18T07:00:56.338-0100: 120,973: Total time for which application threads were stopped: 0,0002091 seconds, Stopping threads took: 0,0000426 seconds
2021-01-18T07:00:58.339-0100: 122,974: Total time for which application threads were stopped: 0,0001005 seconds, Stopping threads took: 0,0000184 seconds
2021-01-18T07:01:00.340-0100: 124,974: Total time for which application threads were stopped: 0,0002083 seconds, Stopping threads took: 0,0000457 seconds
2021-01-18T07:01:05.342-0100: 129,977: Total time for which application threads were stopped: 0,0001312 seconds, Stopping threads took: 0,0000260 seconds
2021-01-18T07:01:06.343-0100: 130,978: Total time for which application threads were stopped: 0,0001902 seconds, Stopping threads took: 0,0000381 seconds
2021-01-18T07:01:07.344-0100: 131,978: Total time for which application threads were stopped: 0,0003163 seconds, Stopping threads took: 0,0001439 seconds
2021-01-18T07:01:08.344-0100: 132,979: Total time for which application threads were stopped: 0,0001651 seconds, Stopping threads took: 0,0000548 seconds
2021-01-18T07:01:10.345-0100: 134,980: Total time for which application threads were stopped: 0,0002101 seconds, Stopping threads took: 0,0000488 seconds
2021-01-18T07:01:11.346-0100: 135,981: Total time for which application threads were stopped: 0,0002519 seconds, Stopping threads took: 0,0000510 seconds
2021-01-18T07:01:13.347-0100: 137,981: Total time for which application threads were stopped: 0,0001595 seconds, Stopping threads took: 0,0000343 seconds
2021-01-18T07:01:14.348-0100: 138,982: Total time for which application threads were stopped: 0,0001553 seconds, Stopping threads took: 0,0000340 seconds
2021-01-18T07:01:17.351-0100: 141,985: Total time for which application threads were stopped: 0,0002088 seconds, Stopping threads took: 0,0000424 seconds
2021-01-18T07:01:18.352-0100: 142,987: Total time for which application threads were stopped: 0,0001773 seconds, Stopping threads took: 0,0000595 seconds
2021-01-18T07:01:19.352-0100: 143,987: Total time for which application threads were stopped: 0,0001016 seconds, Stopping threads took: 0,0000210 seconds
2021-01-18T07:01:20.353-0100: 144,988: Total time for which application threads were stopped: 0,0002133 seconds, Stopping threads took: 0,0000448 seconds
2021-01-18T07:01:21.354-0100: 145,989: Total time for which application threads were stopped: 0,0002664 seconds, Stopping threads took: 0,0000975 seconds
2021-01-18T07:01:22.355-0100: 146,990: Total time for which application threads were stopped: 0,0001447 seconds, Stopping threads took: 0,0000494 seconds
2021-01-18T07:01:23.356-0100: 147,991: Total time for which application threads were stopped: 0,0001500 seconds, Stopping threads took: 0,0000203 seconds
2021-01-18T07:01:24.357-0100: 148,991: Total time for which application threads were stopped: 0,0000974 seconds, Stopping threads took: 0,0000343 seconds
{Heap before GC invocations=16 (full 2):
 par new generation   total 46080K, used 46080K [0x00000007a0c00000, 0x00000007a3e00000, 0x00000007a3e00000)
  eden space 40960K, 100% used [0x00000007a0c00000, 0x00000007a3400000, 0x00000007a3400000)
  from space 5120K, 100% used [0x00000007a3400000, 0x00000007a3900000, 0x00000007a3900000)
  to   space 5120K,   0% used [0x00000007a3900000, 0x00000007a3900000, 0x00000007a3e00000)
 concurrent mark-sweep generation total 460800K, used 42452K [0x00000007a3e00000, 0x00000007c0000000, 0x00000007c0000000)
 Metaspace       used 46743K, capacity 48929K, committed 49152K, reserved 1091584K
  class space    used 6431K, capacity 6941K, committed 6976K, reserved 1048576K
2021-01-18T07:01:29.397-0100: 154,032: [GC (Allocation Failure) 2021-01-18T07:01:29.397-0100: 154,032: [ParNew
Desired survivor size 2621440 bytes, new threshold 1 (max 1)
- age   1:    3348576 bytes,    3348576 total
: 46080K->5120K(46080K), 0,0030530 secs] 88532K->55198K(506880K), 0,0031054 secs] [Times: user=0,02 sys=0,00, real=0,01 secs] 
Heap after GC invocations=17 (full 2):
 par new generation   total 46080K, used 5120K [0x00000007a0c00000, 0x00000007a3e00000, 0x00000007a3e00000)
  eden space 40960K,   0% used [0x00000007a0c00000, 0x00000007a0c00000, 0x00000007a3400000)
  from space 5120K, 100% used [0x00000007a3900000, 0x00000007a3e00000, 0x00000007a3e00000)
  to   space 5120K,   0% used [0x00000007a3400000, 0x00000007a3400000, 0x00000007a3900000)
 concurrent mark-sweep generation total 460800K, used 50078K [0x00000007a3e00000, 0x00000007c0000000, 0x00000007c0000000)
 Metaspace       used 46743K, capacity 48929K, committed 49152K, reserved 1091584K
  class space    used 6431K, capacity 6941K, committed 6976K, reserved 1048576K
}
2021-01-18T07:01:29.400-0100: 154,035: Total time for which application threads were stopped: 0,0032937 seconds, Stopping threads took: 0,0000306 seconds
2021-01-18T07:01:35.405-0100: 160,039: Total time for which application threads were stopped: 0,0000911 seconds, Stopping threads took: 0,0000176 seconds
2021-01-18T07:01:37.407-0100: 162,041: Total time for which application threads were stopped: 0,0000779 seconds, Stopping threads took: 0,0000160 seconds
2021-01-18T07:01:38.408-0100: 163,042: Total time for which application threads were stopped: 0,0000779 seconds, Stopping threads took: 0,0000149 seconds
2021-01-18T07:01:44.411-0100: 169,046: Total time for which application threads were stopped: 0,0000813 seconds, Stopping threads took: 0,0000166 seconds
2021-01-18T07:01:48.413-0100: 173,047: Total time for which application threads were stopped: 0,0001359 seconds, Stopping threads took: 0,0000396 seconds
2021-01-18T07:01:49.414-0100: 174,048: Total time for which application threads were stopped: 0,0000993 seconds, Stopping threads took: 0,0000178 seconds
2021-01-18T07:01:50.415-0100: 175,049: Total time for which application threads were stopped: 0,0000788 seconds, Stopping threads took: 0,0000160 seconds
2021-01-18T07:01:51.416-0100: 176,050: Total time for which application threads were stopped: 0,0001203 seconds, Stopping threads took: 0,0000154 seconds
2021-01-18T07:01:53.417-0100: 178,052: Total time for which application threads were stopped: 0,0001522 seconds, Stopping threads took: 0,0000619 seconds
2021-01-18T07:01:54.418-0100: 179,053: Total time for which application threads were stopped: 0,0000864 seconds, Stopping threads took: 0,0000163 seconds
2021-01-18T07:01:55.419-0100: 180,054: Total time for which application threads were stopped: 0,0000848 seconds, Stopping threads took: 0,0000169 seconds
2021-01-18T07:01:56.420-0100: 181,055: Total time for which application threads were stopped: 0,0000820 seconds, Stopping threads took: 0,0000160 seconds
2021-01-18T07:01:58.421-0100: 183,055: Total time for which application threads were stopped: 0,0000838 seconds, Stopping threads took: 0,0000156 seconds
2021-01-18T07:02:05.427-0100: 190,061: Total time for which application threads were stopped: 0,0002616 seconds, Stopping threads took: 0,0000439 seconds
2021-01-18T07:02:08.428-0100: 193,063: Total time for which application threads were stopped: 0,0002129 seconds, Stopping threads took: 0,0000439 seconds
2021-01-18T07:02:11.430-0100: 196,065: Total time for which application threads were stopped: 0,0002248 seconds, Stopping threads took: 0,0000653 seconds
2021-01-18T07:02:18.433-0100: 203,067: Total time for which application threads were stopped: 0,0002162 seconds, Stopping threads took: 0,0000413 seconds
2021-01-18T07:02:19.434-0100: 204,068: Total time for which application threads were stopped: 0,0002404 seconds, Stopping threads took: 0,0000434 seconds
2021-01-18T07:02:26.438-0100: 211,072: Total time for which application threads were stopped: 0,0001542 seconds, Stopping threads took: 0,0000321 seconds
2021-01-18T07:02:35.443-0100: 220,077: Total time for which application threads were stopped: 0,0001909 seconds, Stopping threads took: 0,0000636 seconds
2021-01-18T07:02:42.447-0100: 227,081: Total time for which application threads were stopped: 0,0001453 seconds, Stopping threads took: 0,0000288 seconds
2021-01-18T07:02:45.448-0100: 230,084: Total time for which application threads were stopped: 0,0016304 seconds, Stopping threads took: 0,0000406 seconds
2021-01-18T07:02:46.450-0100: 231,084: Total time for which application threads were stopped: 0,0001425 seconds, Stopping threads took: 0,0000279 seconds
2021-01-18T07:02:50.452-0100: 235,086: Total time for which application threads were stopped: 0,0001954 seconds, Stopping threads took: 0,0000393 seconds
2021-01-18T07:02:51.453-0100: 236,087: Total time for which application threads were stopped: 0,0001915 seconds, Stopping threads took: 0,0000423 seconds
2021-01-18T07:02:52.454-0100: 237,088: Total time for which application threads were stopped: 0,0002250 seconds, Stopping threads took: 0,0000491 seconds
2021-01-18T07:02:59.460-0100: 244,094: Total time for which application threads were stopped: 0,0002775 seconds, Stopping threads took: 0,0000475 seconds
2021-01-18T07:03:06.465-0100: 251,099: Total time for which application threads were stopped: 0,0002266 seconds, Stopping threads took: 0,0000436 seconds
2021-01-18T07:03:08.467-0100: 253,101: Total time for which application threads were stopped: 0,0002047 seconds, Stopping threads took: 0,0000431 seconds
2021-01-18T07:03:11.471-0100: 256,104: Total time for which application threads were stopped: 0,0002204 seconds, Stopping threads took: 0,0000441 seconds
2021-01-18T07:03:12.471-0100: 257,105: Total time for which application threads were stopped: 0,0001421 seconds, Stopping threads took: 0,0000283 seconds
2021-01-18T07:03:13.473-0100: 258,106: Total time for which application threads were stopped: 0,0002214 seconds, Stopping threads took: 0,0000441 seconds
2021-01-18T07:03:14.474-0100: 259,108: Total time for which application threads were stopped: 0,0002416 seconds, Stopping threads took: 0,0000465 seconds
2021-01-18T07:03:15.475-0100: 260,109: Total time for which application threads were stopped: 0,0001417 seconds, Stopping threads took: 0,0000558 seconds
2021-01-18T07:03:17.477-0100: 262,111: Total time for which application threads were stopped: 0,0002343 seconds, Stopping threads took: 0,0000538 seconds
2021-01-18T07:03:19.478-0100: 264,112: Total time for which application threads were stopped: 0,0002478 seconds, Stopping threads took: 0,0000447 seconds
2021-01-18T07:03:20.479-0100: 265,113: Total time for which application threads were stopped: 0,0002162 seconds, Stopping threads took: 0,0000448 seconds
2021-01-18T07:03:24.481-0100: 269,115: Total time for which application threads were stopped: 0,0002302 seconds, Stopping threads took: 0,0000463 seconds
2021-01-18T07:03:26.483-0100: 271,117: Total time for which application threads were stopped: 0,0002082 seconds, Stopping threads took: 0,0000443 seconds
2021-01-18T07:03:28.484-0100: 273,118: Total time for which application threads were stopped: 0,0002191 seconds, Stopping threads took: 0,0000452 seconds
2021-01-18T07:03:35.488-0100: 280,122: Total time for which application threads were stopped: 0,0001219 seconds, Stopping threads took: 0,0000200 seconds
2021-01-18T07:03:40.492-0100: 285,125: Total time for which application threads were stopped: 0,0002143 seconds, Stopping threads took: 0,0000442 seconds
2021-01-18T07:03:54.498-0100: 299,132: Total time for which application threads were stopped: 0,0001537 seconds, Stopping threads took: 0,0000335 seconds
2021-01-18T07:03:58.500-0100: 303,134: Total time for which application threads were stopped: 0,0001478 seconds, Stopping threads took: 0,0000305 seconds
2021-01-18T07:04:02.503-0100: 307,136: Total time for which application threads were stopped: 0,0001449 seconds, Stopping threads took: 0,0000289 seconds
2021-01-18T07:04:09.505-0100: 314,138: Total time for which application threads were stopped: 0,0002150 seconds, Stopping threads took: 0,0000426 seconds
2021-01-18T07:04:16.511-0100: 321,144: Total time for which application threads were stopped: 0,0002306 seconds, Stopping threads took: 0,0000437 seconds
2021-01-18T07:04:32.521-0100: 337,154: Total time for which application threads were stopped: 0,0001460 seconds, Stopping threads took: 0,0000242 seconds
2021-01-18T07:04:41.527-0100: 346,160: Total time for which application threads were stopped: 0,0002237 seconds, Stopping threads took: 0,0000455 seconds
2021-01-18T07:04:45.529-0100: 350,162: Total time for which application threads were stopped: 0,0001725 seconds, Stopping threads took: 0,0000322 seconds
2021-01-18T07:04:46.531-0100: 351,164: Total time for which application threads were stopped: 0,0002358 seconds, Stopping threads took: 0,0000445 seconds
2021-01-18T07:04:48.531-0100: 353,164: Total time for which application threads were stopped: 0,0002394 seconds, Stopping threads took: 0,0000503 seconds
2021-01-18T07:04:50.533-0100: 355,166: Total time for which application threads were stopped: 0,0001870 seconds, Stopping threads took: 0,0000587 seconds
2021-01-18T07:04:54.535-0100: 359,168: Total time for which application threads were stopped: 0,0001362 seconds, Stopping threads took: 0,0000265 seconds
2021-01-18T07:04:56.536-0100: 361,169: Total time for which application threads were stopped: 0,0002677 seconds, Stopping threads took: 0,0000667 seconds
2021-01-18T07:04:58.539-0100: 363,172: Total time for which application threads were stopped: 0,0002433 seconds, Stopping threads took: 0,0000466 seconds
2021-01-18T07:05:01.541-0100: 366,174: Total time for which application threads were stopped: 0,0002975 seconds, Stopping threads took: 0,0000420 seconds
2021-01-18T07:05:16.547-0100: 381,180: Total time for which application threads were stopped: 0,0001575 seconds, Stopping threads took: 0,0000293 seconds
2021-01-18T07:05:33.558-0100: 398,191: Total time for which application threads were stopped: 0,0001766 seconds, Stopping threads took: 0,0000495 seconds
2021-01-18T07:05:34.559-0100: 399,191: Total time for which application threads were stopped: 0,0002281 seconds, Stopping threads took: 0,0000460 seconds
2021-01-18T07:05:38.562-0100: 403,194: Total time for which application threads were stopped: 0,0002231 seconds, Stopping threads took: 0,0000445 seconds
2021-01-18T07:05:44.566-0100: 409,199: Total time for which application threads were stopped: 0,0001155 seconds, Stopping threads took: 0,0000242 seconds
2021-01-18T07:05:51.570-0100: 416,202: Total time for which application threads were stopped: 0,0001705 seconds, Stopping threads took: 0,0000322 seconds
2021-01-18T07:05:56.573-0100: 421,205: Total time for which application threads were stopped: 0,0002357 seconds, Stopping threads took: 0,0000466 seconds
2021-01-18T07:05:58.575-0100: 423,207: Total time for which application threads were stopped: 0,0002301 seconds, Stopping threads took: 0,0000466 seconds
2021-01-18T07:06:06.579-0100: 431,212: Total time for which application threads were stopped: 0,0002259 seconds, Stopping threads took: 0,0000443 seconds
2021-01-18T07:06:11.582-0100: 436,215: Total time for which application threads were stopped: 0,0002549 seconds, Stopping threads took: 0,0000511 seconds
{Heap before GC invocations=17 (full 2):
 par new generation   total 46080K, used 46010K [0x00000007a0c00000, 0x00000007a3e00000, 0x00000007a3e00000)
  eden space 40960K,  99% used [0x00000007a0c00000, 0x00000007a33eea00, 0x00000007a3400000)
  from space 5120K, 100% used [0x00000007a3900000, 0x00000007a3e00000, 0x00000007a3e00000)
  to   space 5120K,   0% used [0x00000007a3400000, 0x00000007a3400000, 0x00000007a3900000)
 concurrent mark-sweep generation total 460800K, used 50078K [0x00000007a3e00000, 0x00000007c0000000, 0x00000007c0000000)
 Metaspace       used 47014K, capacity 49233K, committed 49408K, reserved 1091584K
  class space    used 6438K, capacity 6947K, committed 6976K, reserved 1048576K
2021-01-18T07:06:20.189-0100: 444,821: [GC (Allocation Failure) 2021-01-18T07:06:20.189-0100: 444,822: [ParNew
Desired survivor size 2621440 bytes, new threshold 1 (max 1)
- age   1:    1233280 bytes,    1233280 total
: 46010K->1921K(46080K), 0,0034774 secs] 96088K->53892K(506880K), 0,0038422 secs] [Times: user=0,02 sys=0,00, real=0,01 secs] 
Heap after GC invocations=18 (full 2):
 par new generation   total 46080K, used 1921K [0x00000007a0c00000, 0x00000007a3e00000, 0x00000007a3e00000)
  eden space 40960K,   0% used [0x00000007a0c00000, 0x00000007a0c00000, 0x00000007a3400000)
  from space 5120K,  37% used [0x00000007a3400000, 0x00000007a35e0780, 0x00000007a3900000)
  to   space 5120K,   0% used [0x00000007a3900000, 0x00000007a3900000, 0x00000007a3e00000)
 concurrent mark-sweep generation total 460800K, used 51970K [0x00000007a3e00000, 0x00000007c0000000, 0x00000007c0000000)
 Metaspace       used 47014K, capacity 49233K, committed 49408K, reserved 1091584K
  class space    used 6438K, capacity 6947K, committed 6976K, reserved 1048576K
}
2021-01-18T07:06:20.193-0100: 444,825: Total time for which application threads were stopped: 0,0041971 seconds, Stopping threads took: 0,0000543 seconds
{Heap before GC invocations=18 (full 2):
 par new generation   total 46080K, used 42306K [0x00000007a0c00000, 0x00000007a3e00000, 0x00000007a3e00000)
  eden space 40960K,  98% used [0x00000007a0c00000, 0x00000007a33701b0, 0x00000007a3400000)
  from space 5120K,  37% used [0x00000007a3400000, 0x00000007a35e0780, 0x00000007a3900000)
  to   space 5120K,   0% used [0x00000007a3900000, 0x00000007a3900000, 0x00000007a3e00000)
 concurrent mark-sweep generation total 460800K, used 51970K [0x00000007a3e00000, 0x00000007c0000000, 0x00000007c0000000)
 Metaspace       used 47251K, capacity 49573K, committed 49792K, reserved 1091584K
  class space    used 6465K, capacity 7003K, committed 7104K, reserved 1048576K
2021-01-18T07:06:20.414-0100: 445,047: [GC (Allocation Failure) 2021-01-18T07:06:20.414-0100: 445,047: [ParNew
Desired survivor size 2621440 bytes, new threshold 1 (max 1)
- age   1:    2607480 bytes,    2607480 total
: 42306K->2691K(46080K), 0,0020080 secs] 94276K->54784K(506880K), 0,0020979 secs] [Times: user=0,02 sys=0,00, real=0,00 secs] 
Heap after GC invocations=19 (full 2):
 par new generation   total 46080K, used 2691K [0x00000007a0c00000, 0x00000007a3e00000, 0x00000007a3e00000)
  eden space 40960K,   0% used [0x00000007a0c00000, 0x00000007a0c00000, 0x00000007a3400000)
  from space 5120K,  52% used [0x00000007a3900000, 0x00000007a3ba0f60, 0x00000007a3e00000)
  to   space 5120K,   0% used [0x00000007a3400000, 0x00000007a3400000, 0x00000007a3900000)
 concurrent mark-sweep generation total 460800K, used 52092K [0x00000007a3e00000, 0x00000007c0000000, 0x00000007c0000000)
 Metaspace       used 47251K, capacity 49573K, committed 49792K, reserved 1091584K
  class space    used 6465K, capacity 7003K, committed 7104K, reserved 1048576K
}
2021-01-18T07:06:20.417-0100: 445,049: Total time for which application threads were stopped: 0,0025932 seconds, Stopping threads took: 0,0000581 seconds
2021-01-18T07:06:21.418-0100: 446,050: Total time for which application threads were stopped: 0,0003213 seconds, Stopping threads took: 0,0000582 seconds
2021-01-18T07:06:22.419-0100: 447,051: Total time for which application threads were stopped: 0,0002522 seconds, Stopping threads took: 0,0000507 seconds
2021-01-18T07:06:25.422-0100: 450,054: Total time for which application threads were stopped: 0,0001767 seconds, Stopping threads took: 0,0000359 seconds
{Heap before GC invocations=19 (full 2):
 par new generation   total 46080K, used 42825K [0x00000007a0c00000, 0x00000007a3e00000, 0x00000007a3e00000)
  eden space 40960K,  97% used [0x00000007a0c00000, 0x00000007a3331840, 0x00000007a3400000)
  from space 5120K,  52% used [0x00000007a3900000, 0x00000007a3ba0f60, 0x00000007a3e00000)
  to   space 5120K,   0% used [0x00000007a3400000, 0x00000007a3400000, 0x00000007a3900000)
 concurrent mark-sweep generation total 460800K, used 52092K [0x00000007a3e00000, 0x00000007c0000000, 0x00000007c0000000)
 Metaspace       used 47415K, capacity 49813K, committed 50048K, reserved 1091584K
  class space    used 6483K, capacity 7023K, committed 7104K, reserved 1048576K
2021-01-18T07:06:25.959-0100: 450,591: [GC (Allocation Failure) 2021-01-18T07:06:25.959-0100: 450,591: [ParNew
Desired survivor size 2621440 bytes, new threshold 1 (max 1)
- age   1:    4454608 bytes,    4454608 total
: 42825K->4572K(46080K), 0,0025871 secs] 94918K->71338K(506880K), 0,0026700 secs] [Times: user=0,02 sys=0,00, real=0,01 secs] 
Heap after GC invocations=20 (full 2):
 par new generation   total 46080K, used 4572K [0x00000007a0c00000, 0x00000007a3e00000, 0x00000007a3e00000)
  eden space 40960K,   0% used [0x00000007a0c00000, 0x00000007a0c00000, 0x00000007a3400000)
  from space 5120K,  89% used [0x00000007a3400000, 0x00000007a38773a8, 0x00000007a3900000)
  to   space 5120K,   0% used [0x00000007a3900000, 0x00000007a3900000, 0x00000007a3e00000)
 concurrent mark-sweep generation total 460800K, used 66765K [0x00000007a3e00000, 0x00000007c0000000, 0x00000007c0000000)
 Metaspace       used 47415K, capacity 49813K, committed 50048K, reserved 1091584K
  class space    used 6483K, capacity 7023K, committed 7104K, reserved 1048576K
}
2021-01-18T07:06:25.962-0100: 450,594: Total time for which application threads were stopped: 0,0029147 seconds, Stopping threads took: 0,0000445 seconds
{Heap before GC invocations=20 (full 2):
 par new generation   total 46080K, used 44594K [0x00000007a0c00000, 0x00000007a3e00000, 0x00000007a3e00000)
  eden space 40960K,  97% used [0x00000007a0c00000, 0x00000007a3315648, 0x00000007a3400000)
  from space 5120K,  89% used [0x00000007a3400000, 0x00000007a38773a8, 0x00000007a3900000)
  to   space 5120K,   0% used [0x00000007a3900000, 0x00000007a3900000, 0x00000007a3e00000)
 concurrent mark-sweep generation total 460800K, used 66765K [0x00000007a3e00000, 0x00000007c0000000, 0x00000007c0000000)
 Metaspace       used 47514K, capacity 49889K, committed 50048K, reserved 1091584K
  class space    used 6484K, capacity 7023K, committed 7104K, reserved 1048576K
2021-01-18T07:06:26.055-0100: 450,687: [GC (Allocation Failure) 2021-01-18T07:06:26.055-0100: 450,687: [ParNew
Desired survivor size 2621440 bytes, new threshold 1 (max 1)
- age   1:    4536064 bytes,    4536064 total
: 44594K->4518K(46080K), 0,0024169 secs] 111359K->77577K(506880K), 0,0025099 secs] [Times: user=0,02 sys=0,00, real=0,00 secs] 
Heap after GC invocations=21 (full 2):
 par new generation   total 46080K, used 4518K [0x00000007a0c00000, 0x00000007a3e00000, 0x00000007a3e00000)
  eden space 40960K,   0% used [0x00000007a0c00000, 0x00000007a0c00000, 0x00000007a3400000)
  from space 5120K,  88% used [0x00000007a3900000, 0x00000007a3d69ab0, 0x00000007a3e00000)
  to   space 5120K,   0% used [0x00000007a3400000, 0x00000007a3400000, 0x00000007a3900000)
 concurrent mark-sweep generation total 460800K, used 73058K [0x00000007a3e00000, 0x00000007c0000000, 0x00000007c0000000)
 Metaspace       used 47514K, capacity 49889K, committed 50048K, reserved 1091584K
  class space    used 6484K, capacity 7023K, committed 7104K, reserved 1048576K
}
2021-01-18T07:06:26.058-0100: 450,690: Total time for which application threads were stopped: 0,0028994 seconds, Stopping threads took: 0,0000556 seconds
{Heap before GC invocations=21 (full 2):
 par new generation   total 46080K, used 45478K [0x00000007a0c00000, 0x00000007a3e00000, 0x00000007a3e00000)
  eden space 40960K, 100% used [0x00000007a0c00000, 0x00000007a3400000, 0x00000007a3400000)
  from space 5120K,  88% used [0x00000007a3900000, 0x00000007a3d69ab0, 0x00000007a3e00000)
  to   space 5120K,   0% used [0x00000007a3400000, 0x00000007a3400000, 0x00000007a3900000)
 concurrent mark-sweep generation total 460800K, used 73058K [0x00000007a3e00000, 0x00000007c0000000, 0x00000007c0000000)
 Metaspace       used 47583K, capacity 49971K, committed 50304K, reserved 1093632K
  class space    used 6485K, capacity 7024K, committed 7104K, reserved 1048576K
2021-01-18T07:06:26.158-0100: 450,790: [GC (Allocation Failure) 2021-01-18T07:06:26.158-0100: 450,790: [ParNew
Desired survivor size 2621440 bytes, new threshold 1 (max 1)
- age   1:    4538200 bytes,    4538200 total
: 45478K->4553K(46080K), 0,0018368 secs] 118537K->78792K(506880K), 0,0019440 secs] [Times: user=0,01 sys=0,00, real=0,01 secs] 
Heap after GC invocations=22 (full 2):
 par new generation   total 46080K, used 4553K [0x00000007a0c00000, 0x00000007a3e00000, 0x00000007a3e00000)
  eden space 40960K,   0% used [0x00000007a0c00000, 0x00000007a0c00000, 0x00000007a3400000)
  from space 5120K,  88% used [0x00000007a3400000, 0x00000007a38724a0, 0x00000007a3900000)
  to   space 5120K,   0% used [0x00000007a3900000, 0x00000007a3900000, 0x00000007a3e00000)
 concurrent mark-sweep generation total 460800K, used 74238K [0x00000007a3e00000, 0x00000007c0000000, 0x00000007c0000000)
 Metaspace       used 47583K, capacity 49971K, committed 50304K, reserved 1093632K
  class space    used 6485K, capacity 7024K, committed 7104K, reserved 1048576K
}
2021-01-18T07:06:26.160-0100: 450,792: Total time for which application threads were stopped: 0,0023318 seconds, Stopping threads took: 0,0000570 seconds
2021-01-18T07:06:27.161-0100: 451,793: Total time for which application threads were stopped: 0,0003393 seconds, Stopping threads took: 0,0000488 seconds
2021-01-18T07:06:29.163-0100: 453,795: Total time for which application threads were stopped: 0,0001883 seconds, Stopping threads took: 0,0000407 seconds
2021-01-18T07:06:53.178-0100: 477,810: Total time for which application threads were stopped: 0,0002681 seconds, Stopping threads took: 0,0000316 seconds
2021-01-18T07:07:09.190-0100: 493,822: Total time for which application threads were stopped: 0,0002534 seconds, Stopping threads took: 0,0000481 seconds
2021-01-18T07:07:11.191-0100: 495,823: Total time for which application threads were stopped: 0,0001042 seconds, Stopping threads took: 0,0000207 seconds
2021-01-18T07:07:12.022-0100: 496,653: Total time for which application threads were stopped: 0,0006004 seconds, Stopping threads took: 0,0000196 seconds
2021-01-18T07:07:12.028-0100: 496,659: Total time for which application threads were stopped: 0,0006121 seconds, Stopping threads took: 0,0000120 seconds
2021-01-18T07:07:13.028-0100: 497,660: Total time for which application threads were stopped: 0,0003363 seconds, Stopping threads took: 0,0000574 seconds
2021-01-18T07:07:17.032-0100: 501,663: Total time for which application threads were stopped: 0,0002720 seconds, Stopping threads took: 0,0000493 seconds
2021-01-18T07:07:21.036-0100: 505,667: Total time for which application threads were stopped: 0,0001985 seconds, Stopping threads took: 0,0000373 seconds
2021-01-18T07:07:27.039-0100: 511,670: Total time for which application threads were stopped: 0,0002472 seconds, Stopping threads took: 0,0000464 seconds
2021-01-18T07:07:29.041-0100: 513,672: Total time for which application threads were stopped: 0,0001762 seconds, Stopping threads took: 0,0000362 seconds
2021-01-18T07:07:40.046-0100: 524,677: Total time for which application threads were stopped: 0,0002799 seconds, Stopping threads took: 0,0000490 seconds
2021-01-18T07:07:41.046-0100: 525,678: Total time for which application threads were stopped: 0,0001467 seconds, Stopping threads took: 0,0000261 seconds
2021-01-18T07:07:42.047-0100: 526,679: Total time for which application threads were stopped: 0,0002523 seconds, Stopping threads took: 0,0000474 seconds
2021-01-18T07:07:53.052-0100: 537,683: Total time for which application threads were stopped: 0,0002416 seconds, Stopping threads took: 0,0000487 seconds
2021-01-18T07:07:58.055-0100: 542,687: Total time for which application threads were stopped: 0,0001114 seconds, Stopping threads took: 0,0000237 seconds
2021-01-18T07:07:59.519-0100: 544,151: Total time for which application threads were stopped: 0,0008523 seconds, Stopping threads took: 0,0000372 seconds
{Heap before GC invocations=22 (full 2):
 par new generation   total 46080K, used 45513K [0x00000007a0c00000, 0x00000007a3e00000, 0x00000007a3e00000)
  eden space 40960K, 100% used [0x00000007a0c00000, 0x00000007a3400000, 0x00000007a3400000)
  from space 5120K,  88% used [0x00000007a3400000, 0x00000007a38724a0, 0x00000007a3900000)
  to   space 5120K,   0% used [0x00000007a3900000, 0x00000007a3900000, 0x00000007a3e00000)
 concurrent mark-sweep generation total 460800K, used 74238K [0x00000007a3e00000, 0x00000007c0000000, 0x00000007c0000000)
 Metaspace       used 48532K, capacity 51077K, committed 51200K, reserved 1093632K
  class space    used 6632K, capacity 7191K, committed 7232K, reserved 1048576K
2021-01-18T07:07:59.631-0100: 544,262: [GC (Allocation Failure) 2021-01-18T07:07:59.631-0100: 544,262: [ParNew
Desired survivor size 2621440 bytes, new threshold 1 (max 1)
- age   1:    5213056 bytes,    5213056 total
: 45513K->5120K(46080K), 0,0028934 secs] 119752K->85353K(506880K), 0,0030219 secs] [Times: user=0,03 sys=0,00, real=0,00 secs] 
Heap after GC invocations=23 (full 2):
 par new generation   total 46080K, used 5120K [0x00000007a0c00000, 0x00000007a3e00000, 0x00000007a3e00000)
  eden space 40960K,   0% used [0x00000007a0c00000, 0x00000007a0c00000, 0x00000007a3400000)
  from space 5120K, 100% used [0x00000007a3900000, 0x00000007a3e00000, 0x00000007a3e00000)
  to   space 5120K,   0% used [0x00000007a3400000, 0x00000007a3400000, 0x00000007a3900000)
 concurrent mark-sweep generation total 460800K, used 80233K [0x00000007a3e00000, 0x00000007c0000000, 0x00000007c0000000)
 Metaspace       used 48532K, capacity 51077K, committed 51200K, reserved 1093632K
  class space    used 6632K, capacity 7191K, committed 7232K, reserved 1048576K
}
2021-01-18T07:07:59.634-0100: 544,265: Total time for which application threads were stopped: 0,0039716 seconds, Stopping threads took: 0,0000313 seconds
2021-01-18T07:08:00.634-0100: 545,265: Total time for which application threads were stopped: 0,0001446 seconds, Stopping threads took: 0,0000264 seconds
2021-01-18T07:08:00.722-0100: 545,353: Total time for which application threads were stopped: 0,0009621 seconds, Stopping threads took: 0,0000309 seconds
2021-01-18T07:08:01.723-0100: 546,355: Total time for which application threads were stopped: 0,0003795 seconds, Stopping threads took: 0,0000551 seconds
2021-01-18T07:08:02.254-0100: 546,886: Total time for which application threads were stopped: 0,0122195 seconds, Stopping threads took: 0,0110573 seconds
2021-01-18T07:08:02.259-0100: 546,890: Total time for which application threads were stopped: 0,0014071 seconds, Stopping threads took: 0,0002879 seconds
2021-01-18T07:08:03.118-0100: 547,749: Total time for which application threads were stopped: 0,0121419 seconds, Stopping threads took: 0,0115974 seconds
{Heap before GC invocations=23 (full 2):
 par new generation   total 46080K, used 46080K [0x00000007a0c00000, 0x00000007a3e00000, 0x00000007a3e00000)
  eden space 40960K, 100% used [0x00000007a0c00000, 0x00000007a3400000, 0x00000007a3400000)
  from space 5120K, 100% used [0x00000007a3900000, 0x00000007a3e00000, 0x00000007a3e00000)
  to   space 5120K,   0% used [0x00000007a3400000, 0x00000007a3400000, 0x00000007a3900000)
 concurrent mark-sweep generation total 460800K, used 80233K [0x00000007a3e00000, 0x00000007c0000000, 0x00000007c0000000)
 Metaspace       used 49489K, capacity 52415K, committed 52608K, reserved 1095680K
  class space    used 6712K, capacity 7314K, committed 7360K, reserved 1048576K
2021-01-18T07:08:03.201-0100: 547,832: [GC (Allocation Failure) 2021-01-18T07:08:03.201-0100: 547,832: [ParNew
Desired survivor size 2621440 bytes, new threshold 1 (max 1)
- age   1:    4574520 bytes,    4574520 total
: 46080K->4944K(46080K), 0,0035691 secs] 126313K->90212K(506880K), 0,0037561 secs] [Times: user=0,02 sys=0,00, real=0,00 secs] 
Heap after GC invocations=24 (full 2):
 par new generation   total 46080K, used 4944K [0x00000007a0c00000, 0x00000007a3e00000, 0x00000007a3e00000)
  eden space 40960K,   0% used [0x00000007a0c00000, 0x00000007a0c00000, 0x00000007a3400000)
  from space 5120K,  96% used [0x00000007a3400000, 0x00000007a38d4270, 0x00000007a3900000)
  to   space 5120K,   0% used [0x00000007a3900000, 0x00000007a3900000, 0x00000007a3e00000)
 concurrent mark-sweep generation total 460800K, used 85268K [0x00000007a3e00000, 0x00000007c0000000, 0x00000007c0000000)
 Metaspace       used 49489K, capacity 52415K, committed 52608K, reserved 1095680K
  class space    used 6712K, capacity 7314K, committed 7360K, reserved 1048576K
}
2021-01-18T07:08:03.205-0100: 547,836: Total time for which application threads were stopped: 0,0043199 seconds, Stopping threads took: 0,0000932 seconds
2021-01-18T07:08:04.222-0100: 548,853: Total time for which application threads were stopped: 0,0006529 seconds, Stopping threads took: 0,0002352 seconds
{Heap before GC invocations=24 (full 2):
 par new generation   total 46080K, used 45904K [0x00000007a0c00000, 0x00000007a3e00000, 0x00000007a3e00000)
  eden space 40960K, 100% used [0x00000007a0c00000, 0x00000007a3400000, 0x00000007a3400000)
  from space 5120K,  96% used [0x00000007a3400000, 0x00000007a38d4270, 0x00000007a3900000)
  to   space 5120K,   0% used [0x00000007a3900000, 0x00000007a3900000, 0x00000007a3e00000)
 concurrent mark-sweep generation total 460800K, used 85268K [0x00000007a3e00000, 0x00000007c0000000, 0x00000007c0000000)
 Metaspace       used 49608K, capacity 52543K, committed 52608K, reserved 1095680K
  class space    used 6712K, capacity 7314K, committed 7360K, reserved 1048576K
2021-01-18T07:08:04.300-0100: 548,931: [GC (Allocation Failure) 2021-01-18T07:08:04.300-0100: 548,931: [ParNew
Desired survivor size 2621440 bytes, new threshold 1 (max 1)
- age   1:    1765608 bytes,    1765608 total
: 45904K->2256K(46080K), 0,0037248 secs] 131172K->91827K(506880K), 0,0039008 secs] [Times: user=0,03 sys=0,00, real=0,00 secs] 
Heap after GC invocations=25 (full 2):
 par new generation   total 46080K, used 2256K [0x00000007a0c00000, 0x00000007a3e00000, 0x00000007a3e00000)
  eden space 40960K,   0% used [0x00000007a0c00000, 0x00000007a0c00000, 0x00000007a3400000)
  from space 5120K,  44% used [0x00000007a3900000, 0x00000007a3b341a0, 0x00000007a3e00000)
  to   space 5120K,   0% used [0x00000007a3400000, 0x00000007a3400000, 0x00000007a3900000)
 concurrent mark-sweep generation total 460800K, used 89570K [0x00000007a3e00000, 0x00000007c0000000, 0x00000007c0000000)
 Metaspace       used 49608K, capacity 52543K, committed 52608K, reserved 1095680K
  class space    used 6712K, capacity 7314K, committed 7360K, reserved 1048576K
}
2021-01-18T07:08:04.304-0100: 548,935: Total time for which application threads were stopped: 0,0044571 seconds, Stopping threads took: 0,0001033 seconds
{Heap before GC invocations=25 (full 2):
 par new generation   total 46080K, used 43216K [0x00000007a0c00000, 0x00000007a3e00000, 0x00000007a3e00000)
  eden space 40960K, 100% used [0x00000007a0c00000, 0x00000007a3400000, 0x00000007a3400000)
  from space 5120K,  44% used [0x00000007a3900000, 0x00000007a3b341a0, 0x00000007a3e00000)
  to   space 5120K,   0% used [0x00000007a3400000, 0x00000007a3400000, 0x00000007a3900000)
 concurrent mark-sweep generation total 460800K, used 89570K [0x00000007a3e00000, 0x00000007c0000000, 0x00000007c0000000)
 Metaspace       used 49765K, capacity 52691K, committed 52864K, reserved 1095680K
  class space    used 6712K, capacity 7314K, committed 7360K, reserved 1048576K
2021-01-18T07:08:04.999-0100: 549,630: [GC (Allocation Failure) 2021-01-18T07:08:04.999-0100: 549,630: [ParNew
Desired survivor size 2621440 bytes, new threshold 1 (max 1)
- age   1:    4666040 bytes,    4666040 total
: 43216K->5119K(46080K), 0,0042521 secs] 132787K->99438K(506880K), 0,0044272 secs] [Times: user=0,03 sys=0,01, real=0,01 secs] 
Heap after GC invocations=26 (full 2):
 par new generation   total 46080K, used 5119K [0x00000007a0c00000, 0x00000007a3e00000, 0x00000007a3e00000)
  eden space 40960K,   0% used [0x00000007a0c00000, 0x00000007a0c00000, 0x00000007a3400000)
  from space 5120K,  99% used [0x00000007a3400000, 0x00000007a38fff68, 0x00000007a3900000)
  to   space 5120K,   0% used [0x00000007a3900000, 0x00000007a3900000, 0x00000007a3e00000)
 concurrent mark-sweep generation total 460800K, used 94318K [0x00000007a3e00000, 0x00000007c0000000, 0x00000007c0000000)
 Metaspace       used 49765K, capacity 52691K, committed 52864K, reserved 1095680K
  class space    used 6712K, capacity 7314K, committed 7360K, reserved 1048576K
}
2021-01-18T07:08:05.003-0100: 549,634: Total time for which application threads were stopped: 0,0051448 seconds, Stopping threads took: 0,0002190 seconds
{Heap before GC invocations=26 (full 2):
 par new generation   total 46080K, used 46079K [0x00000007a0c00000, 0x00000007a3e00000, 0x00000007a3e00000)
  eden space 40960K, 100% used [0x00000007a0c00000, 0x00000007a3400000, 0x00000007a3400000)
  from space 5120K,  99% used [0x00000007a3400000, 0x00000007a38fff68, 0x00000007a3900000)
  to   space 5120K,   0% used [0x00000007a3900000, 0x00000007a3900000, 0x00000007a3e00000)
 concurrent mark-sweep generation total 460800K, used 94318K [0x00000007a3e00000, 0x00000007c0000000, 0x00000007c0000000)
 Metaspace       used 49856K, capacity 52771K, committed 52864K, reserved 1095680K
  class space    used 6712K, capacity 7314K, committed 7360K, reserved 1048576K
2021-01-18T07:08:05.722-0100: 550,353: [GC (Allocation Failure) 2021-01-18T07:08:05.722-0100: 550,354: [ParNew
Desired survivor size 2621440 bytes, new threshold 1 (max 1)
- age   1:    1805792 bytes,    1805792 total
: 46079K->2562K(46080K), 0,0039318 secs] 140398K->100379K(506880K), 0,0041293 secs] [Times: user=0,03 sys=0,00, real=0,00 secs] 
Heap after GC invocations=27 (full 2):
 par new generation   total 46080K, used 2562K [0x00000007a0c00000, 0x00000007a3e00000, 0x00000007a3e00000)
  eden space 40960K,   0% used [0x00000007a0c00000, 0x00000007a0c00000, 0x00000007a3400000)
  from space 5120K,  50% used [0x00000007a3900000, 0x00000007a3b80968, 0x00000007a3e00000)
  to   space 5120K,   0% used [0x00000007a3400000, 0x00000007a3400000, 0x00000007a3900000)
 concurrent mark-sweep generation total 460800K, used 97817K [0x00000007a3e00000, 0x00000007c0000000, 0x00000007c0000000)
 Metaspace       used 49856K, capacity 52771K, committed 52864K, reserved 1095680K
  class space    used 6712K, capacity 7314K, committed 7360K, reserved 1048576K
}
2021-01-18T07:08:05.726-0100: 550,358: Total time for which application threads were stopped: 0,0047169 seconds, Stopping threads took: 0,0000402 seconds
{Heap before GC invocations=27 (full 2):
 par new generation   total 46080K, used 43522K [0x00000007a0c00000, 0x00000007a3e00000, 0x00000007a3e00000)
  eden space 40960K, 100% used [0x00000007a0c00000, 0x00000007a3400000, 0x00000007a3400000)
  from space 5120K,  50% used [0x00000007a3900000, 0x00000007a3b80968, 0x00000007a3e00000)
  to   space 5120K,   0% used [0x00000007a3400000, 0x00000007a3400000, 0x00000007a3900000)
 concurrent mark-sweep generation total 460800K, used 97817K [0x00000007a3e00000, 0x00000007c0000000, 0x00000007c0000000)
 Metaspace       used 49876K, capacity 52771K, committed 52864K, reserved 1095680K
  class space    used 6712K, capacity 7314K, committed 7360K, reserved 1048576K
2021-01-18T07:08:06.344-0100: 550,976: [GC (Allocation Failure) 2021-01-18T07:08:06.344-0100: 550,976: [ParNew
Desired survivor size 2621440 bytes, new threshold 1 (max 1)
- age   1:    1859432 bytes,    1859432 total
: 43522K->3059K(46080K), 0,0041100 secs] 141339K->102590K(506880K), 0,0042906 secs] [Times: user=0,04 sys=0,00, real=0,00 secs] 
Heap after GC invocations=28 (full 2):
 par new generation   total 46080K, used 3059K [0x00000007a0c00000, 0x00000007a3e00000, 0x00000007a3e00000)
  eden space 40960K,   0% used [0x00000007a0c00000, 0x00000007a0c00000, 0x00000007a3400000)
  from space 5120K,  59% used [0x00000007a3400000, 0x00000007a36fcc10, 0x00000007a3900000)
  to   space 5120K,   0% used [0x00000007a3900000, 0x00000007a3900000, 0x00000007a3e00000)
 concurrent mark-sweep generation total 460800K, used 99531K [0x00000007a3e00000, 0x00000007c0000000, 0x00000007c0000000)
 Metaspace       used 49876K, capacity 52771K, committed 52864K, reserved 1095680K
  class space    used 6712K, capacity 7314K, committed 7360K, reserved 1048576K
}
2021-01-18T07:08:06.349-0100: 550,980: Total time for which application threads were stopped: 0,0051803 seconds, Stopping threads took: 0,0002735 seconds
{Heap before GC invocations=28 (full 2):
 par new generation   total 46080K, used 44019K [0x00000007a0c00000, 0x00000007a3e00000, 0x00000007a3e00000)
  eden space 40960K, 100% used [0x00000007a0c00000, 0x00000007a3400000, 0x00000007a3400000)
  from space 5120K,  59% used [0x00000007a3400000, 0x00000007a36fcc10, 0x00000007a3900000)
  to   space 5120K,   0% used [0x00000007a3900000, 0x00000007a3900000, 0x00000007a3e00000)
 concurrent mark-sweep generation total 460800K, used 99531K [0x00000007a3e00000, 0x00000007c0000000, 0x00000007c0000000)
 Metaspace       used 49884K, capacity 52771K, committed 52864K, reserved 1095680K
  class space    used 6712K, capacity 7314K, committed 7360K, reserved 1048576K
2021-01-18T07:08:06.957-0100: 551,588: [GC (Allocation Failure) 2021-01-18T07:08:06.957-0100: 551,588: [ParNew
Desired survivor size 2621440 bytes, new threshold 1 (max 1)
- age   1:    1756440 bytes,    1756440 total
: 44019K->2100K(46080K), 0,0042869 secs] 143550K->103366K(506880K), 0,0044603 secs] [Times: user=0,03 sys=0,00, real=0,01 secs] 
Heap after GC invocations=29 (full 2):
 par new generation   total 46080K, used 2100K [0x00000007a0c00000, 0x00000007a3e00000, 0x00000007a3e00000)
  eden space 40960K,   0% used [0x00000007a0c00000, 0x00000007a0c00000, 0x00000007a3400000)
  from space 5120K,  41% used [0x00000007a3900000, 0x00000007a3b0d3f0, 0x00000007a3e00000)
  to   space 5120K,   0% used [0x00000007a3400000, 0x00000007a3400000, 0x00000007a3900000)
 concurrent mark-sweep generation total 460800K, used 101265K [0x00000007a3e00000, 0x00000007c0000000, 0x00000007c0000000)
 Metaspace       used 49884K, capacity 52771K, committed 52864K, reserved 1095680K
  class space    used 6712K, capacity 7314K, committed 7360K, reserved 1048576K
}
2021-01-18T07:08:06.962-0100: 551,593: Total time for which application threads were stopped: 0,0058537 seconds, Stopping threads took: 0,0008638 seconds
2021-01-18T07:08:07.962-0100: 552,593: Total time for which application threads were stopped: 0,0004317 seconds, Stopping threads took: 0,0000833 seconds
2021-01-18T07:08:08.963-0100: 553,595: Total time for which application threads were stopped: 0,0001861 seconds, Stopping threads took: 0,0000315 seconds
2021-01-18T07:08:11.966-0100: 556,597: Total time for which application threads were stopped: 0,0003605 seconds, Stopping threads took: 0,0000625 seconds
2021-01-18T07:08:12.966-0100: 557,598: Total time for which application threads were stopped: 0,0002617 seconds, Stopping threads took: 0,0000492 seconds
2021-01-18T07:08:16.969-0100: 561,600: Total time for which application threads were stopped: 0,0002112 seconds, Stopping threads took: 0,0000378 seconds
2021-01-18T07:08:19.973-0100: 564,603: Total time for which application threads were stopped: 0,0003549 seconds, Stopping threads took: 0,0000608 seconds
2021-01-18T07:08:20.976-0100: 565,606: Total time for which application threads were stopped: 0,0003609 seconds, Stopping threads took: 0,0000635 seconds
2021-01-18T07:08:21.977-0100: 566,606: Total time for which application threads were stopped: 0,0003931 seconds, Stopping threads took: 0,0000782 seconds
2021-01-18T07:08:25.986-0100: 570,615: Total time for which application threads were stopped: 0,0004881 seconds, Stopping threads took: 0,0001721 seconds
2021-01-18T07:08:27.989-0100: 572,617: Total time for which application threads were stopped: 0,0003662 seconds, Stopping threads took: 0,0000631 seconds
2021-01-18T07:08:29.991-0100: 574,619: Total time for which application threads were stopped: 0,0003547 seconds, Stopping threads took: 0,0000635 seconds
2021-01-18T07:08:30.992-0100: 575,619: Total time for which application threads were stopped: 0,0003396 seconds, Stopping threads took: 0,0000568 seconds
2021-01-18T07:08:32.995-0100: 577,622: Total time for which application threads were stopped: 0,0004355 seconds, Stopping threads took: 0,0001054 seconds
2021-01-18T07:08:35.998-0100: 580,625: Total time for which application threads were stopped: 0,0001759 seconds, Stopping threads took: 0,0000330 seconds
2021-01-18T07:31:18.653-0100: 583,770: Total time for which application threads were stopped: 0,0002829 seconds, Stopping threads took: 0,0000367 seconds
2021-01-18T07:31:23.651-0100: 588,772: Total time for which application threads were stopped: 0,0001985 seconds, Stopping threads took: 0,0000358 seconds
2021-01-18T07:31:28.651-0100: 593,776: Total time for which application threads were stopped: 0,0003970 seconds, Stopping threads took: 0,0000754 seconds
2021-01-18T07:31:29.651-0100: 594,777: Total time for which application threads were stopped: 0,0002471 seconds, Stopping threads took: 0,0000413 seconds
2021-01-18T07:31:37.653-0100: 602,782: Total time for which application threads were stopped: 0,0005028 seconds, Stopping threads took: 0,0000901 seconds
2021-01-18T07:31:38.653-0100: 603,783: Total time for which application threads were stopped: 0,0003675 seconds, Stopping threads took: 0,0000631 seconds
2021-01-18T07:31:40.654-0100: 605,784: Total time for which application threads were stopped: 0,0003440 seconds, Stopping threads took: 0,0000562 seconds
2021-01-18T07:31:42.656-0100: 607,787: Total time for which application threads were stopped: 0,0003310 seconds, Stopping threads took: 0,0000565 seconds
2021-01-18T07:31:47.658-0100: 612,790: Total time for which application threads were stopped: 0,0001991 seconds, Stopping threads took: 0,0000385 seconds
2021-01-18T07:31:49.659-0100: 614,792: Total time for which application threads were stopped: 0,0002466 seconds, Stopping threads took: 0,0000585 seconds
2021-01-18T07:31:50.660-0100: 615,793: Total time for which application threads were stopped: 0,0003425 seconds, Stopping threads took: 0,0000614 seconds
2021-01-18T07:31:58.665-0100: 623,799: Total time for which application threads were stopped: 0,0004629 seconds, Stopping threads took: 0,0000598 seconds
2021-01-18T07:32:00.665-0100: 625,800: Total time for which application threads were stopped: 0,0003057 seconds, Stopping threads took: 0,0000488 seconds
2021-01-18T07:32:01.666-0100: 626,800: Total time for which application threads were stopped: 0,0003454 seconds, Stopping threads took: 0,0000603 seconds
2021-01-18T07:32:11.673-0100: 636,808: Total time for which application threads were stopped: 0,0001956 seconds, Stopping threads took: 0,0000304 seconds
2021-01-18T07:32:13.674-0100: 638,809: Total time for which application threads were stopped: 0,0001579 seconds, Stopping threads took: 0,0000325 seconds
2021-01-18T07:32:16.674-0100: 641,810: Total time for which application threads were stopped: 0,0002286 seconds, Stopping threads took: 0,0000438 seconds
2021-01-18T07:32:18.676-0100: 643,811: Total time for which application threads were stopped: 0,0001795 seconds, Stopping threads took: 0,0000527 seconds
2021-01-18T07:32:33.683-0100: 658,819: Total time for which application threads were stopped: 0,0001690 seconds, Stopping threads took: 0,0000326 seconds
2021-01-18T07:32:34.684-0100: 659,819: Total time for which application threads were stopped: 0,0002235 seconds, Stopping threads took: 0,0000312 seconds
2021-01-18T07:32:35.684-0100: 660,820: Total time for which application threads were stopped: 0,0001723 seconds, Stopping threads took: 0,0000332 seconds
2021-01-18T07:32:38.686-0100: 663,821: Total time for which application threads were stopped: 0,0001799 seconds, Stopping threads took: 0,0000488 seconds
2021-01-18T07:32:41.687-0100: 666,823: Total time for which application threads were stopped: 0,0001718 seconds, Stopping threads took: 0,0000350 seconds
2021-01-18T07:32:49.690-0100: 674,826: Total time for which application threads were stopped: 0,0002049 seconds, Stopping threads took: 0,0000355 seconds
2021-01-18T07:32:53.692-0100: 678,828: Total time for which application threads were stopped: 0,0001608 seconds, Stopping threads took: 0,0000338 seconds
2021-01-18T07:32:58.695-0100: 683,831: Total time for which application threads were stopped: 0,0001583 seconds, Stopping threads took: 0,0000326 seconds
2021-01-18T07:33:06.698-0100: 691,834: Total time for which application threads were stopped: 0,0001693 seconds, Stopping threads took: 0,0000338 seconds
2021-01-18T07:33:09.700-0100: 694,835: Total time for which application threads were stopped: 0,0001720 seconds, Stopping threads took: 0,0000339 seconds
2021-01-18T07:33:10.701-0100: 695,837: Total time for which application threads were stopped: 0,0001738 seconds, Stopping threads took: 0,0000357 seconds
2021-01-18T07:33:13.703-0100: 698,839: Total time for which application threads were stopped: 0,0001704 seconds, Stopping threads took: 0,0000358 seconds
2021-01-18T07:33:20.708-0100: 705,844: Total time for which application threads were stopped: 0,0001598 seconds, Stopping threads took: 0,0000336 seconds
2021-01-18T07:33:25.710-0100: 710,846: Total time for which application threads were stopped: 0,0003536 seconds, Stopping threads took: 0,0000674 seconds
2021-01-18T07:33:26.711-0100: 711,847: Total time for which application threads were stopped: 0,0003705 seconds, Stopping threads took: 0,0000650 seconds
2021-01-18T07:33:28.713-0100: 713,849: Total time for which application threads were stopped: 0,0001923 seconds, Stopping threads took: 0,0000452 seconds
2021-01-18T07:33:36.717-0100: 721,853: Total time for which application threads were stopped: 0,0002518 seconds, Stopping threads took: 0,0000493 seconds
2021-01-18T07:33:47.725-0100: 732,861: Total time for which application threads were stopped: 0,0002980 seconds, Stopping threads took: 0,0000731 seconds
2021-01-18T07:33:48.726-0100: 733,862: Total time for which application threads were stopped: 0,0002976 seconds, Stopping threads took: 0,0000920 seconds
2021-01-18T07:33:52.730-0100: 737,866: Total time for which application threads were stopped: 0,0003562 seconds, Stopping threads took: 0,0000640 seconds
2021-01-18T07:33:53.732-0100: 738,867: Total time for which application threads were stopped: 0,0001724 seconds, Stopping threads took: 0,0000333 seconds
2021-01-18T07:33:55.732-0100: 740,868: Total time for which application threads were stopped: 0,0001759 seconds, Stopping threads took: 0,0000274 seconds
2021-01-18T07:33:56.734-0100: 741,869: Total time for which application threads were stopped: 0,0003473 seconds, Stopping threads took: 0,0000600 seconds
2021-01-18T07:33:58.735-0100: 743,871: Total time for which application threads were stopped: 0,0002832 seconds, Stopping threads took: 0,0000462 seconds
2021-01-18T07:34:22.747-0100: 767,883: Total time for which application threads were stopped: 0,0002550 seconds, Stopping threads took: 0,0000480 seconds
2021-01-18T07:34:26.748-0100: 771,884: Total time for which application threads were stopped: 0,0002602 seconds, Stopping threads took: 0,0000669 seconds
{Heap before GC invocations=29 (full 2):
 par new generation   total 46080K, used 42188K [0x00000007a0c00000, 0x00000007a3e00000, 0x00000007a3e00000)
  eden space 40960K,  97% used [0x00000007a0c00000, 0x00000007a3325c28, 0x00000007a3400000)
  from space 5120K,  41% used [0x00000007a3900000, 0x00000007a3b0d3f0, 0x00000007a3e00000)
  to   space 5120K,   0% used [0x00000007a3400000, 0x00000007a3400000, 0x00000007a3900000)
 concurrent mark-sweep generation total 460800K, used 101265K [0x00000007a3e00000, 0x00000007c0000000, 0x00000007c0000000)
 Metaspace       used 49971K, capacity 52909K, committed 53120K, reserved 1095680K
  class space    used 6717K, capacity 7317K, committed 7360K, reserved 1048576K
2021-01-18T07:34:27.065-0100: 772,201: [GC (Allocation Failure) 2021-01-18T07:34:27.065-0100: 772,201: [ParNew
Desired survivor size 2621440 bytes, new threshold 1 (max 1)
- age   1:     646384 bytes,     646384 total
: 42188K->1730K(46080K), 0,0048093 secs] 143453K->104669K(506880K), 0,0049846 secs] [Times: user=0,03 sys=0,00, real=0,01 secs] 
Heap after GC invocations=30 (full 2):
 par new generation   total 46080K, used 1730K [0x00000007a0c00000, 0x00000007a3e00000, 0x00000007a3e00000)
  eden space 40960K,   0% used [0x00000007a0c00000, 0x00000007a0c00000, 0x00000007a3400000)
  from space 5120K,  33% used [0x00000007a3400000, 0x00000007a35b09e0, 0x00000007a3900000)
  to   space 5120K,   0% used [0x00000007a3900000, 0x00000007a3900000, 0x00000007a3e00000)
 concurrent mark-sweep generation total 460800K, used 102939K [0x00000007a3e00000, 0x00000007c0000000, 0x00000007c0000000)
 Metaspace       used 49971K, capacity 52909K, committed 53120K, reserved 1095680K
  class space    used 6717K, capacity 7317K, committed 7360K, reserved 1048576K
}
2021-01-18T07:34:27.070-0100: 772,206: Total time for which application threads were stopped: 0,0054680 seconds, Stopping threads took: 0,0000420 seconds
2021-01-18T07:34:28.072-0100: 773,207: Total time for which application threads were stopped: 0,0002828 seconds, Stopping threads took: 0,0000329 seconds
2021-01-18T07:34:41.084-0100: 786,219: Total time for which application threads were stopped: 0,0002532 seconds, Stopping threads took: 0,0000472 seconds
2021-01-18T07:34:42.084-0100: 787,220: Total time for which application threads were stopped: 0,0003513 seconds, Stopping threads took: 0,0000601 seconds
2021-01-18T07:34:43.086-0100: 788,221: Total time for which application threads were stopped: 0,0002055 seconds, Stopping threads took: 0,0000338 seconds
2021-01-18T07:34:44.086-0100: 789,222: Total time for which application threads were stopped: 0,0003559 seconds, Stopping threads took: 0,0000639 seconds
2021-01-18T07:34:48.089-0100: 793,225: Total time for which application threads were stopped: 0,0003558 seconds, Stopping threads took: 0,0000610 seconds
2021-01-18T07:34:52.091-0100: 797,227: Total time for which application threads were stopped: 0,0003660 seconds, Stopping threads took: 0,0000674 seconds
2021-01-18T07:35:05.102-0100: 810,238: Total time for which application threads were stopped: 0,0001728 seconds, Stopping threads took: 0,0000347 seconds
2021-01-18T07:35:07.104-0100: 812,240: Total time for which application threads were stopped: 0,0003523 seconds, Stopping threads took: 0,0000632 seconds
2021-01-18T07:35:09.106-0100: 814,242: Total time for which application threads were stopped: 0,0002390 seconds, Stopping threads took: 0,0000676 seconds
2021-01-18T07:35:14.110-0100: 819,246: Total time for which application threads were stopped: 0,0003897 seconds, Stopping threads took: 0,0000721 seconds
2021-01-18T07:35:16.111-0100: 821,247: Total time for which application threads were stopped: 0,0002562 seconds, Stopping threads took: 0,0000482 seconds
2021-01-18T07:35:17.113-0100: 822,249: Total time for which application threads were stopped: 0,0003509 seconds, Stopping threads took: 0,0000625 seconds
2021-01-18T07:35:27.118-0100: 832,254: Total time for which application threads were stopped: 0,0003428 seconds, Stopping threads took: 0,0000561 seconds
2021-01-18T07:35:28.119-0100: 833,254: Total time for which application threads were stopped: 0,0002690 seconds, Stopping threads took: 0,0000667 seconds
2021-01-18T07:35:29.120-0100: 834,256: Total time for which application threads were stopped: 0,0002450 seconds, Stopping threads took: 0,0000744 seconds
2021-01-18T07:35:31.121-0100: 836,257: Total time for which application threads were stopped: 0,0001866 seconds, Stopping threads took: 0,0000366 seconds
2021-01-18T07:35:32.122-0100: 837,257: Total time for which application threads were stopped: 0,0002199 seconds, Stopping threads took: 0,0000408 seconds
2021-01-18T07:35:33.123-0100: 838,259: Total time for which application threads were stopped: 0,0003457 seconds, Stopping threads took: 0,0000568 seconds
2021-01-18T07:35:35.124-0100: 840,260: Total time for which application threads were stopped: 0,0002407 seconds, Stopping threads took: 0,0000414 seconds
2021-01-18T07:35:36.124-0100: 841,260: Total time for which application threads were stopped: 0,0002653 seconds, Stopping threads took: 0,0000682 seconds
2021-01-18T07:35:38.126-0100: 843,262: Total time for which application threads were stopped: 0,0003525 seconds, Stopping threads took: 0,0000584 seconds
2021-01-18T07:35:43.130-0100: 848,266: Total time for which application threads were stopped: 0,0003612 seconds, Stopping threads took: 0,0000708 seconds
2021-01-18T07:35:44.132-0100: 849,268: Total time for which application threads were stopped: 0,0002768 seconds, Stopping threads took: 0,0000468 seconds
{Heap before GC invocations=30 (full 2):
 par new generation   total 46080K, used 42690K [0x00000007a0c00000, 0x00000007a3e00000, 0x00000007a3e00000)
  eden space 40960K, 100% used [0x00000007a0c00000, 0x00000007a3400000, 0x00000007a3400000)
  from space 5120K,  33% used [0x00000007a3400000, 0x00000007a35b09e0, 0x00000007a3900000)
  to   space 5120K,   0% used [0x00000007a3900000, 0x00000007a3900000, 0x00000007a3e00000)
 concurrent mark-sweep generation total 460800K, used 102939K [0x00000007a3e00000, 0x00000007c0000000, 0x00000007c0000000)
 Metaspace       used 50075K, capacity 53031K, committed 53120K, reserved 1095680K
  class space    used 6724K, capacity 7326K, committed 7360K, reserved 1048576K
2021-01-18T07:35:47.767-0100: 852,903: [GC (Allocation Failure) 2021-01-18T07:35:47.767-0100: 852,903: [ParNew
Desired survivor size 2621440 bytes, new threshold 1 (max 1)
- age   1:    1775848 bytes,    1775848 total
: 42690K->2020K(46080K), 0,0030586 secs] 145629K->105512K(506880K), 0,0031810 secs] [Times: user=0,03 sys=0,01, real=0,01 secs] 
Heap after GC invocations=31 (full 2):
 par new generation   total 46080K, used 2020K [0x00000007a0c00000, 0x00000007a3e00000, 0x00000007a3e00000)
  eden space 40960K,   0% used [0x00000007a0c00000, 0x00000007a0c00000, 0x00000007a3400000)
  from space 5120K,  39% used [0x00000007a3900000, 0x00000007a3af91e8, 0x00000007a3e00000)
  to   space 5120K,   0% used [0x00000007a3400000, 0x00000007a3400000, 0x00000007a3900000)
 concurrent mark-sweep generation total 460800K, used 103491K [0x00000007a3e00000, 0x00000007c0000000, 0x00000007c0000000)
 Metaspace       used 50075K, capacity 53031K, committed 53120K, reserved 1095680K
  class space    used 6724K, capacity 7326K, committed 7360K, reserved 1048576K
}
2021-01-18T07:35:47.771-0100: 852,907: Total time for which application threads were stopped: 0,0035531 seconds, Stopping threads took: 0,0000420 seconds
2021-01-18T07:35:48.772-0100: 853,908: Total time for which application threads were stopped: 0,0002559 seconds, Stopping threads took: 0,0000462 seconds
2021-01-18T07:35:50.773-0100: 855,909: Total time for which application threads were stopped: 0,0001786 seconds, Stopping threads took: 0,0000335 seconds
2021-01-18T07:35:55.777-0100: 860,913: Total time for which application threads were stopped: 0,0004188 seconds, Stopping threads took: 0,0000595 seconds
2021-01-18T07:35:59.779-0100: 864,915: Total time for which application threads were stopped: 0,0002456 seconds, Stopping threads took: 0,0000477 seconds
2021-01-18T07:36:00.780-0100: 865,916: Total time for which application threads were stopped: 0,0003358 seconds, Stopping threads took: 0,0000602 seconds
2021-01-18T07:36:06.785-0100: 871,921: Total time for which application threads were stopped: 0,0003395 seconds, Stopping threads took: 0,0000628 seconds
2021-01-18T07:36:28.803-0100: 893,939: Total time for which application threads were stopped: 0,0002979 seconds, Stopping threads took: 0,0000604 seconds
2021-01-18T07:36:38.809-0100: 903,945: Total time for which application threads were stopped: 0,0001554 seconds, Stopping threads took: 0,0000290 seconds
2021-01-18T07:36:40.810-0100: 905,946: Total time for which application threads were stopped: 0,0003142 seconds, Stopping threads took: 0,0000369 seconds
2021-01-18T07:36:40.950-0100: 906,086: Total time for which application threads were stopped: 0,0012529 seconds, Stopping threads took: 0,0000514 seconds
2021-01-18T07:36:41.950-0100: 907,086: Total time for which application threads were stopped: 0,0001964 seconds, Stopping threads took: 0,0000337 seconds
2021-01-18T07:36:42.951-0100: 908,087: Total time for which application threads were stopped: 0,0002041 seconds, Stopping threads took: 0,0000312 seconds
2021-01-18T07:36:43.951-0100: 909,087: Total time for which application threads were stopped: 0,0001996 seconds, Stopping threads took: 0,0000464 seconds
{Heap before GC invocations=31 (full 2):
 par new generation   total 46080K, used 42980K [0x00000007a0c00000, 0x00000007a3e00000, 0x00000007a3e00000)
  eden space 40960K, 100% used [0x00000007a0c00000, 0x00000007a3400000, 0x00000007a3400000)
  from space 5120K,  39% used [0x00000007a3900000, 0x00000007a3af91e8, 0x00000007a3e00000)
  to   space 5120K,   0% used [0x00000007a3400000, 0x00000007a3400000, 0x00000007a3900000)
 concurrent mark-sweep generation total 460800K, used 103491K [0x00000007a3e00000, 0x00000007c0000000, 0x00000007c0000000)
 Metaspace       used 50159K, capacity 53103K, committed 53376K, reserved 1095680K
  class space    used 6727K, capacity 7326K, committed 7360K, reserved 1048576K
2021-01-18T07:36:44.457-0100: 909,593: [GC (Allocation Failure) 2021-01-18T07:36:44.458-0100: 909,594: [ParNew
Desired survivor size 2621440 bytes, new threshold 1 (max 1)
- age   1:    2070768 bytes,    2070768 total
: 42980K->2416K(46080K), 0,0015819 secs] 146472K->107607K(506880K), 0,0023665 secs] [Times: user=0,01 sys=0,00, real=0,01 secs] 
Heap after GC invocations=32 (full 2):
 par new generation   total 46080K, used 2416K [0x00000007a0c00000, 0x00000007a3e00000, 0x00000007a3e00000)
  eden space 40960K,   0% used [0x00000007a0c00000, 0x00000007a0c00000, 0x00000007a3400000)
  from space 5120K,  47% used [0x00000007a3400000, 0x00000007a365c140, 0x00000007a3900000)
  to   space 5120K,   0% used [0x00000007a3900000, 0x00000007a3900000, 0x00000007a3e00000)
 concurrent mark-sweep generation total 460800K, used 105191K [0x00000007a3e00000, 0x00000007c0000000, 0x00000007c0000000)
 Metaspace       used 50159K, capacity 53103K, committed 53376K, reserved 1095680K
  class space    used 6727K, capacity 7326K, committed 7360K, reserved 1048576K
}
2021-01-18T07:36:44.460-0100: 909,596: Total time for which application threads were stopped: 0,0026288 seconds, Stopping threads took: 0,0000276 seconds
2021-01-18T07:36:45.460-0100: 910,596: Total time for which application threads were stopped: 0,0001606 seconds, Stopping threads took: 0,0000264 seconds
2021-01-18T07:36:46.460-0100: 911,596: Total time for which application threads were stopped: 0,0001771 seconds, Stopping threads took: 0,0000298 seconds
2021-01-18T07:36:47.461-0100: 912,597: Total time for which application threads were stopped: 0,0001777 seconds, Stopping threads took: 0,0000283 seconds
2021-01-18T07:36:48.461-0100: 913,597: Total time for which application threads were stopped: 0,0001869 seconds, Stopping threads took: 0,0000371 seconds
{Heap before GC invocations=32 (full 2):
 par new generation   total 46080K, used 43376K [0x00000007a0c00000, 0x00000007a3e00000, 0x00000007a3e00000)
  eden space 40960K, 100% used [0x00000007a0c00000, 0x00000007a3400000, 0x00000007a3400000)
  from space 5120K,  47% used [0x00000007a3400000, 0x00000007a365c140, 0x00000007a3900000)
  to   space 5120K,   0% used [0x00000007a3900000, 0x00000007a3900000, 0x00000007a3e00000)
 concurrent mark-sweep generation total 460800K, used 105191K [0x00000007a3e00000, 0x00000007c0000000, 0x00000007c0000000)
 Metaspace       used 50176K, capacity 53175K, committed 53376K, reserved 1095680K
  class space    used 6728K, capacity 7326K, committed 7360K, reserved 1048576K
2021-01-18T07:36:48.781-0100: 913,917: [GC (Allocation Failure) 2021-01-18T07:36:48.781-0100: 913,917: [ParNew
Desired survivor size 2621440 bytes, new threshold 1 (max 1)
- age   1:    1257944 bytes,    1257944 total
: 43376K->1932K(46080K), 0,0016671 secs] 148567K->107905K(506880K), 0,0017557 secs] [Times: user=0,01 sys=0,00, real=0,00 secs] 
Heap after GC invocations=33 (full 2):
 par new generation   total 46080K, used 1932K [0x00000007a0c00000, 0x00000007a3e00000, 0x00000007a3e00000)
  eden space 40960K,   0% used [0x00000007a0c00000, 0x00000007a0c00000, 0x00000007a3400000)
  from space 5120K,  37% used [0x00000007a3900000, 0x00000007a3ae30f0, 0x00000007a3e00000)
  to   space 5120K,   0% used [0x00000007a3400000, 0x00000007a3400000, 0x00000007a3900000)
 concurrent mark-sweep generation total 460800K, used 105973K [0x00000007a3e00000, 0x00000007c0000000, 0x00000007c0000000)
 Metaspace       used 50176K, capacity 53175K, committed 53376K, reserved 1095680K
  class space    used 6728K, capacity 7326K, committed 7360K, reserved 1048576K
}
2021-01-18T07:36:48.783-0100: 913,919: Total time for which application threads were stopped: 0,0020158 seconds, Stopping threads took: 0,0000339 seconds
2021-01-18T07:36:49.784-0100: 914,920: Total time for which application threads were stopped: 0,0001621 seconds, Stopping threads took: 0,0000343 seconds
2021-01-18T07:36:50.784-0100: 915,920: Total time for which application threads were stopped: 0,0001617 seconds, Stopping threads took: 0,0000308 seconds
2021-01-18T07:36:51.785-0100: 916,921: Total time for which application threads were stopped: 0,0001584 seconds, Stopping threads took: 0,0000328 seconds
2021-01-18T07:36:52.785-0100: 917,921: Total time for which application threads were stopped: 0,0002787 seconds, Stopping threads took: 0,0000336 seconds
{Heap before GC invocations=33 (full 2):
 par new generation   total 46080K, used 42892K [0x00000007a0c00000, 0x00000007a3e00000, 0x00000007a3e00000)
  eden space 40960K, 100% used [0x00000007a0c00000, 0x00000007a3400000, 0x00000007a3400000)
  from space 5120K,  37% used [0x00000007a3900000, 0x00000007a3ae30f0, 0x00000007a3e00000)
  to   space 5120K,   0% used [0x00000007a3400000, 0x00000007a3400000, 0x00000007a3900000)
 concurrent mark-sweep generation total 460800K, used 105973K [0x00000007a3e00000, 0x00000007c0000000, 0x00000007c0000000)
 Metaspace       used 50186K, capacity 53175K, committed 53376K, reserved 1095680K
  class space    used 6729K, capacity 7326K, committed 7360K, reserved 1048576K
2021-01-18T07:36:53.256-0100: 918,392: [GC (Allocation Failure) 2021-01-18T07:36:53.256-0100: 918,392: [ParNew
Desired survivor size 2621440 bytes, new threshold 1 (max 1)
- age   1:    4337632 bytes,    4337632 total
: 42892K->4375K(46080K), 0,0017567 secs] 148865K->111428K(506880K), 0,0018469 secs] [Times: user=0,01 sys=0,00, real=0,00 secs] 
Heap after GC invocations=34 (full 2):
 par new generation   total 46080K, used 4375K [0x00000007a0c00000, 0x00000007a3e00000, 0x00000007a3e00000)
  eden space 40960K,   0% used [0x00000007a0c00000, 0x00000007a0c00000, 0x00000007a3400000)
  from space 5120K,  85% used [0x00000007a3400000, 0x00000007a3845db0, 0x00000007a3900000)
  to   space 5120K,   0% used [0x00000007a3900000, 0x00000007a3900000, 0x00000007a3e00000)
 concurrent mark-sweep generation total 460800K, used 107053K [0x00000007a3e00000, 0x00000007c0000000, 0x00000007c0000000)
 Metaspace       used 50186K, capacity 53175K, committed 53376K, reserved 1095680K
  class space    used 6729K, capacity 7326K, committed 7360K, reserved 1048576K
}
2021-01-18T07:36:53.258-0100: 918,394: Total time for which application threads were stopped: 0,0021297 seconds, Stopping threads took: 0,0000507 seconds
2021-01-18T07:36:54.258-0100: 919,394: Total time for which application threads were stopped: 0,0001518 seconds, Stopping threads took: 0,0000319 seconds
2021-01-18T07:36:55.258-0100: 920,395: Total time for which application threads were stopped: 0,0001601 seconds, Stopping threads took: 0,0000294 seconds
2021-01-18T07:36:56.259-0100: 921,395: Total time for which application threads were stopped: 0,0001644 seconds, Stopping threads took: 0,0000338 seconds
2021-01-18T07:36:57.259-0100: 922,395: Total time for which application threads were stopped: 0,0001836 seconds, Stopping threads took: 0,0000298 seconds
{Heap before GC invocations=34 (full 2):
 par new generation   total 46080K, used 45335K [0x00000007a0c00000, 0x00000007a3e00000, 0x00000007a3e00000)
  eden space 40960K, 100% used [0x00000007a0c00000, 0x00000007a3400000, 0x00000007a3400000)
  from space 5120K,  85% used [0x00000007a3400000, 0x00000007a3845db0, 0x00000007a3900000)
  to   space 5120K,   0% used [0x00000007a3900000, 0x00000007a3900000, 0x00000007a3e00000)
 concurrent mark-sweep generation total 460800K, used 107053K [0x00000007a3e00000, 0x00000007c0000000, 0x00000007c0000000)
 Metaspace       used 50195K, capacity 53239K, committed 53376K, reserved 1095680K
  class space    used 6730K, capacity 7326K, committed 7360K, reserved 1048576K
2021-01-18T07:36:57.652-0100: 922,788: [GC (Allocation Failure) 2021-01-18T07:36:57.652-0100: 922,788: [ParNew
Desired survivor size 2621440 bytes, new threshold 1 (max 1)
- age   1:    4291568 bytes,    4291568 total
: 45335K->4267K(46080K), 0,0015127 secs] 152388K->112380K(506880K), 0,0016149 secs] [Times: user=0,02 sys=0,00, real=0,00 secs] 
Heap after GC invocations=35 (full 2):
 par new generation   total 46080K, used 4267K [0x00000007a0c00000, 0x00000007a3e00000, 0x00000007a3e00000)
  eden space 40960K,   0% used [0x00000007a0c00000, 0x00000007a0c00000, 0x00000007a3400000)
  from space 5120K,  83% used [0x00000007a3900000, 0x00000007a3d2aeb0, 0x00000007a3e00000)
  to   space 5120K,   0% used [0x00000007a3400000, 0x00000007a3400000, 0x00000007a3900000)
 concurrent mark-sweep generation total 460800K, used 108113K [0x00000007a3e00000, 0x00000007c0000000, 0x00000007c0000000)
 Metaspace       used 50195K, capacity 53239K, committed 53376K, reserved 1095680K
  class space    used 6730K, capacity 7326K, committed 7360K, reserved 1048576K
}
2021-01-18T07:36:57.654-0100: 922,790: Total time for which application threads were stopped: 0,0018635 seconds, Stopping threads took: 0,0000297 seconds
2021-01-18T07:36:58.654-0100: 923,790: Total time for which application threads were stopped: 0,0001587 seconds, Stopping threads took: 0,0000310 seconds
2021-01-18T07:36:59.654-0100: 924,790: Total time for which application threads were stopped: 0,0001648 seconds, Stopping threads took: 0,0000298 seconds
2021-01-18T07:37:00.654-0100: 925,790: Total time for which application threads were stopped: 0,0001586 seconds, Stopping threads took: 0,0000330 seconds
2021-01-18T07:37:01.655-0100: 926,791: Total time for which application threads were stopped: 0,0001533 seconds, Stopping threads took: 0,0000336 seconds
{Heap before GC invocations=35 (full 2):
 par new generation   total 46080K, used 44210K [0x00000007a0c00000, 0x00000007a3e00000, 0x00000007a3e00000)
  eden space 40960K,  97% used [0x00000007a0c00000, 0x00000007a3301c50, 0x00000007a3400000)
  from space 5120K,  83% used [0x00000007a3900000, 0x00000007a3d2aeb0, 0x00000007a3e00000)
  to   space 5120K,   0% used [0x00000007a3400000, 0x00000007a3400000, 0x00000007a3900000)
 concurrent mark-sweep generation total 460800K, used 108113K [0x00000007a3e00000, 0x00000007c0000000, 0x00000007c0000000)
 Metaspace       used 50196K, capacity 53239K, committed 53376K, reserved 1095680K
  class space    used 6730K, capacity 7326K, committed 7360K, reserved 1048576K
2021-01-18T07:37:02.226-0100: 927,362: [GC (Allocation Failure) 2021-01-18T07:37:02.226-0100: 927,362: [ParNew
Desired survivor size 2621440 bytes, new threshold 1 (max 1)
- age   1:    2547728 bytes,    2547728 total
: 44210K->2527K(46080K), 0,0014017 secs] 152323K->110731K(506880K), 0,0014809 secs] [Times: user=0,01 sys=0,00, real=0,00 secs] 
Heap after GC invocations=36 (full 2):
 par new generation   total 46080K, used 2527K [0x00000007a0c00000, 0x00000007a3e00000, 0x00000007a3e00000)
  eden space 40960K,   0% used [0x00000007a0c00000, 0x00000007a0c00000, 0x00000007a3400000)
  from space 5120K,  49% used [0x00000007a3400000, 0x00000007a3677f80, 0x00000007a3900000)
  to   space 5120K,   0% used [0x00000007a3900000, 0x00000007a3900000, 0x00000007a3e00000)
 concurrent mark-sweep generation total 460800K, used 108203K [0x00000007a3e00000, 0x00000007c0000000, 0x00000007c0000000)
 Metaspace       used 50196K, capacity 53239K, committed 53376K, reserved 1095680K
  class space    used 6730K, capacity 7326K, committed 7360K, reserved 1048576K
}
2021-01-18T07:37:02.228-0100: 927,364: Total time for which application threads were stopped: 0,0017612 seconds, Stopping threads took: 0,0000521 seconds
2021-01-18T07:37:03.228-0100: 928,364: Total time for which application threads were stopped: 0,0001637 seconds, Stopping threads took: 0,0000282 seconds
2021-01-18T07:37:05.229-0100: 930,365: Total time for which application threads were stopped: 0,0001994 seconds, Stopping threads took: 0,0000549 seconds
2021-01-18T07:37:06.230-0100: 931,366: Total time for which application threads were stopped: 0,0001923 seconds, Stopping threads took: 0,0000390 seconds
{Heap before GC invocations=36 (full 2):
 par new generation   total 46080K, used 43487K [0x00000007a0c00000, 0x00000007a3e00000, 0x00000007a3e00000)
  eden space 40960K, 100% used [0x00000007a0c00000, 0x00000007a3400000, 0x00000007a3400000)
  from space 5120K,  49% used [0x00000007a3400000, 0x00000007a3677f80, 0x00000007a3900000)
  to   space 5120K,   0% used [0x00000007a3900000, 0x00000007a3900000, 0x00000007a3e00000)
 concurrent mark-sweep generation total 460800K, used 108203K [0x00000007a3e00000, 0x00000007c0000000, 0x00000007c0000000)
 Metaspace       used 50206K, capacity 53239K, committed 53376K, reserved 1095680K
  class space    used 6730K, capacity 7326K, committed 7360K, reserved 1048576K
2021-01-18T07:37:06.828-0100: 931,964: [GC (Allocation Failure) 2021-01-18T07:37:06.828-0100: 931,964: [ParNew
Desired survivor size 2621440 bytes, new threshold 1 (max 1)
- age   1:    2556432 bytes,    2556432 total
: 43487K->2706K(46080K), 0,0015621 secs] 151691K->111343K(506880K), 0,0016453 secs] [Times: user=0,02 sys=0,00, real=0,01 secs] 
Heap after GC invocations=37 (full 2):
 par new generation   total 46080K, used 2706K [0x00000007a0c00000, 0x00000007a3e00000, 0x00000007a3e00000)
  eden space 40960K,   0% used [0x00000007a0c00000, 0x00000007a0c00000, 0x00000007a3400000)
  from space 5120K,  52% used [0x00000007a3900000, 0x00000007a3ba4a50, 0x00000007a3e00000)
  to   space 5120K,   0% used [0x00000007a3400000, 0x00000007a3400000, 0x00000007a3900000)
 concurrent mark-sweep generation total 460800K, used 108637K [0x00000007a3e00000, 0x00000007c0000000, 0x00000007c0000000)
 Metaspace       used 50206K, capacity 53239K, committed 53376K, reserved 1095680K
  class space    used 6730K, capacity 7326K, committed 7360K, reserved 1048576K
}
2021-01-18T07:37:06.830-0100: 931,966: Total time for which application threads were stopped: 0,0018970 seconds, Stopping threads took: 0,0000340 seconds
2021-01-18T07:37:07.830-0100: 932,966: Total time for which application threads were stopped: 0,0001614 seconds, Stopping threads took: 0,0000319 seconds
2021-01-18T07:37:08.831-0100: 933,967: Total time for which application threads were stopped: 0,0001605 seconds, Stopping threads took: 0,0000316 seconds
2021-01-18T07:37:09.831-0100: 934,967: Total time for which application threads were stopped: 0,0001718 seconds, Stopping threads took: 0,0000505 seconds
2021-01-18T07:37:10.831-0100: 935,967: Total time for which application threads were stopped: 0,0001530 seconds, Stopping threads took: 0,0000307 seconds
{Heap before GC invocations=37 (full 2):
 par new generation   total 46080K, used 43666K [0x00000007a0c00000, 0x00000007a3e00000, 0x00000007a3e00000)
  eden space 40960K, 100% used [0x00000007a0c00000, 0x00000007a3400000, 0x00000007a3400000)
  from space 5120K,  52% used [0x00000007a3900000, 0x00000007a3ba4a50, 0x00000007a3e00000)
  to   space 5120K,   0% used [0x00000007a3400000, 0x00000007a3400000, 0x00000007a3900000)
 concurrent mark-sweep generation total 460800K, used 108637K [0x00000007a3e00000, 0x00000007c0000000, 0x00000007c0000000)
 Metaspace       used 50255K, capacity 53239K, committed 53376K, reserved 1095680K
  class space    used 6734K, capacity 7326K, committed 7360K, reserved 1048576K
2021-01-18T07:37:11.166-0100: 936,302: [GC (Allocation Failure) 2021-01-18T07:37:11.166-0100: 936,302: [ParNew
Desired survivor size 2621440 bytes, new threshold 1 (max 1)
- age   1:    4801088 bytes,    4801088 total
: 43666K->4904K(46080K), 0,0016829 secs] 152303K->116035K(506880K), 0,0017881 secs] [Times: user=0,01 sys=0,00, real=0,00 secs] 
Heap after GC invocations=38 (full 2):
 par new generation   total 46080K, used 4904K [0x00000007a0c00000, 0x00000007a3e00000, 0x00000007a3e00000)
  eden space 40960K,   0% used [0x00000007a0c00000, 0x00000007a0c00000, 0x00000007a3400000)
  from space 5120K,  95% used [0x00000007a3400000, 0x00000007a38ca258, 0x00000007a3900000)
  to   space 5120K,   0% used [0x00000007a3900000, 0x00000007a3900000, 0x00000007a3e00000)
 concurrent mark-sweep generation total 460800K, used 111130K [0x00000007a3e00000, 0x00000007c0000000, 0x00000007c0000000)
 Metaspace       used 50255K, capacity 53239K, committed 53376K, reserved 1095680K
  class space    used 6734K, capacity 7326K, committed 7360K, reserved 1048576K
}
2021-01-18T07:37:11.167-0100: 936,303: Total time for which application threads were stopped: 0,0020953 seconds, Stopping threads took: 0,0000352 seconds
2021-01-18T07:37:12.168-0100: 937,304: Total time for which application threads were stopped: 0,0001718 seconds, Stopping threads took: 0,0000344 seconds
2021-01-18T07:37:13.169-0100: 938,305: Total time for which application threads were stopped: 0,0001988 seconds, Stopping threads took: 0,0000337 seconds
2021-01-18T07:37:14.169-0100: 939,305: Total time for which application threads were stopped: 0,0001555 seconds, Stopping threads took: 0,0000345 seconds
2021-01-18T07:37:15.170-0100: 940,306: Total time for which application threads were stopped: 0,0001699 seconds, Stopping threads took: 0,0000311 seconds
{Heap before GC invocations=38 (full 2):
 par new generation   total 46080K, used 45864K [0x00000007a0c00000, 0x00000007a3e00000, 0x00000007a3e00000)
  eden space 40960K, 100% used [0x00000007a0c00000, 0x00000007a3400000, 0x00000007a3400000)
  from space 5120K,  95% used [0x00000007a3400000, 0x00000007a38ca258, 0x00000007a3900000)
  to   space 5120K,   0% used [0x00000007a3900000, 0x00000007a3900000, 0x00000007a3e00000)
 concurrent mark-sweep generation total 460800K, used 111130K [0x00000007a3e00000, 0x00000007c0000000, 0x00000007c0000000)
 Metaspace       used 50274K, capacity 53303K, committed 53376K, reserved 1095680K
  class space    used 6734K, capacity 7326K, committed 7360K, reserved 1048576K
2021-01-18T07:37:15.537-0100: 940,673: [GC (Allocation Failure) 2021-01-18T07:37:15.537-0100: 940,673: [ParNew
Desired survivor size 2621440 bytes, new threshold 1 (max 1)
- age   1:    4579936 bytes,    4579936 total
: 45864K->4637K(46080K), 0,0014190 secs] 156995K->116884K(506880K), 0,0018680 secs] [Times: user=0,01 sys=0,00, real=0,00 secs] 
Heap after GC invocations=39 (full 2):
 par new generation   total 46080K, used 4637K [0x00000007a0c00000, 0x00000007a3e00000, 0x00000007a3e00000)
  eden space 40960K,   0% used [0x00000007a0c00000, 0x00000007a0c00000, 0x00000007a3400000)
  from space 5120K,  90% used [0x00000007a3900000, 0x00000007a3d87590, 0x00000007a3e00000)
  to   space 5120K,   0% used [0x00000007a3400000, 0x00000007a3400000, 0x00000007a3900000)
 concurrent mark-sweep generation total 460800K, used 112247K [0x00000007a3e00000, 0x00000007c0000000, 0x00000007c0000000)
 Metaspace       used 50274K, capacity 53303K, committed 53376K, reserved 1095680K
  class space    used 6734K, capacity 7326K, committed 7360K, reserved 1048576K
}
2021-01-18T07:37:15.538-0100: 940,675: Total time for which application threads were stopped: 0,0021169 seconds, Stopping threads took: 0,0000299 seconds
2021-01-18T07:37:16.539-0100: 941,675: Total time for which application threads were stopped: 0,0001687 seconds, Stopping threads took: 0,0000316 seconds
2021-01-18T07:37:17.539-0100: 942,675: Total time for which application threads were stopped: 0,0001733 seconds, Stopping threads took: 0,0000308 seconds
2021-01-18T07:37:18.539-0100: 943,675: Total time for which application threads were stopped: 0,0001679 seconds, Stopping threads took: 0,0000309 seconds
2021-01-18T07:37:19.540-0100: 944,676: Total time for which application threads were stopped: 0,0001493 seconds, Stopping threads took: 0,0000308 seconds
{Heap before GC invocations=39 (full 2):
 par new generation   total 46080K, used 45597K [0x00000007a0c00000, 0x00000007a3e00000, 0x00000007a3e00000)
  eden space 40960K, 100% used [0x00000007a0c00000, 0x00000007a3400000, 0x00000007a3400000)
  from space 5120K,  90% used [0x00000007a3900000, 0x00000007a3d87590, 0x00000007a3e00000)
  to   space 5120K,   0% used [0x00000007a3400000, 0x00000007a3400000, 0x00000007a3900000)
 concurrent mark-sweep generation total 460800K, used 112247K [0x00000007a3e00000, 0x00000007c0000000, 0x00000007c0000000)
 Metaspace       used 50286K, capacity 53303K, committed 53376K, reserved 1095680K
  class space    used 6738K, capacity 7326K, committed 7360K, reserved 1048576K
2021-01-18T07:37:19.936-0100: 945,072: [GC (Allocation Failure) 2021-01-18T07:37:19.936-0100: 945,072: [ParNew
Desired survivor size 2621440 bytes, new threshold 1 (max 1)
- age   1:    4493088 bytes,    4493088 total
: 45597K->4533K(46080K), 0,0014096 secs] 157844K->117873K(506880K), 0,0015305 secs] [Times: user=0,01 sys=0,00, real=0,00 secs] 
Heap after GC invocations=40 (full 2):
 par new generation   total 46080K, used 4533K [0x00000007a0c00000, 0x00000007a3e00000, 0x00000007a3e00000)
  eden space 40960K,   0% used [0x00000007a0c00000, 0x00000007a0c00000, 0x00000007a3400000)
  from space 5120K,  88% used [0x00000007a3400000, 0x00000007a386d7f0, 0x00000007a3900000)
  to   space 5120K,   0% used [0x00000007a3900000, 0x00000007a3900000, 0x00000007a3e00000)
 concurrent mark-sweep generation total 460800K, used 113339K [0x00000007a3e00000, 0x00000007c0000000, 0x00000007c0000000)
 Metaspace       used 50286K, capacity 53303K, committed 53376K, reserved 1095680K
  class space    used 6738K, capacity 7326K, committed 7360K, reserved 1048576K
}
2021-01-18T07:37:19.937-0100: 945,073: Total time for which application threads were stopped: 0,0017928 seconds, Stopping threads took: 0,0000343 seconds
2021-01-18T07:37:20.938-0100: 946,074: Total time for which application threads were stopped: 0,0001479 seconds, Stopping threads took: 0,0000308 seconds
2021-01-18T07:37:21.938-0100: 947,074: Total time for which application threads were stopped: 0,0001984 seconds, Stopping threads took: 0,0000408 seconds
2021-01-18T07:37:22.938-0100: 948,074: Total time for which application threads were stopped: 0,0001712 seconds, Stopping threads took: 0,0000390 seconds
{Heap before GC invocations=40 (full 2):
 par new generation   total 46080K, used 45493K [0x00000007a0c00000, 0x00000007a3e00000, 0x00000007a3e00000)
  eden space 40960K, 100% used [0x00000007a0c00000, 0x00000007a3400000, 0x00000007a3400000)
  from space 5120K,  88% used [0x00000007a3400000, 0x00000007a386d7f0, 0x00000007a3900000)
  to   space 5120K,   0% used [0x00000007a3900000, 0x00000007a3900000, 0x00000007a3e00000)
 concurrent mark-sweep generation total 460800K, used 113339K [0x00000007a3e00000, 0x00000007c0000000, 0x00000007c0000000)
 Metaspace       used 50295K, capacity 53307K, committed 53376K, reserved 1095680K
  class space    used 6738K, capacity 7326K, committed 7360K, reserved 1048576K
2021-01-18T07:37:24.383-0100: 949,519: [GC (Allocation Failure) 2021-01-18T07:37:24.383-0100: 949,519: [ParNew
Desired survivor size 2621440 bytes, new threshold 1 (max 1)
- age   1:    4431312 bytes,    4431312 total
: 45493K->4474K(46080K), 0,0014370 secs] 158833K->118872K(506880K), 0,0018777 secs] [Times: user=0,02 sys=0,00, real=0,00 secs] 
Heap after GC invocations=41 (full 2):
 par new generation   total 46080K, used 4474K [0x00000007a0c00000, 0x00000007a3e00000, 0x00000007a3e00000)
  eden space 40960K,   0% used [0x00000007a0c00000, 0x00000007a0c00000, 0x00000007a3400000)
  from space 5120K,  87% used [0x00000007a3900000, 0x00000007a3d5e910, 0x00000007a3e00000)
  to   space 5120K,   0% used [0x00000007a3400000, 0x00000007a3400000, 0x00000007a3900000)
 concurrent mark-sweep generation total 460800K, used 114398K [0x00000007a3e00000, 0x00000007c0000000, 0x00000007c0000000)
 Metaspace       used 50295K, capacity 53307K, committed 53376K, reserved 1095680K
  class space    used 6738K, capacity 7326K, committed 7360K, reserved 1048576K
}
2021-01-18T07:37:24.384-0100: 949,521: Total time for which application threads were stopped: 0,0021252 seconds, Stopping threads took: 0,0000322 seconds
2021-01-18T07:37:27.386-0100: 952,522: Total time for which application threads were stopped: 0,0001606 seconds, Stopping threads took: 0,0000355 seconds
{Heap before GC invocations=41 (full 2):
 par new generation   total 46080K, used 45434K [0x00000007a0c00000, 0x00000007a3e00000, 0x00000007a3e00000)
  eden space 40960K, 100% used [0x00000007a0c00000, 0x00000007a3400000, 0x00000007a3400000)
  from space 5120K,  87% used [0x00000007a3900000, 0x00000007a3d5e910, 0x00000007a3e00000)
  to   space 5120K,   0% used [0x00000007a3400000, 0x00000007a3400000, 0x00000007a3900000)
 concurrent mark-sweep generation total 460800K, used 114398K [0x00000007a3e00000, 0x00000007c0000000, 0x00000007c0000000)
 Metaspace       used 50302K, capacity 53307K, committed 53376K, reserved 1095680K
  class space    used 6738K, capacity 7326K, committed 7360K, reserved 1048576K
2021-01-18T07:37:28.832-0100: 953,968: [GC (Allocation Failure) 2021-01-18T07:37:28.832-0100: 953,968: [ParNew
Desired survivor size 2621440 bytes, new threshold 1 (max 1)
- age   1:    4380728 bytes,    4380728 total
: 45434K->4373K(46080K), 0,0017810 secs] 159832K->119826K(506880K), 0,0019138 secs] [Times: user=0,02 sys=0,00, real=0,00 secs] 
Heap after GC invocations=42 (full 2):
 par new generation   total 46080K, used 4373K [0x00000007a0c00000, 0x00000007a3e00000, 0x00000007a3e00000)
  eden space 40960K,   0% used [0x00000007a0c00000, 0x00000007a0c00000, 0x00000007a3400000)
  from space 5120K,  85% used [0x00000007a3400000, 0x00000007a38456d8, 0x00000007a3900000)
  to   space 5120K,   0% used [0x00000007a3900000, 0x00000007a3900000, 0x00000007a3e00000)
 concurrent mark-sweep generation total 460800K, used 115452K [0x00000007a3e00000, 0x00000007c0000000, 0x00000007c0000000)
 Metaspace       used 50302K, capacity 53307K, committed 53376K, reserved 1095680K
  class space    used 6738K, capacity 7326K, committed 7360K, reserved 1048576K
}
2021-01-18T07:37:28.834-0100: 953,970: Total time for which application threads were stopped: 0,0022444 seconds, Stopping threads took: 0,0000435 seconds
2021-01-18T07:37:30.834-0100: 955,970: Total time for which application threads were stopped: 0,0001523 seconds, Stopping threads took: 0,0000304 seconds
2021-01-18T07:37:32.835-0100: 957,971: Total time for which application threads were stopped: 0,0002034 seconds, Stopping threads took: 0,0000433 seconds
{Heap before GC invocations=42 (full 2):
 par new generation   total 46080K, used 45333K [0x00000007a0c00000, 0x00000007a3e00000, 0x00000007a3e00000)
  eden space 40960K, 100% used [0x00000007a0c00000, 0x00000007a3400000, 0x00000007a3400000)
  from space 5120K,  85% used [0x00000007a3400000, 0x00000007a38456d8, 0x00000007a3900000)
  to   space 5120K,   0% used [0x00000007a3900000, 0x00000007a3900000, 0x00000007a3e00000)
 concurrent mark-sweep generation total 460800K, used 115452K [0x00000007a3e00000, 0x00000007c0000000, 0x00000007c0000000)
 Metaspace       used 50318K, capacity 53307K, committed 53376K, reserved 1095680K
  class space    used 6738K, capacity 7326K, committed 7360K, reserved 1048576K
2021-01-18T07:37:33.378-0100: 958,514: [GC (Allocation Failure) 2021-01-18T07:37:33.378-0100: 958,514: [ParNew
Desired survivor size 2621440 bytes, new threshold 1 (max 1)
- age   1:    4339080 bytes,    4339080 total
: 45333K->4315K(46080K), 0,0014220 secs] 160786K->120823K(506880K), 0,0019057 secs] [Times: user=0,01 sys=0,00, real=0,01 secs] 
Heap after GC invocations=43 (full 2):
 par new generation   total 46080K, used 4315K [0x00000007a0c00000, 0x00000007a3e00000, 0x00000007a3e00000)
  eden space 40960K,   0% used [0x00000007a0c00000, 0x00000007a0c00000, 0x00000007a3400000)
  from space 5120K,  84% used [0x00000007a3900000, 0x00000007a3d36e78, 0x00000007a3e00000)
  to   space 5120K,   0% used [0x00000007a3400000, 0x00000007a3400000, 0x00000007a3900000)
 concurrent mark-sweep generation total 460800K, used 116507K [0x00000007a3e00000, 0x00000007c0000000, 0x00000007c0000000)
 Metaspace       used 50318K, capacity 53307K, committed 53376K, reserved 1095680K
  class space    used 6738K, capacity 7326K, committed 7360K, reserved 1048576K
}
2021-01-18T07:37:33.380-0100: 958,516: Total time for which application threads were stopped: 0,0021685 seconds, Stopping threads took: 0,0000328 seconds
2021-01-18T07:37:36.380-0100: 961,516: Total time for which application threads were stopped: 0,0001912 seconds, Stopping threads took: 0,0000514 seconds
2021-01-18T07:37:37.381-0100: 962,517: Total time for which application threads were stopped: 0,0001949 seconds, Stopping threads took: 0,0000427 seconds
{Heap before GC invocations=43 (full 2):
 par new generation   total 46080K, used 45275K [0x00000007a0c00000, 0x00000007a3e00000, 0x00000007a3e00000)
  eden space 40960K, 100% used [0x00000007a0c00000, 0x00000007a3400000, 0x00000007a3400000)
  from space 5120K,  84% used [0x00000007a3900000, 0x00000007a3d36e78, 0x00000007a3e00000)
  to   space 5120K,   0% used [0x00000007a3400000, 0x00000007a3400000, 0x00000007a3900000)
 concurrent mark-sweep generation total 460800K, used 116507K [0x00000007a3e00000, 0x00000007c0000000, 0x00000007c0000000)
 Metaspace       used 50323K, capacity 53307K, committed 53376K, reserved 1095680K
  class space    used 6738K, capacity 7326K, committed 7360K, reserved 1048576K
2021-01-18T07:37:37.780-0100: 962,917: [GC (Allocation Failure) 2021-01-18T07:37:37.780-0100: 962,917: [ParNew
Desired survivor size 2621440 bytes, new threshold 1 (max 1)
- age   1:    4284040 bytes,    4284040 total
: 45275K->4267K(46080K), 0,0013822 secs] 161783K->121830K(506880K), 0,0014892 secs] [Times: user=0,01 sys=0,00, real=0,00 secs] 
Heap after GC invocations=44 (full 2):
 par new generation   total 46080K, used 4267K [0x00000007a0c00000, 0x00000007a3e00000, 0x00000007a3e00000)
  eden space 40960K,   0% used [0x00000007a0c00000, 0x00000007a0c00000, 0x00000007a3400000)
  from space 5120K,  83% used [0x00000007a3400000, 0x00000007a382ada0, 0x00000007a3900000)
  to   space 5120K,   0% used [0x00000007a3900000, 0x00000007a3900000, 0x00000007a3e00000)
 concurrent mark-sweep generation total 460800K, used 117562K [0x00000007a3e00000, 0x00000007c0000000, 0x00000007c0000000)
 Metaspace       used 50323K, capacity 53307K, committed 53376K, reserved 1095680K
  class space    used 6738K, capacity 7326K, committed 7360K, reserved 1048576K
}
2021-01-18T07:37:37.782-0100: 962,918: Total time for which application threads were stopped: 0,0017845 seconds, Stopping threads took: 0,0000659 seconds
2021-01-18T07:37:40.782-0100: 965,918: Total time for which application threads were stopped: 0,0001623 seconds, Stopping threads took: 0,0000306 seconds
2021-01-18T07:37:42.784-0100: 967,921: Total time for which application threads were stopped: 0,0004156 seconds, Stopping threads took: 0,0000689 seconds
2021-01-18T07:37:55.794-0100: 980,930: Total time for which application threads were stopped: 0,0003750 seconds, Stopping threads took: 0,0000687 seconds
2021-01-18T07:38:13.806-0100: 998,942: Total time for which application threads were stopped: 0,0003683 seconds, Stopping threads took: 0,0000647 seconds
2021-01-18T07:38:14.807-0100: 999,943: Total time for which application threads were stopped: 0,0002734 seconds, Stopping threads took: 0,0000543 seconds
2021-01-18T07:38:34.820-0100: 1019,956: Total time for which application threads were stopped: 0,0002560 seconds, Stopping threads took: 0,0000492 seconds
2021-01-18T07:38:55.834-0100: 1040,970: Total time for which application threads were stopped: 0,0003447 seconds, Stopping threads took: 0,0000601 seconds
{Heap before GC invocations=44 (full 2):
 par new generation   total 46080K, used 45227K [0x00000007a0c00000, 0x00000007a3e00000, 0x00000007a3e00000)
  eden space 40960K, 100% used [0x00000007a0c00000, 0x00000007a3400000, 0x00000007a3400000)
  from space 5120K,  83% used [0x00000007a3400000, 0x00000007a382ada0, 0x00000007a3900000)
  to   space 5120K,   0% used [0x00000007a3900000, 0x00000007a3900000, 0x00000007a3e00000)
 concurrent mark-sweep generation total 460800K, used 117562K [0x00000007a3e00000, 0x00000007c0000000, 0x00000007c0000000)
 Metaspace       used 50351K, capacity 53371K, committed 53632K, reserved 1095680K
  class space    used 6738K, capacity 7326K, committed 7360K, reserved 1048576K
2021-01-18T07:38:59.496-0100: 1044,632: [GC (Allocation Failure) 2021-01-18T07:38:59.496-0100: 1044,633: [ParNew
Desired survivor size 2621440 bytes, new threshold 1 (max 1)
- age   1:     749680 bytes,     749680 total
: 45227K->806K(46080K), 0,0021210 secs] 162790K->118400K(506880K), 0,0025708 secs] [Times: user=0,01 sys=0,00, real=0,00 secs] 
Heap after GC invocations=45 (full 2):
 par new generation   total 46080K, used 806K [0x00000007a0c00000, 0x00000007a3e00000, 0x00000007a3e00000)
  eden space 40960K,   0% used [0x00000007a0c00000, 0x00000007a0c00000, 0x00000007a3400000)
  from space 5120K,  15% used [0x00000007a3900000, 0x00000007a39c9b80, 0x00000007a3e00000)
  to   space 5120K,   0% used [0x00000007a3400000, 0x00000007a3400000, 0x00000007a3900000)
 concurrent mark-sweep generation total 460800K, used 117593K [0x00000007a3e00000, 0x00000007c0000000, 0x00000007c0000000)
 Metaspace       used 50351K, capacity 53371K, committed 53632K, reserved 1095680K
  class space    used 6738K, capacity 7326K, committed 7360K, reserved 1048576K
}
2021-01-18T07:38:59.499-0100: 1044,635: Total time for which application threads were stopped: 0,0029284 seconds, Stopping threads took: 0,0000399 seconds
2021-01-18T07:39:00.499-0100: 1045,635: Total time for which application threads were stopped: 0,0001648 seconds, Stopping threads took: 0,0000364 seconds
2021-01-18T07:39:03.499-0100: 1048,635: Total time for which application threads were stopped: 0,0001546 seconds, Stopping threads took: 0,0000309 seconds
{Heap before GC invocations=45 (full 2):
 par new generation   total 46080K, used 41766K [0x00000007a0c00000, 0x00000007a3e00000, 0x00000007a3e00000)
  eden space 40960K, 100% used [0x00000007a0c00000, 0x00000007a3400000, 0x00000007a3400000)
  from space 5120K,  15% used [0x00000007a3900000, 0x00000007a39c9b80, 0x00000007a3e00000)
  to   space 5120K,   0% used [0x00000007a3400000, 0x00000007a3400000, 0x00000007a3900000)
 concurrent mark-sweep generation total 460800K, used 117593K [0x00000007a3e00000, 0x00000007c0000000, 0x00000007c0000000)
 Metaspace       used 50356K, capacity 53371K, committed 53632K, reserved 1095680K
  class space    used 6738K, capacity 7326K, committed 7360K, reserved 1048576K
2021-01-18T07:39:04.345-0100: 1049,481: [GC (Allocation Failure) 2021-01-18T07:39:04.345-0100: 1049,481: [ParNew
Desired survivor size 2621440 bytes, new threshold 1 (max 1)
- age   1:    4558640 bytes,    4558640 total
: 41766K->4712K(46080K), 0,0015599 secs] 159360K->124060K(506880K), 0,0016587 secs] [Times: user=0,01 sys=0,00, real=0,00 secs] 
Heap after GC invocations=46 (full 2):
 par new generation   total 46080K, used 4712K [0x00000007a0c00000, 0x00000007a3e00000, 0x00000007a3e00000)
  eden space 40960K,   0% used [0x00000007a0c00000, 0x00000007a0c00000, 0x00000007a3400000)
  from space 5120K,  92% used [0x00000007a3400000, 0x00000007a389a370, 0x00000007a3900000)
  to   space 5120K,   0% used [0x00000007a3900000, 0x00000007a3900000, 0x00000007a3e00000)
 concurrent mark-sweep generation total 460800K, used 119347K [0x00000007a3e00000, 0x00000007c0000000, 0x00000007c0000000)
 Metaspace       used 50356K, capacity 53371K, committed 53632K, reserved 1095680K
  class space    used 6738K, capacity 7326K, committed 7360K, reserved 1048576K
}
2021-01-18T07:39:04.347-0100: 1049,483: Total time for which application threads were stopped: 0,0019232 seconds, Stopping threads took: 0,0000326 seconds
{Heap before GC invocations=46 (full 2):
 par new generation   total 46080K, used 45672K [0x00000007a0c00000, 0x00000007a3e00000, 0x00000007a3e00000)
  eden space 40960K, 100% used [0x00000007a0c00000, 0x00000007a3400000, 0x00000007a3400000)
  from space 5120K,  92% used [0x00000007a3400000, 0x00000007a389a370, 0x00000007a3900000)
  to   space 5120K,   0% used [0x00000007a3900000, 0x00000007a3900000, 0x00000007a3e00000)
 concurrent mark-sweep generation total 460800K, used 119347K [0x00000007a3e00000, 0x00000007c0000000, 0x00000007c0000000)
 Metaspace       used 50360K, capacity 53371K, committed 53632K, reserved 1095680K
  class space    used 6738K, capacity 7326K, committed 7360K, reserved 1048576K
2021-01-18T07:39:09.281-0100: 1054,417: [GC (Allocation Failure) 2021-01-18T07:39:09.281-0100: 1054,417: [ParNew
Desired survivor size 2621440 bytes, new threshold 1 (max 1)
- age   1:    4322080 bytes,    4322080 total
: 45672K->4384K(46080K), 0,0013685 secs] 165020K->126052K(506880K), 0,0014656 secs] [Times: user=0,01 sys=0,00, real=0,00 secs] 
Heap after GC invocations=47 (full 2):
 par new generation   total 46080K, used 4384K [0x00000007a0c00000, 0x00000007a3e00000, 0x00000007a3e00000)
  eden space 40960K,   0% used [0x00000007a0c00000, 0x00000007a0c00000, 0x00000007a3400000)
  from space 5120K,  85% used [0x00000007a3900000, 0x00000007a3d48178, 0x00000007a3e00000)
  to   space 5120K,   0% used [0x00000007a3400000, 0x00000007a3400000, 0x00000007a3900000)
 concurrent mark-sweep generation total 460800K, used 121668K [0x00000007a3e00000, 0x00000007c0000000, 0x00000007c0000000)
 Metaspace       used 50360K, capacity 53371K, committed 53632K, reserved 1095680K
  class space    used 6738K, capacity 7326K, committed 7360K, reserved 1048576K
}
2021-01-18T07:39:09.282-0100: 1054,419: Total time for which application threads were stopped: 0,0017264 seconds, Stopping threads took: 0,0000308 seconds
2021-01-18T07:39:10.283-0100: 1055,419: Total time for which application threads were stopped: 0,0001633 seconds, Stopping threads took: 0,0000334 seconds
2021-01-18T07:39:11.283-0100: 1056,419: Total time for which application threads were stopped: 0,0001659 seconds, Stopping threads took: 0,0000347 seconds
2021-01-18T07:39:13.284-0100: 1058,420: Total time for which application threads were stopped: 0,0001715 seconds, Stopping threads took: 0,0000340 seconds
{Heap before GC invocations=47 (full 2):
 par new generation   total 46080K, used 45344K [0x00000007a0c00000, 0x00000007a3e00000, 0x00000007a3e00000)
  eden space 40960K, 100% used [0x00000007a0c00000, 0x00000007a3400000, 0x00000007a3400000)
  from space 5120K,  85% used [0x00000007a3900000, 0x00000007a3d48178, 0x00000007a3e00000)
  to   space 5120K,   0% used [0x00000007a3400000, 0x00000007a3400000, 0x00000007a3900000)
 concurrent mark-sweep generation total 460800K, used 121668K [0x00000007a3e00000, 0x00000007c0000000, 0x00000007c0000000)
 Metaspace       used 50374K, capacity 53371K, committed 53632K, reserved 1095680K
  class space    used 6738K, capacity 7326K, committed 7360K, reserved 1048576K
2021-01-18T07:39:14.270-0100: 1059,406: [GC (Allocation Failure) 2021-01-18T07:39:14.270-0100: 1059,406: [ParNew
Desired survivor size 2621440 bytes, new threshold 1 (max 1)
- age   1:    4306720 bytes,    4306720 total
: 45344K->4264K(46080K), 0,0017071 secs] 167012K->127001K(506880K), 0,0018078 secs] [Times: user=0,02 sys=0,00, real=0,00 secs] 
Heap after GC invocations=48 (full 2):
 par new generation   total 46080K, used 4264K [0x00000007a0c00000, 0x00000007a3e00000, 0x00000007a3e00000)
  eden space 40960K,   0% used [0x00000007a0c00000, 0x00000007a0c00000, 0x00000007a3400000)
  from space 5120K,  83% used [0x00000007a3400000, 0x00000007a382a230, 0x00000007a3900000)
  to   space 5120K,   0% used [0x00000007a3900000, 0x00000007a3900000, 0x00000007a3e00000)
 concurrent mark-sweep generation total 460800K, used 122737K [0x00000007a3e00000, 0x00000007c0000000, 0x00000007c0000000)
 Metaspace       used 50374K, capacity 53371K, committed 53632K, reserved 1095680K
  class space    used 6738K, capacity 7326K, committed 7360K, reserved 1048576K
}
2021-01-18T07:39:14.272-0100: 1059,408: Total time for which application threads were stopped: 0,0020948 seconds, Stopping threads took: 0,0000332 seconds
2021-01-18T07:39:15.272-0100: 1060,408: Total time for which application threads were stopped: 0,0001569 seconds, Stopping threads took: 0,0000319 seconds
2021-01-18T07:39:16.272-0100: 1061,409: Total time for which application threads were stopped: 0,0001561 seconds, Stopping threads took: 0,0000315 seconds
2021-01-18T07:39:18.273-0100: 1063,409: Total time for which application threads were stopped: 0,0001802 seconds, Stopping threads took: 0,0000319 seconds
{Heap before GC invocations=48 (full 2):
 par new generation   total 46080K, used 45224K [0x00000007a0c00000, 0x00000007a3e00000, 0x00000007a3e00000)
  eden space 40960K, 100% used [0x00000007a0c00000, 0x00000007a3400000, 0x00000007a3400000)
  from space 5120K,  83% used [0x00000007a3400000, 0x00000007a382a230, 0x00000007a3900000)
  to   space 5120K,   0% used [0x00000007a3900000, 0x00000007a3900000, 0x00000007a3e00000)
 concurrent mark-sweep generation total 460800K, used 122737K [0x00000007a3e00000, 0x00000007c0000000, 0x00000007c0000000)
 Metaspace       used 50377K, capacity 53371K, committed 53632K, reserved 1095680K
  class space    used 6738K, capacity 7326K, committed 7360K, reserved 1048576K
2021-01-18T07:39:19.223-0100: 1064,360: [GC (Allocation Failure) 2021-01-18T07:39:19.223-0100: 1064,360: [ParNew
Desired survivor size 2621440 bytes, new threshold 1 (max 1)
- age   1:    4307872 bytes,    4307872 total
: 45224K->4261K(46080K), 0,0018313 secs] 167961K->128054K(506880K), 0,0019686 secs] [Times: user=0,01 sys=0,00, real=0,00 secs] 
Heap after GC invocations=49 (full 2):
 par new generation   total 46080K, used 4261K [0x00000007a0c00000, 0x00000007a3e00000, 0x00000007a3e00000)
  eden space 40960K,   0% used [0x00000007a0c00000, 0x00000007a0c00000, 0x00000007a3400000)
  from space 5120K,  83% used [0x00000007a3900000, 0x00000007a3d29588, 0x00000007a3e00000)
  to   space 5120K,   0% used [0x00000007a3400000, 0x00000007a3400000, 0x00000007a3900000)
 concurrent mark-sweep generation total 460800K, used 123792K [0x00000007a3e00000, 0x00000007c0000000, 0x00000007c0000000)
 Metaspace       used 50377K, capacity 53371K, committed 53632K, reserved 1095680K
  class space    used 6738K, capacity 7326K, committed 7360K, reserved 1048576K
}
2021-01-18T07:39:19.226-0100: 1064,362: Total time for which application threads were stopped: 0,0023924 seconds, Stopping threads took: 0,0000391 seconds
2021-01-18T07:39:21.226-0100: 1066,362: Total time for which application threads were stopped: 0,0002287 seconds, Stopping threads took: 0,0000367 seconds
2021-01-18T07:39:22.226-0100: 1067,363: Total time for which application threads were stopped: 0,0001682 seconds, Stopping threads took: 0,0000349 seconds
{Heap before GC invocations=49 (full 2):
 par new generation   total 46080K, used 45221K [0x00000007a0c00000, 0x00000007a3e00000, 0x00000007a3e00000)
  eden space 40960K, 100% used [0x00000007a0c00000, 0x00000007a3400000, 0x00000007a3400000)
  from space 5120K,  83% used [0x00000007a3900000, 0x00000007a3d29588, 0x00000007a3e00000)
  to   space 5120K,   0% used [0x00000007a3400000, 0x00000007a3400000, 0x00000007a3900000)
 concurrent mark-sweep generation total 460800K, used 123792K [0x00000007a3e00000, 0x00000007c0000000, 0x00000007c0000000)
 Metaspace       used 50377K, capacity 53371K, committed 53632K, reserved 1095680K
  class space    used 6738K, capacity 7326K, committed 7360K, reserved 1048576K
2021-01-18T07:39:24.886-0100: 1070,023: [GC (Allocation Failure) 2021-01-18T07:39:24.962-0100: 1070,098: [ParNew
Desired survivor size 2621440 bytes, new threshold 1 (max 1)
- age   1:    4351528 bytes,    4351528 total
: 45221K->4317K(46080K), 0,0014165 secs] 169014K->129165K(506880K), 0,0769268 secs] [Times: user=0,02 sys=0,00, real=0,08 secs] 
Heap after GC invocations=50 (full 2):
 par new generation   total 46080K, used 4317K [0x00000007a0c00000, 0x00000007a3e00000, 0x00000007a3e00000)
  eden space 40960K,   0% used [0x00000007a0c00000, 0x00000007a0c00000, 0x00000007a3400000)
  from space 5120K,  84% used [0x00000007a3400000, 0x00000007a3837430, 0x00000007a3900000)
  to   space 5120K,   0% used [0x00000007a3900000, 0x00000007a3900000, 0x00000007a3e00000)
 concurrent mark-sweep generation total 460800K, used 124848K [0x00000007a3e00000, 0x00000007c0000000, 0x00000007c0000000)
 Metaspace       used 50377K, capacity 53371K, committed 53632K, reserved 1095680K
  class space    used 6738K, capacity 7326K, committed 7360K, reserved 1048576K
}
2021-01-18T07:39:24.963-0100: 1070,100: Total time for which application threads were stopped: 0,0772219 seconds, Stopping threads took: 0,0000460 seconds
2021-01-18T07:39:25.963-0100: 1071,100: Total time for which application threads were stopped: 0,0001647 seconds, Stopping threads took: 0,0000355 seconds
2021-01-18T07:39:27.965-0100: 1073,101: Total time for which application threads were stopped: 0,0002019 seconds, Stopping threads took: 0,0000439 seconds
2021-01-18T07:39:28.966-0100: 1074,102: Total time for which application threads were stopped: 0,0001595 seconds, Stopping threads took: 0,0000310 seconds
{Heap before GC invocations=50 (full 2):
 par new generation   total 46080K, used 45277K [0x00000007a0c00000, 0x00000007a3e00000, 0x00000007a3e00000)
  eden space 40960K, 100% used [0x00000007a0c00000, 0x00000007a3400000, 0x00000007a3400000)
  from space 5120K,  84% used [0x00000007a3400000, 0x00000007a3837430, 0x00000007a3900000)
  to   space 5120K,   0% used [0x00000007a3900000, 0x00000007a3900000, 0x00000007a3e00000)
 concurrent mark-sweep generation total 460800K, used 124848K [0x00000007a3e00000, 0x00000007c0000000, 0x00000007c0000000)
 Metaspace       used 50386K, capacity 53371K, committed 53632K, reserved 1095680K
  class space    used 6738K, capacity 7326K, committed 7360K, reserved 1048576K
2021-01-18T07:39:30.044-0100: 1075,180: [GC (Allocation Failure) 2021-01-18T07:39:30.044-0100: 1075,180: [ParNew
Desired survivor size 2621440 bytes, new threshold 1 (max 1)
- age   1:    4358352 bytes,    4358352 total
: 45277K->4338K(46080K), 0,0015236 secs] 170125K->130243K(506880K), 0,0019902 secs] [Times: user=0,01 sys=0,00, real=0,00 secs] 
Heap after GC invocations=51 (full 2):
 par new generation   total 46080K, used 4338K [0x00000007a0c00000, 0x00000007a3e00000, 0x00000007a3e00000)
  eden space 40960K,   0% used [0x00000007a0c00000, 0x00000007a0c00000, 0x00000007a3400000)
  from space 5120K,  84% used [0x00000007a3900000, 0x00000007a3d3c9d0, 0x00000007a3e00000)
  to   space 5120K,   0% used [0x00000007a3400000, 0x00000007a3400000, 0x00000007a3900000)
 concurrent mark-sweep generation total 460800K, used 125904K [0x00000007a3e00000, 0x00000007c0000000, 0x00000007c0000000)
 Metaspace       used 50386K, capacity 53371K, committed 53632K, reserved 1095680K
  class space    used 6738K, capacity 7326K, committed 7360K, reserved 1048576K
}
2021-01-18T07:39:30.046-0100: 1075,182: Total time for which application threads were stopped: 0,0022557 seconds, Stopping threads took: 0,0000324 seconds
2021-01-18T07:39:33.046-0100: 1078,182: Total time for which application threads were stopped: 0,0001641 seconds, Stopping threads took: 0,0000382 seconds
{Heap before GC invocations=51 (full 2):
 par new generation   total 46080K, used 45298K [0x00000007a0c00000, 0x00000007a3e00000, 0x00000007a3e00000)
  eden space 40960K, 100% used [0x00000007a0c00000, 0x00000007a3400000, 0x00000007a3400000)
  from space 5120K,  84% used [0x00000007a3900000, 0x00000007a3d3c9d0, 0x00000007a3e00000)
  to   space 5120K,   0% used [0x00000007a3400000, 0x00000007a3400000, 0x00000007a3900000)
 concurrent mark-sweep generation total 460800K, used 125904K [0x00000007a3e00000, 0x00000007c0000000, 0x00000007c0000000)
 Metaspace       used 50387K, capacity 53371K, committed 53632K, reserved 1095680K
  class space    used 6738K, capacity 7326K, committed 7360K, reserved 1048576K
2021-01-18T07:39:34.842-0100: 1079,979: [GC (Allocation Failure) 2021-01-18T07:39:34.843-0100: 1079,979: [ParNew
Desired survivor size 2621440 bytes, new threshold 1 (max 1)
- age   1:    4348144 bytes,    4348144 total
: 45298K->4314K(46080K), 0,0015716 secs] 171203K->131279K(506880K), 0,0017978 secs] [Times: user=0,02 sys=0,00, real=0,00 secs] 
Heap after GC invocations=52 (full 2):
 par new generation   total 46080K, used 4314K [0x00000007a0c00000, 0x00000007a3e00000, 0x00000007a3e00000)
  eden space 40960K,   0% used [0x00000007a0c00000, 0x00000007a0c00000, 0x00000007a3400000)
  from space 5120K,  84% used [0x00000007a3400000, 0x00000007a3836840, 0x00000007a3900000)
  to   space 5120K,   0% used [0x00000007a3900000, 0x00000007a3900000, 0x00000007a3e00000)
 concurrent mark-sweep generation total 460800K, used 126965K [0x00000007a3e00000, 0x00000007c0000000, 0x00000007c0000000)
 Metaspace       used 50387K, capacity 53371K, committed 53632K, reserved 1095680K
  class space    used 6738K, capacity 7326K, committed 7360K, reserved 1048576K
}
2021-01-18T07:39:34.844-0100: 1079,981: Total time for which application threads were stopped: 0,0020677 seconds, Stopping threads took: 0,0000315 seconds
2021-01-18T07:39:35.845-0100: 1080,981: Total time for which application threads were stopped: 0,0001605 seconds, Stopping threads took: 0,0000322 seconds
2021-01-18T07:39:36.845-0100: 1081,981: Total time for which application threads were stopped: 0,0002021 seconds, Stopping threads took: 0,0000516 seconds
2021-01-18T07:39:37.846-0100: 1082,982: Total time for which application threads were stopped: 0,0001766 seconds, Stopping threads took: 0,0000390 seconds
2021-01-18T07:39:38.846-0100: 1083,983: Total time for which application threads were stopped: 0,0001682 seconds, Stopping threads took: 0,0000333 seconds
{Heap before GC invocations=52 (full 2):
 par new generation   total 46080K, used 45274K [0x00000007a0c00000, 0x00000007a3e00000, 0x00000007a3e00000)
  eden space 40960K, 100% used [0x00000007a0c00000, 0x00000007a3400000, 0x00000007a3400000)
  from space 5120K,  84% used [0x00000007a3400000, 0x00000007a3836840, 0x00000007a3900000)
  to   space 5120K,   0% used [0x00000007a3900000, 0x00000007a3900000, 0x00000007a3e00000)
 concurrent mark-sweep generation total 460800K, used 126965K [0x00000007a3e00000, 0x00000007c0000000, 0x00000007c0000000)
 Metaspace       used 50392K, capacity 53371K, committed 53632K, reserved 1095680K
  class space    used 6738K, capacity 7326K, committed 7360K, reserved 1048576K
2021-01-18T07:39:39.755-0100: 1084,892: [GC (Allocation Failure) 2021-01-18T07:39:39.756-0100: 1084,892: [ParNew
Desired survivor size 2621440 bytes, new threshold 1 (max 1)
- age   1:    4338184 bytes,    4338184 total
: 45274K->4293K(46080K), 0,0015185 secs] 172239K->132314K(506880K), 0,0018576 secs] [Times: user=0,02 sys=0,00, real=0,00 secs] 
Heap after GC invocations=53 (full 2):
 par new generation   total 46080K, used 4293K [0x00000007a0c00000, 0x00000007a3e00000, 0x00000007a3e00000)
  eden space 40960K,   0% used [0x00000007a0c00000, 0x00000007a0c00000, 0x00000007a3400000)
  from space 5120K,  83% used [0x00000007a3900000, 0x00000007a3d31438, 0x00000007a3e00000)
  to   space 5120K,   0% used [0x00000007a3400000, 0x00000007a3400000, 0x00000007a3900000)
 concurrent mark-sweep generation total 460800K, used 128021K [0x00000007a3e00000, 0x00000007c0000000, 0x00000007c0000000)
 Metaspace       used 50392K, capacity 53371K, committed 53632K, reserved 1095680K
  class space    used 6738K, capacity 7326K, committed 7360K, reserved 1048576K
}
2021-01-18T07:39:39.757-0100: 1084,894: Total time for which application threads were stopped: 0,0021206 seconds, Stopping threads took: 0,0000338 seconds
2021-01-18T07:39:43.758-0100: 1088,894: Total time for which application threads were stopped: 0,0001627 seconds, Stopping threads took: 0,0000325 seconds
{Heap before GC invocations=53 (full 2):
 par new generation   total 46080K, used 45253K [0x00000007a0c00000, 0x00000007a3e00000, 0x00000007a3e00000)
  eden space 40960K, 100% used [0x00000007a0c00000, 0x00000007a3400000, 0x00000007a3400000)
  from space 5120K,  83% used [0x00000007a3900000, 0x00000007a3d31438, 0x00000007a3e00000)
  to   space 5120K,   0% used [0x00000007a3400000, 0x00000007a3400000, 0x00000007a3900000)
 concurrent mark-sweep generation total 460800K, used 128021K [0x00000007a3e00000, 0x00000007c0000000, 0x00000007c0000000)
 Metaspace       used 50394K, capacity 53371K, committed 53632K, reserved 1095680K
  class space    used 6738K, capacity 7326K, committed 7360K, reserved 1048576K
2021-01-18T07:39:44.652-0100: 1089,788: [GC (Allocation Failure) 2021-01-18T07:39:44.652-0100: 1089,788: [ParNew
Desired survivor size 2621440 bytes, new threshold 1 (max 1)
- age   1:    4329184 bytes,    4329184 total
: 45253K->4296K(46080K), 0,0013507 secs] 173274K->133373K(506880K), 0,0014354 secs] [Times: user=0,02 sys=0,00, real=0,00 secs] 
Heap after GC invocations=54 (full 2):
 par new generation   total 46080K, used 4296K [0x00000007a0c00000, 0x00000007a3e00000, 0x00000007a3e00000)
  eden space 40960K,   0% used [0x00000007a0c00000, 0x00000007a0c00000, 0x00000007a3400000)
  from space 5120K,  83% used [0x00000007a3400000, 0x00000007a3832160, 0x00000007a3900000)
  to   space 5120K,   0% used [0x00000007a3900000, 0x00000007a3900000, 0x00000007a3e00000)
 concurrent mark-sweep generation total 460800K, used 129077K [0x00000007a3e00000, 0x00000007c0000000, 0x00000007c0000000)
 Metaspace       used 50394K, capacity 53371K, committed 53632K, reserved 1095680K
  class space    used 6738K, capacity 7326K, committed 7360K, reserved 1048576K
}
2021-01-18T07:39:44.653-0100: 1089,789: Total time for which application threads were stopped: 0,0017133 seconds, Stopping threads took: 0,0000322 seconds
2021-01-18T07:39:45.654-0100: 1090,790: Total time for which application threads were stopped: 0,0001693 seconds, Stopping threads took: 0,0000410 seconds
2021-01-18T07:39:47.655-0100: 1092,791: Total time for which application threads were stopped: 0,0001626 seconds, Stopping threads took: 0,0000339 seconds
2021-01-18T07:39:48.655-0100: 1093,791: Total time for which application threads were stopped: 0,0001586 seconds, Stopping threads took: 0,0000346 seconds
{Heap before GC invocations=54 (full 2):
 par new generation   total 46080K, used 45256K [0x00000007a0c00000, 0x00000007a3e00000, 0x00000007a3e00000)
  eden space 40960K, 100% used [0x00000007a0c00000, 0x00000007a3400000, 0x00000007a3400000)
  from space 5120K,  83% used [0x00000007a3400000, 0x00000007a3832160, 0x00000007a3900000)
  to   space 5120K,   0% used [0x00000007a3900000, 0x00000007a3900000, 0x00000007a3e00000)
 concurrent mark-sweep generation total 460800K, used 129077K [0x00000007a3e00000, 0x00000007c0000000, 0x00000007c0000000)
 Metaspace       used 50399K, capacity 53371K, committed 53632K, reserved 1095680K
  class space    used 6738K, capacity 7326K, committed 7360K, reserved 1048576K
2021-01-18T07:39:49.600-0100: 1094,737: [GC (Allocation Failure) 2021-01-18T07:39:49.601-0100: 1094,737: [ParNew
Desired survivor size 2621440 bytes, new threshold 1 (max 1)
- age   1:    4331320 bytes,    4331320 total
: 45256K->4297K(46080K), 0,0013149 secs] 174333K->134431K(506880K), 0,0016812 secs] [Times: user=0,01 sys=0,00, real=0,00 secs] 
Heap after GC invocations=55 (full 2):
 par new generation   total 46080K, used 4297K [0x00000007a0c00000, 0x00000007a3e00000, 0x00000007a3e00000)
  eden space 40960K,   0% used [0x00000007a0c00000, 0x00000007a0c00000, 0x00000007a3400000)
  from space 5120K,  83% used [0x00000007a3900000, 0x00000007a3d32660, 0x00000007a3e00000)
  to   space 5120K,   0% used [0x00000007a3400000, 0x00000007a3400000, 0x00000007a3900000)
 concurrent mark-sweep generation total 460800K, used 130133K [0x00000007a3e00000, 0x00000007c0000000, 0x00000007c0000000)
 Metaspace       used 50399K, capacity 53371K, committed 53632K, reserved 1095680K
  class space    used 6738K, capacity 7326K, committed 7360K, reserved 1048576K
}
2021-01-18T07:39:49.602-0100: 1094,738: Total time for which application threads were stopped: 0,0019346 seconds, Stopping threads took: 0,0000333 seconds
{Heap before GC invocations=55 (full 2):
 par new generation   total 46080K, used 45257K [0x00000007a0c00000, 0x00000007a3e00000, 0x00000007a3e00000)
  eden space 40960K, 100% used [0x00000007a0c00000, 0x00000007a3400000, 0x00000007a3400000)
  from space 5120K,  83% used [0x00000007a3900000, 0x00000007a3d32660, 0x00000007a3e00000)
  to   space 5120K,   0% used [0x00000007a3400000, 0x00000007a3400000, 0x00000007a3900000)
 concurrent mark-sweep generation total 460800K, used 130133K [0x00000007a3e00000, 0x00000007c0000000, 0x00000007c0000000)
 Metaspace       used 50405K, capacity 53371K, committed 53632K, reserved 1095680K
  class space    used 6738K, capacity 7326K, committed 7360K, reserved 1048576K
2021-01-18T07:39:54.511-0100: 1099,647: [GC (Allocation Failure) 2021-01-18T07:39:54.511-0100: 1099,647: [ParNew
Desired survivor size 2621440 bytes, new threshold 1 (max 1)
- age   1:    4321560 bytes,    4321560 total
: 45257K->4296K(46080K), 0,0014674 secs] 175391K->135487K(506880K), 0,0015763 secs] [Times: user=0,01 sys=0,00, real=0,00 secs] 
Heap after GC invocations=56 (full 2):
 par new generation   total 46080K, used 4296K [0x00000007a0c00000, 0x00000007a3e00000, 0x00000007a3e00000)
  eden space 40960K,   0% used [0x00000007a0c00000, 0x00000007a0c00000, 0x00000007a3400000)
  from space 5120K,  83% used [0x00000007a3400000, 0x00000007a3832318, 0x00000007a3900000)
  to   space 5120K,   0% used [0x00000007a3900000, 0x00000007a3900000, 0x00000007a3e00000)
 concurrent mark-sweep generation total 460800K, used 131190K [0x00000007a3e00000, 0x00000007c0000000, 0x00000007c0000000)
 Metaspace       used 50405K, capacity 53371K, committed 53632K, reserved 1095680K
  class space    used 6738K, capacity 7326K, committed 7360K, reserved 1048576K
}
2021-01-18T07:39:54.512-0100: 1099,649: Total time for which application threads were stopped: 0,0018546 seconds, Stopping threads took: 0,0000346 seconds
2021-01-18T07:39:55.513-0100: 1100,649: Total time for which application threads were stopped: 0,0001634 seconds, Stopping threads took: 0,0000356 seconds
2021-01-18T07:39:58.513-0100: 1103,649: Total time for which application threads were stopped: 0,0001663 seconds, Stopping threads took: 0,0000387 seconds
{Heap before GC invocations=56 (full 2):
 par new generation   total 46080K, used 45256K [0x00000007a0c00000, 0x00000007a3e00000, 0x00000007a3e00000)
  eden space 40960K, 100% used [0x00000007a0c00000, 0x00000007a3400000, 0x00000007a3400000)
  from space 5120K,  83% used [0x00000007a3400000, 0x00000007a3832318, 0x00000007a3900000)
  to   space 5120K,   0% used [0x00000007a3900000, 0x00000007a3900000, 0x00000007a3e00000)
 concurrent mark-sweep generation total 460800K, used 131190K [0x00000007a3e00000, 0x00000007c0000000, 0x00000007c0000000)
 Metaspace       used 50407K, capacity 53371K, committed 53632K, reserved 1095680K
  class space    used 6738K, capacity 7326K, committed 7360K, reserved 1048576K
2021-01-18T07:39:59.355-0100: 1104,491: [GC (Allocation Failure) 2021-01-18T07:39:59.355-0100: 1104,491: [ParNew
Desired survivor size 2621440 bytes, new threshold 1 (max 1)
- age   1:    4342824 bytes,    4342824 total
: 45256K->4285K(46080K), 0,0015350 secs] 176447K->136532K(506880K), 0,0019053 secs] [Times: user=0,02 sys=0,00, real=0,00 secs] 
Heap after GC invocations=57 (full 2):
 par new generation   total 46080K, used 4285K [0x00000007a0c00000, 0x00000007a3e00000, 0x00000007a3e00000)
  eden space 40960K,   0% used [0x00000007a0c00000, 0x00000007a0c00000, 0x00000007a3400000)
  from space 5120K,  83% used [0x00000007a3900000, 0x00000007a3d2f780, 0x00000007a3e00000)
  to   space 5120K,   0% used [0x00000007a3400000, 0x00000007a3400000, 0x00000007a3900000)
 concurrent mark-sweep generation total 460800K, used 132246K [0x00000007a3e00000, 0x00000007c0000000, 0x00000007c0000000)
 Metaspace       used 50407K, capacity 53371K, committed 53632K, reserved 1095680K
  class space    used 6738K, capacity 7326K, committed 7360K, reserved 1048576K
}
2021-01-18T07:39:59.357-0100: 1104,493: Total time for which application threads were stopped: 0,0021687 seconds, Stopping threads took: 0,0000341 seconds
2021-01-18T07:40:03.358-0100: 1108,495: Total time for which application threads were stopped: 0,0002563 seconds, Stopping threads took: 0,0000745 seconds
2021-01-18T07:40:17.367-0100: 1122,503: Total time for which application threads were stopped: 0,0001850 seconds, Stopping threads took: 0,0000356 seconds
2021-01-18T07:40:18.367-0100: 1123,504: Total time for which application threads were stopped: 0,0001902 seconds, Stopping threads took: 0,0000386 seconds
2021-01-18T07:40:56.391-0100: 1161,528: Total time for which application threads were stopped: 0,0004343 seconds, Stopping threads took: 0,0001110 seconds
2021-01-18T07:41:08.401-0100: 1173,538: Total time for which application threads were stopped: 0,0003718 seconds, Stopping threads took: 0,0000674 seconds
2021-01-18T07:41:37.420-0100: 1202,556: Total time for which application threads were stopped: 0,0002584 seconds, Stopping threads took: 0,0000495 seconds
2021-01-18T07:41:50.428-0100: 1215,564: Total time for which application threads were stopped: 0,0003706 seconds, Stopping threads took: 0,0000782 seconds
2021-01-18T07:41:56.433-0100: 1221,570: Total time for which application threads were stopped: 0,0003681 seconds, Stopping threads took: 0,0000660 seconds
2021-01-18T07:41:58.435-0100: 1223,571: Total time for which application threads were stopped: 0,0003462 seconds, Stopping threads took: 0,0000589 seconds
2021-01-18T07:42:11.443-0100: 1236,579: Total time for which application threads were stopped: 0,0002077 seconds, Stopping threads took: 0,0000423 seconds
2021-01-18T07:42:52.462-0100: 1277,599: Total time for which application threads were stopped: 0,0003277 seconds, Stopping threads took: 0,0000747 seconds
2021-01-18T07:42:53.463-0100: 1278,599: Total time for which application threads were stopped: 0,0002822 seconds, Stopping threads took: 0,0000814 seconds
2021-01-18T07:42:54.317-0100: 1279,453: Total time for which application threads were stopped: 0,0010638 seconds, Stopping threads took: 0,0000379 seconds
2021-01-18T07:42:55.317-0100: 1280,454: Total time for which application threads were stopped: 0,0002464 seconds, Stopping threads took: 0,0000457 seconds
2021-01-18T07:42:56.317-0100: 1281,454: Total time for which application threads were stopped: 0,0001784 seconds, Stopping threads took: 0,0000329 seconds
2021-01-18T07:42:57.318-0100: 1282,454: Total time for which application threads were stopped: 0,0002852 seconds, Stopping threads took: 0,0000796 seconds
2021-01-18T07:43:00.319-0100: 1285,456: Total time for which application threads were stopped: 0,0002667 seconds, Stopping threads took: 0,0000459 seconds
2021-01-18T07:43:01.320-0100: 1286,457: Total time for which application threads were stopped: 0,0003823 seconds, Stopping threads took: 0,0001348 seconds
2021-01-18T07:43:02.320-0100: 1287,457: Total time for which application threads were stopped: 0,0002148 seconds, Stopping threads took: 0,0000416 seconds
2021-01-18T07:43:10.324-0100: 1295,461: Total time for which application threads were stopped: 0,0002965 seconds, Stopping threads took: 0,0000777 seconds
2021-01-18T07:43:11.325-0100: 1296,462: Total time for which application threads were stopped: 0,0003746 seconds, Stopping threads took: 0,0000645 seconds
2021-01-18T07:43:17.331-0100: 1302,468: Total time for which application threads were stopped: 0,0003974 seconds, Stopping threads took: 0,0000633 seconds
2021-01-18T07:43:18.332-0100: 1303,469: Total time for which application threads were stopped: 0,0003856 seconds, Stopping threads took: 0,0000719 seconds
2021-01-18T07:43:23.336-0100: 1308,472: Total time for which application threads were stopped: 0,0003659 seconds, Stopping threads took: 0,0000634 seconds
2021-01-18T07:43:25.338-0100: 1310,474: Total time for which application threads were stopped: 0,0003815 seconds, Stopping threads took: 0,0000700 seconds
2021-01-18T07:43:26.339-0100: 1311,476: Total time for which application threads were stopped: 0,0004376 seconds, Stopping threads took: 0,0000679 seconds
2021-01-18T07:43:27.340-0100: 1312,476: Total time for which application threads were stopped: 0,0003732 seconds, Stopping threads took: 0,0000664 seconds
2021-01-18T07:43:28.341-0100: 1313,478: Total time for which application threads were stopped: 0,0003720 seconds, Stopping threads took: 0,0000653 seconds
2021-01-18T07:43:34.346-0100: 1319,483: Total time for which application threads were stopped: 0,0002644 seconds, Stopping threads took: 0,0000505 seconds
2021-01-18T07:43:38.348-0100: 1323,485: Total time for which application threads were stopped: 0,0003780 seconds, Stopping threads took: 0,0000643 seconds
2021-01-18T07:43:41.352-0100: 1326,488: Total time for which application threads were stopped: 0,0003767 seconds, Stopping threads took: 0,0000643 seconds
2021-01-18T07:43:43.353-0100: 1328,490: Total time for which application threads were stopped: 0,0003680 seconds, Stopping threads took: 0,0000617 seconds
2021-01-18T07:43:48.356-0100: 1333,493: Total time for which application threads were stopped: 0,0003782 seconds, Stopping threads took: 0,0000661 seconds
2021-01-18T07:43:52.360-0100: 1337,496: Total time for which application threads were stopped: 0,0003687 seconds, Stopping threads took: 0,0000658 seconds
2021-01-18T07:43:54.361-0100: 1339,497: Total time for which application threads were stopped: 0,0002588 seconds, Stopping threads took: 0,0000469 seconds
2021-01-18T07:43:55.361-0100: 1340,498: Total time for which application threads were stopped: 0,0002947 seconds, Stopping threads took: 0,0000758 seconds
2021-01-18T07:43:56.362-0100: 1341,499: Total time for which application threads were stopped: 0,0003815 seconds, Stopping threads took: 0,0000644 seconds
2021-01-18T07:44:00.366-0100: 1345,502: Total time for which application threads were stopped: 0,0003882 seconds, Stopping threads took: 0,0000681 seconds
2021-01-18T07:44:01.367-0100: 1346,504: Total time for which application threads were stopped: 0,0003799 seconds, Stopping threads took: 0,0000755 seconds
2021-01-18T07:44:06.371-0100: 1351,508: Total time for which application threads were stopped: 0,0002624 seconds, Stopping threads took: 0,0000461 seconds
2021-01-18T07:44:14.377-0100: 1359,513: Total time for which application threads were stopped: 0,0002934 seconds, Stopping threads took: 0,0000486 seconds
2021-01-18T07:44:22.382-0100: 1367,519: Total time for which application threads were stopped: 0,0002227 seconds, Stopping threads took: 0,0000397 seconds
2021-01-18T07:44:28.386-0100: 1373,522: Total time for which application threads were stopped: 0,0001670 seconds, Stopping threads took: 0,0000358 seconds
{Heap before GC invocations=57 (full 2):
 par new generation   total 46080K, used 45245K [0x00000007a0c00000, 0x00000007a3e00000, 0x00000007a3e00000)
  eden space 40960K, 100% used [0x00000007a0c00000, 0x00000007a3400000, 0x00000007a3400000)
  from space 5120K,  83% used [0x00000007a3900000, 0x00000007a3d2f780, 0x00000007a3e00000)
  to   space 5120K,   0% used [0x00000007a3400000, 0x00000007a3400000, 0x00000007a3900000)
 concurrent mark-sweep generation total 460800K, used 132246K [0x00000007a3e00000, 0x00000007c0000000, 0x00000007c0000000)
 Metaspace       used 50578K, capacity 53571K, committed 53632K, reserved 1095680K
  class space    used 6753K, capacity 7342K, committed 7360K, reserved 1048576K
2021-01-18T07:44:32.536-0100: 1377,673: [GC (Allocation Failure) 2021-01-18T07:44:32.536-0100: 1377,673: [ParNew
Desired survivor size 2621440 bytes, new threshold 1 (max 1)
- age   1:     215968 bytes,     215968 total
: 45245K->273K(46080K), 0,0022956 secs] 177492K->132548K(506880K), 0,0023960 secs] [Times: user=0,02 sys=0,00, real=0,00 secs] 
